This is a multi-thread run using 10 threads
/users/PAS0291/aniketmandal95/qctrunk2/exe/qcprog.exe .Cl_at.in.123287.qcin.1 /tmp/slurmtmp.31449060/qchem123287/

                  Welcome to Q-Chem
     A Quantum Leap Into The Future Of Chemistry


 Q-Chem 6.2 (devel), Q-Chem, Inc., Pleasanton, CA (2024)

 E. Epifanovsky,  A. T. B. Gilbert,  Xintian Feng,  Joonho Lee,  Yuezhi Mao,  
 N. Mardirossian,  P. Pokhilko,  A. White,  M. Wormit,  M. P. Coons,  
 A. L. Dempwolff,  Zhengting Gan,  D. Hait,  P. R. Horn,  L. D. Jacobson,  
 I. Kaliman,  J. Kussmann,  A. W. Lange,  Ka Un Lao,  D. S. Levine,  Jie Liu,  
 S. C. McKenzie,  A. F. Morrison,  K. D. Nanda,  F. Plasser,  D. R. Rehn,  
 M. L. Vidal,  Zhi-Qiang You,  Ying Zhu,  Huseyin Aksu,  B. Alam,  
 B. Albrecht,  A. Aldossary,  E. Alguire,  J. H. Andersen,  
 J. E. Arias-Martinez,  V. Athavale,  D. Barton,  K. Begam,  A. Behn,  
 N. Bellonzi,  Y. A. Bernard,  E. J. Berquist,  H. Burton,  A. Carreras,  
 K. Carter-Fenk,  Mathew Chow,  Romit Chakraborty,  Chandrima Chakravarty,  
 Junhan Chen,  A. D. Chien,  K. D. Closser,  V. Cofer-Shabica,  L. Cunha,  
 S. Dasgupta,  Jia Deng,  Joseph Dickinson,  M. de Wergifosse,  
 M. Diedenhofen,  Hainam Do,  Wenjie Dou,  S. Ehlert,  Po-Tung Fang,  
 S. Fatehi,  Qingguo Feng,  Jonathan Fetherolf,  T. Friedhoff,  
 Thomas Froitzheim,  Sarai Folkestad,  B. Ganoe,  J. Gayvert,  Qinghui Ge,  
 G. Gidofalvi,  M. Gimferrer,  M. Goldey,  Montgomery Gray,  J. Gomes,  
 C. Gonzalez-Espinoza,  S. Gulania,  A. Gunina,  J. A. Gyamfi,  
 M. W. D. Hanson-Heine,  P. H. P. Harbach,  A. W. Hauser,  M. F. Herbst,  
 M. Hernandez Vera,  M. Hodecker,  Z. C. Holden,  S. Houck,  Xunkun Huang,  
 Kerwin Hui,  B. C. Huynh,  K. Ikeda,  M. Ivanov,  Nayanthara K. Jayadev,  
 Hyunjun Ji,  Zuxin Jin,  Hanjie Jiang,  Subrata Jana,  B. Kaduk,  
 S. Kaehler,  R. Kang,  K. Khistyaev,  Jaehoon Kim,  Yongbin Kim,  
 P. Klunzinger,  Z. Koczor-Benda,  Joong Hoon Koh,  D. Kosenkov,  
 Saikiran Kotaru,  L. Koulias,  T. Kowalczyk,  C. M. Krauter,  K. Kue,  
 A. Kunitsa,  T. Kus,  A. Landau,  K. V. Lawler,  D. Lefrancois,  S. Lehtola,  
 Rain Li,  Shaozhi Li,  Tao E. Li,  Yi-Pei Li,  Jiashu Liang,  M. Liebenthal,  
 Hung-Hsuan Lin,  You-Sheng Lin,  Fenglai Liu,  Kuan-Yu Liu,  Xiao Liu,  
 M. Loipersberger,  A. Luenser,  C. Malbon,  Aniket Mandal,  Manisha,  
 A. Manjanath,  P. Manohar,  E. Mansoor,  S. F. Manzer,  Shan-Ping Mao,  
 A. V. Marenich,  T. Markovich,  S. Mason,  F. Matz,  S. A. Maurer,  
 Samuel May,  Alexandra McIsaac,  P. F. McLaughlin,  M. F. S. J. Menger,  
 J.-M. Mewes,  S. A. Mewes,  P. Morgante,  Mohammad Mostafanejad,  
 Madhubani Mukherjee,  J. W. Mullinax,  Quyen Nguyen,  Avik Kumar Ojha,  
 K. J. Oosterbaan,  Eno Paenurk,  Xiaoliang Pan,  G. Paran,  V. Parravicini,  
 Alexander C. Paul,  Suranjan K. Paul,  F. Pavosevic,  Zheng Pei,  S. Prager,  
 E. I. Proynov,  E. Ramos,  B. Rana,  A. E. Rask,  A. Rettig,  R. M. Richard,  
 F. Rob,  E. Rossomme,  T. Scheele,  M. Scheurer,  M. Schneider,  
 P. E. Schneider,  Tim K. Schramm,  N. Sergueev,  S. M. Sharada,  
 Hengyuan Shen,  W. Skomorowski,  D. W. Small,  C. J. Stein,  
 Alistair J. Sterling,  Yingli Su,  Yu-Chuan Su,  E. J. Sundstrom,  
 J. Talbot,  Zhen Tao,  J. Thirman,  Hung-Yi Tsai,  T. Tsuchimochi,  
 N. M. Tubman,  C. Utku,  S. P. Veccham,  O. Vydrov,  Rahel Weiss,  
 J. Wenzel,  Jonathan Wong,  J. Witte,  H. Wu,  Yanze Wu,  A. Yamada,  
 Chou-Hsun Yang,  Kun Yao,  S. Yeganeh,  S. R. Yost,  Qi Yu,  A. Zech,  
 F. Zeller,  Chongxiao Zhao,  Igor Ying Zhang,  Xing Zhang,  Yu Zhang,  
 D. Zuev,  A. Aspuru-Guzik,  A. T. Bell,  N. A. Besley,  K. B. Bravaya,  
 B. R. Brooks,  D. Casanova,  Jeng-Da Chai,  Hsing-Ta Chen,  S. Coriani,  
 C. J. Cramer,  A. E. DePrince, III,  R. A. DiStasio Jr.,  A. Dreuw,  
 B. D. Dunietz,  T. R. Furlani,  W. A. Goddard III,  S. Grimme,  
 S. Hammes-Schiffer,  T. Head-Gordon,  W. J. Hehre,  Chao-Ping Hsu,  
 T.-C. Jagau,  Yousung Jung,  A. Klamt,  Jing Kong,  D. S. Lambrecht,  
 Xiangyuan Li,  WanZhen Liang,  N. J. Mayhall,  C. W. McCurdy,  J. B. Neaton,  
 T. Neudecker,  C. Ochsenfeld,  J. A. Parkhill,  R. Peverati,  
 V. A. Rassolov,  Haisheng Ren,  Yihan Shao,  L. V. Slipchenko,  
 R. P. Steele,  J. E. Subotnik,  A. J. W. Thom,  A. Tkatchenko,  
 D. G. Truhlar,  T. Van Voorhis,  Fan Wang,  T. A. Wesolowski,  K. B. Whaley,  
 H. L. Woodcock III,  P. M. Zimmerman,  S. Faraji,  P. M. W. Gill,  
 M. Head-Gordon,  J. M. Herbert,  A. I. Krylov

 Contributors to earlier versions of Q-Chem not listed above: 
 R. D. Adamson,  B. Austin,  R. Baer,  J. Baker,  G. J. O. Beran,  
 K. Brandhorst,  S. T. Brown,  E. F. C. Byrd,  Arup K. Chakraborty,  
 G. K. L. Chan,  Chun-Min Chang,  Yunqing Chen,  C.-L. Cheng,  
 Siu Hung Chien,  D. M. Chipman,  D. L. Crittenden,  H. Dachsel,  
 R. J. Doerksen,  A. D. Dutoi,  R. G. Edgar,  J. Fosso-Tande,  
 L. Fusti-Molnar,  D. Ghosh,  A. Ghysels,  A. Golubeva-Zadorozhnaya,  
 J. Gonthier,  M. S. Gordon,  S. R. Gwaltney,  G. Hawkins,  J. E. Herr,  
 A. Heyden,  S. Hirata,  E. G. Hohenstein,  G. Kedziora,  F. J. Keil,  
 C. Kelley,  Jihan Kim,  R. A. King,  R. Z. Khaliullin,  P. P. Korambath,  
 W. Kurlancheek,  A. Laurent,  A. M. Lee,  M. S. Lee,  S. V. Levchenko,  
 Ching Yeh Lin,  D. Liotard,  E. Livshits,  R. C. Lochan,  I. Lotan,  
 L. A. Martinez-Martinez,  P. E. Maslen,  N. Nair,  D. P. O'Neill,  
 D. Neuhauser,  E. Neuscamman,  C. M. Oana,  R. Olivares-Amaya,  R. Olson,  
 T. M. Perrine,  B. Peters,  P. A. Pieniazek,  A. Prociuk,  Y. M. Rhee,  
 J. Ritchie,  M. A. Rohrdanz,  E. Rosta,  N. J. Russ,  H. F. Schaefer III,  
 M. W. Schmidt,  N. E. Schultz,  S. Sharma,  N. Shenvi,  C. D. Sherrill,  
 A. C. Simmonett,  A. Sodt,  T. Stein,  D. Stuck,  K. S. Thanthiriwatte,  
 V. Vanovschi,  L. Vogt,  Tao Wang,  A. Warshel,  M. A. Watson,  
 C. F. Williams,  Q. Wu,  X. Xu,  Jun Yang,  W. Zhang,  Yan Zhao

   Please cite Q-Chem as follows:
  "Software for the frontiers of quantum chemistry:
   An overview of developments in the Q-Chem 5 package"
   J. Chem. Phys. 155, 084801 (2021)
   https://doi.org/10.1063/5.0055522 (open access)

 Q-Chem 6.2.0 for Intel X86 EM64T Linux

 Parts of Q-Chem use Armadillo 9.900.5 (Nocturnal Misbehaviour).
 http://arma.sourceforge.net/

 Q-Chem begins on Sat Sep 14 20:03:11 2024  

 Host: p0168.ten.osc.edu
0

     Scratch files written to /tmp/slurmtmp.31449060/qchem123287//
 Processing $rem in /users/PAS0291/aniketmandal95/qctrunk2/config/preferences:
 Processing $rem in /users/PAS0291/aniketmandal95/.qchemrc:

 Checking the input file for inconsistencies... 	...done.

--------------------------------------------------------------
User input:
--------------------------------------------------------------
$molecule
0 2
  Cl   -2.6640174    1.8554498    0.0000000
$end




$rem 
method = rSCAN
basis = aug-cc-pvtz
scf_algorithm = gdm
thresh = 14
max_scf_cycles = 200
$end

--------------------------------------------------------------
 ----------------------------------------------------------------
             Standard Nuclear Orientation (Angstroms)
    I     Atom           X                Y                Z
 ----------------------------------------------------------------
    1      Cl      0.0000000000     0.0000000000     0.0000000000
 ----------------------------------------------------------------
 Molecular Point Group                 Kh    NOp =***
 Largest Abelian Subgroup              D2h   NOp =  1
 Nuclear Repulsion Energy =           0.00000000 hartrees
 There are        9 alpha and        8 beta electrons
 Requested basis set is aug-cc-pVTZ
 There are 16 shells and 50 basis functions

 Total QAlloc Memory Limit   2000 MB
 Mega-Array Size       188 MB
 MEM_STATIC part       192 MB

 A cutoff of  1.0D-14 yielded    136 shell pairs
 There are      1362 function pairs (      1920 Cartesian)
 Smallest overlap matrix eigenvalue = 1.23E-02

 Scale SEOQF with 1.000000e-01/1.000000e-01/1.000000e-01

 Standard Electronic Orientation quadrupole field applied
 Guess from superposition of atomic densities
 Warning:  Energy on first SCF cycle will be non-variational
 SAD guess density has 17.000000 electrons

 -----------------------------------------------------------------------
  General SCF calculation program by
  Eric Jon Sundstrom, Paul Horn, Yuezhi Mao, Dmitri Zuev, Alec White,
  David Stuck, Shaama M.S., Shane Yost, Joonho Lee, David Small,
  Daniel Levine, Susi Lehtola, Hugh Burton, Evgeny Epifanovsky,
  Bang C. Huynh
 -----------------------------------------------------------------------
 Exchange:  regSCAN      Correlation:  regSCAN
 Using SG-2 standard quadrature grid
 using 10 threads for integral computing
 -------------------------------------------------------
 OpenMP Integral computing Module                
 Release: version 1.0, May 2013, Q-Chem Inc. Pittsburgh 
 -------------------------------------------------------
 A unrestricted SCF calculation will be
 performed using Roothaan-Hall, GDM
 SCF converges when RMS gradient is below 1.0e-05
 ---------------------------------------
  Cycle       Energy         DIIS error
 ---------------------------------------
    1    -460.1716491174      3.75e-03  Roothaan Step
 ---------------------------------------
  Cycle       Energy        RMS Gradient
 ---------------------------------------
    1    -460.2001461538      4.19e-02   Normal BFGS step
    2    -460.2049343326      7.76e-03   Normal BFGS step
    3    -460.2051043555      1.51e-03   Normal BFGS step
    4    -460.2051101176      8.19e-04   Normal BFGS step
    5    -460.2051122796      1.78e-05   Normal BFGS step
    6    -460.2051122806      1.48e-06  Convergence criterion met
 ---------------------------------------
 SCF time:   CPU 12.53s  wall 2.00s 
<S^2> =          0.755853589
 SCF   energy =  -460.20511228
 Total energy =  -460.20511228

 Q-Chem warning in module 0, line  204:

 Quadrupole field failed to resolve orbital degeneracies.


 Q-Chem warning in module 0, line  204:

 Quadrupole field failed to resolve orbital degeneracies.

 
 --------------------------------------------------------------
 
                    Orbital Energies (a.u.)
 --------------------------------------------------------------
 
 Alpha MOs
 -- Occupied --
 -101.26457    -9.42403    -7.18392    -7.16070    -7.16070    -0.81290
   -0.39247    -0.32884    -0.32884
 -- Virtual --
    0.05278     0.07284     0.07717     0.07717     0.19436     0.20059
    0.20059     0.22244     0.22244     0.46310     0.48750     0.48750
    0.66349     0.67269     0.67269     0.70250     0.70250     0.70315
    0.98078     0.98311     0.98311     0.99406     0.99406     1.01488
    1.01488     2.14100     2.15061     2.15061     2.19055     2.19055
    2.27627     2.32312     2.32312     2.70037     2.70610     2.70610
    2.72382     2.72382     2.75847     2.75847     4.63789
 
 Beta MOs
 -- Occupied --
 -101.25688    -9.41891    -7.16382    -7.15681    -7.15681    -0.75102
   -0.31292    -0.31292
 -- Virtual --
   -0.26885     0.05632     0.07670     0.07670     0.07832     0.21887
    0.21888     0.22589     0.22589     0.23773     0.48686     0.48686
    0.49970     0.70181     0.70182     0.70540     0.70540     0.71965
    0.73082     1.00143     1.00143     1.00489     1.00778     1.00789
    1.01390     1.01390     2.17968     2.17968     2.18576     2.19487
    2.19487     2.32307     2.32307     2.32955     2.74195     2.74195
    2.74891     2.74891     2.75171     2.75172     2.75310     4.64410
 --------------------------------------------------------------
 
          Ground-State Mulliken Net Atomic Charges

     Atom                 Charge (a.u.)    Spin (a.u.)
  --------------------------------------------------------
      1 Cl                   -0.000000       1.000000
  --------------------------------------------------------
  Sum of atomic charges =    -0.000000
  Sum of spin   charges =     1.000000

 -----------------------------------------------------------------
                    Cartesian Multipole Moments
 -----------------------------------------------------------------
    Charge (ESU x 10^10)
                 0.0000
    Dipole Moment (Debye)
         X      -0.0000      Y      -0.0000      Z       0.0000
       Tot       0.0000
    Quadrupole Moments (Debye-Ang)
        XX     -13.0758     XY      -0.0000     YY     -13.0758
        XZ      -0.0000     YZ      -0.0000     ZZ     -10.9467
    Octopole Moments (Debye-Ang^2)
       XXX      -0.0000    XXY      -0.0000    XYY      -0.0000
       YYY      -0.0000    XXZ       0.0000    XYZ      -0.0000
       YYZ       0.0000    XZZ      -0.0000    YZZ      -0.0000
       ZZZ       0.0000
    Hexadecapole Moments (Debye-Ang^3)
      XXXX     -15.5312   XXXY      -0.0000   XXYY      -5.1770
      XYYY      -0.0000   YYYY     -15.5312   XXXZ      -0.0000
      XXYZ      -0.0000   XYYZ      -0.0000   YYYZ      -0.0000
      XXZZ      -4.4060   XYZZ      -0.0000   YYZZ      -4.4060
      XZZZ      -0.0000   YZZZ      -0.0000   ZZZZ     -10.9397
 -----------------------------------------------------------------

 STANDARD THERMODYNAMIC QUANTITIES AT   298.15 K  AND     1.00 ATM

   Translational Enthalpy:        0.889 kcal/mol
   Rotational Enthalpy:           0.000 kcal/mol
   Vibrational Enthalpy:          0.000 kcal/mol
   gas constant (RT):             0.592 kcal/mol
   Translational Entropy:        36.586  cal/mol.K
   Rotational Entropy:            0.000  cal/mol.K
   Vibrational Entropy:           0.000  cal/mol.K

   Total Enthalpy:                1.481 kcal/mol
   Total Entropy:                36.586  cal/mol.K

 -----------------------------------------------------------------

 Total job time:  1.77s(wall), 16.56s(cpu) 
 Sat Sep 14 20:03:13 2024

        *************************************************************
        *                                                           *
        *  Thank you very much for using Q-Chem.  Have a nice day.  *
        *                                                           *
        *************************************************************


