This is a multi-thread run using 10 threads
/users/PAS0291/aniketmandal95/qctrunk2/exe/qcprog.exe .P_at.in.73355.qcin.1 /tmp/slurmtmp.29694755/qchem73355/

                  Welcome to Q-Chem
     A Quantum Leap Into The Future Of Chemistry


 Q-Chem 6.1 (devel), Q-Chem, Inc., Pleasanton, CA (2022)

 E. Epifanovsky,  A. T. B. Gilbert,  Xintian Feng,  Joonho Lee,  Yuezhi Mao,  
 N. Mardirossian,  P. Pokhilko,  A. White,  M. Wormit,  M. P. Coons,  
 A. L. Dempwolff,  Zhengting Gan,  D. Hait,  P. R. Horn,  L. D. Jacobson,  
 I. Kaliman,  J. Kussmann,  A. W. Lange,  Ka Un Lao,  D. S. Levine,  Jie Liu,  
 S. C. McKenzie,  A. F. Morrison,  K. D. Nanda,  F. Plasser,  D. R. Rehn,  
 M. L. Vidal,  Zhi-Qiang You,  Ying Zhu,  B. Alam,  B. Albrecht,  
 A. Aldossary,  E. Alguire,  J. H. Andersen,  V. Athavale,  D. Barton,  
 K. Begam,  A. Behn,  N. Bellonzi,  Y. A. Bernard,  E. J. Berquist,  
 H. Burton,  A. Carreras,  K. Carter-Fenk,  Mathew Chow,  Romit Chakraborty,  
 Chandrima Chakravarty,  Junhan Chen,  A. D. Chien,  K. D. Closser,  
 V. Cofer-Shabica,  L. Cunha,  S. Dasgupta,  Jia Deng,  M. de Wergifosse,  
 M. Diedenhofen,  Hainam Do,  S. Ehlert,  Po-Tung Fang,  S. Fatehi,  
 Qingguo Feng,  T. Friedhoff,  Thomas Froitzheim,  B. Ganoe,  J. Gayvert,  
 Qinghui Ge,  G. Gidofalvi,  M. Gimferrer,  M. Goldey,  Montgomery Gray,  
 J. Gomes,  C. Gonzalez-Espinoza,  S. Gulania,  A. Gunina,  J. A. Gyamfi,  
 M. W. D. Hanson-Heine,  P. H. P. Harbach,  A. W. Hauser,  M. F. Herbst,  
 M. Hernandez Vera,  M. Hodecker,  Z. C. Holden,  S. Houck,  Xunkun Huang,  
 Kerwin Hui,  B. C. Huynh,  K. Ikeda,  M. Ivanov,  Hyunjun Ji,  Zuxin Jin,  
 Hanjie Jiang,  Subrata Jana,  B. Kaduk,  S. Kaehler,  R. Kang,  
 K. Khistyaev,  Jaehoon Kim,  Yongbin Kim,  P. Klunzinger,  Z. Koczor-Benda,  
 Joong Hoon Koh,  D. Kosenkov,  Saikiran Kotaru,  L. Koulias,  T. Kowalczyk,  
 C. M. Krauter,  K. Kue,  A. Kunitsa,  T. Kus,  A. Landau,  K. V. Lawler,  
 D. Lefrancois,  S. Lehtola,  Rain Li,  Shaozhi Li,  Yi-Pei Li,  
 Jiashu Liang,  M. Liebenthal,  Hung-Hsuan Lin,  You-Sheng Lin,  Fenglai Liu,  
 Kuan-Yu Liu,  Xiao Liu,  M. Loipersberger,  A. Luenser,  C. Malbon,  
 A. Manjanath,  P. Manohar,  E. Mansoor,  S. F. Manzer,  Shan-Ping Mao,  
 A. V. Marenich,  T. Markovich,  S. Mason,  F. Matz,  S. A. Maurer,  
 P. F. McLaughlin,  M. F. S. J. Menger,  J.-M. Mewes,  S. A. Mewes,  
 P. Morgante,  Mohammad Mostafanejad,  J. W. Mullinax,  K. J. Oosterbaan,  
 G. Paran,  V. Parravicini,  Alexander C. Paul,  Suranjan K. Paul,  
 F. Pavosevic,  Zheng Pei,  S. Prager,  E. I. Proynov,  E. Ramos,  B. Rana,  
 A. E. Rask,  A. Rettig,  R. M. Richard,  F. Rob,  E. Rossomme,  T. Scheele,  
 M. Scheurer,  M. Schneider,  P. E. Schneider,  Tim K. Schramm,  N. Sergueev,  
 S. M. Sharada,  M. Sharma,  Hengyuan Shen,  W. Skomorowski,  D. W. Small,  
 C. J. Stein,  Alistair J. Sterling,  Yingli Su,  Yu-Chuan Su,  
 E. J. Sundstrom,  J. Talbot,  Zhen Tao,  J. Thirman,  Hung-Yi Tsai,  
 T. Tsuchimochi,  N. M. Tubman,  C. Utku,  S. P. Veccham,  O. Vydrov,  
 J. Wenzel,  Jonathan Wong,  J. Witte,  A. Yamada,  Chou-Hsun Yang,  Kun Yao,  
 S. Yeganeh,  S. R. Yost,  A. Zech,  F. Zeller,  Igor Ying Zhang,  
 Xing Zhang,  Yu Zhang,  D. Zuev,  A. Aspuru-Guzik,  A. T. Bell,  
 N. A. Besley,  K. B. Bravaya,  B. R. Brooks,  D. Casanova,  Jeng-Da Chai,  
 Hsing-Ta Chen,  S. Coriani,  C. J. Cramer,  A. E. DePrince, III,  
 R. A. DiStasio Jr.,  A. Dreuw,  B. D. Dunietz,  T. R. Furlani,  
 W. A. Goddard III,  S. Grimme,  S. Hammes-Schiffer,  T. Head-Gordon,  
 W. J. Hehre,  Chao-Ping Hsu,  T.-C. Jagau,  Yousung Jung,  A. Klamt,  
 Jing Kong,  D. S. Lambrecht,  Xiangyuan Li,  WanZhen Liang,  N. J. Mayhall,  
 C. W. McCurdy,  J. B. Neaton,  T. Neudecker,  C. Ochsenfeld,  
 J. A. Parkhill,  R. Peverati,  V. A. Rassolov,  Haisheng Ren,  Yihan Shao,  
 L. V. Slipchenko,  R. P. Steele,  J. E. Subotnik,  A. J. W. Thom,  
 A. Tkatchenko,  D. G. Truhlar,  T. Van Voorhis,  Fan Wang,  
 T. A. Wesolowski,  K. B. Whaley,  H. L. Woodcock III,  P. M. Zimmerman,  
 S. Faraji,  P. M. W. Gill,  M. Head-Gordon,  J. M. Herbert,  A. I. Krylov

 Contributors to earlier versions of Q-Chem not listed above: 
 R. D. Adamson,  B. Austin,  R. Baer,  J. Baker,  G. J. O. Beran,  
 K. Brandhorst,  S. T. Brown,  E. F. C. Byrd,  Arup K. Chakraborty,  
 G. K. L. Chan,  Chun-Min Chang,  Yunqing Chen,  C.-L. Cheng,  
 Siu Hung Chien,  D. M. Chipman,  D. L. Crittenden,  H. Dachsel,  
 R. J. Doerksen,  A. D. Dutoi,  R. G. Edgar,  J. Fosso-Tande,  
 L. Fusti-Molnar,  D. Ghosh,  A. Ghysels,  A. Golubeva-Zadorozhnaya,  
 J. Gonthier,  M. S. Gordon,  S. R. Gwaltney,  G. Hawkins,  J. E. Herr,  
 A. Heyden,  S. Hirata,  E. G. Hohenstein,  G. Kedziora,  F. J. Keil,  
 C. Kelley,  Jihan Kim,  R. A. King,  R. Z. Khaliullin,  P. P. Korambath,  
 W. Kurlancheek,  A. Laurent,  A. M. Lee,  M. S. Lee,  S. V. Levchenko,  
 Ching Yeh Lin,  D. Liotard,  E. Livshits,  R. C. Lochan,  I. Lotan,  
 L. A. Martinez-Martinez,  P. E. Maslen,  N. Nair,  D. P. O'Neill,  
 D. Neuhauser,  E. Neuscamman,  C. M. Oana,  R. Olivares-Amaya,  R. Olson,  
 T. M. Perrine,  B. Peters,  P. A. Pieniazek,  A. Prociuk,  Y. M. Rhee,  
 J. Ritchie,  M. A. Rohrdanz,  E. Rosta,  N. J. Russ,  H. F. Schaefer III,  
 M. W. Schmidt,  N. E. Schultz,  S. Sharma,  N. Shenvi,  C. D. Sherrill,  
 A. C. Simmonett,  A. Sodt,  T. Stein,  D. Stuck,  K. S. Thanthiriwatte,  
 V. Vanovschi,  L. Vogt,  Tao Wang,  A. Warshel,  M. A. Watson,  
 C. F. Williams,  Q. Wu,  X. Xu,  Jun Yang,  W. Zhang,  Yan Zhao

   Please cite Q-Chem as follows:
  "Software for the frontiers of quantum chemistry:
   An overview of developments in the Q-Chem 5 package"
   J. Chem. Phys. 155, 084801 (2021)
   https://doi.org/10.1063/5.0055522 (open access)

 Q-Chem 6.1.1 for Intel X86 EM64T Linux

 Parts of Q-Chem use Armadillo 9.900.5 (Nocturnal Misbehaviour).
 http://arma.sourceforge.net/

 Q-Chem begins on Wed Jul  3 14:28:44 2024  

 Host: p0318.ten.osc.edu
0

     Scratch files written to /tmp/slurmtmp.29694755/qchem73355//
 Processing $rem in /users/PAS0291/aniketmandal95/qctrunk2/config/preferences:
 Processing $rem in /users/PAS0291/aniketmandal95/.qchemrc:

 Checking the input file for inconsistencies... 	...done.

--------------------------------------------------------------
User input:
--------------------------------------------------------------
$molecule
0 2
  P   -2.6640174    1.8554498    0.0000000
$end


$rem 
method = pbe
max_scf_cycles 200
basis = aug-cc-pvdz
$end

--------------------------------------------------------------
 ----------------------------------------------------------------
             Standard Nuclear Orientation (Angstroms)
    I     Atom           X                Y                Z
 ----------------------------------------------------------------
    1      P       0.0000000000     0.0000000000     0.0000000000
 ----------------------------------------------------------------
 Molecular Point Group                 Kh    NOp =***
 Largest Abelian Subgroup              D2h   NOp =  1
 Nuclear Repulsion Energy =           0.00000000 hartrees
 There are        8 alpha and        7 beta electrons
 Requested basis set is aug-cc-pVDZ
 There are 11 shells and 27 basis functions

 Total QAlloc Memory Limit   2000 MB
 Mega-Array Size       188 MB
 MEM_STATIC part       192 MB

 A cutoff of  1.0D-09 yielded     66 shell pairs
 There are       410 function pairs (       477 Cartesian)
 Smallest overlap matrix eigenvalue = 4.44E-02

 Scale SEOQF with 1.000000e-01/1.000000e-01/1.000000e-01

 Standard Electronic Orientation quadrupole field applied
 Guess from superposition of atomic densities
 Warning:  Energy on first SCF cycle will be non-variational
 SAD guess density has 15.000000 electrons

 -----------------------------------------------------------------------
  General SCF calculation program by
  Eric Jon Sundstrom, Paul Horn, Yuezhi Mao, Dmitri Zuev, Alec White,
  David Stuck, Shaama M.S., Shane Yost, Joonho Lee, David Small,
  Daniel Levine, Susi Lehtola, Hugh Burton, Evgeny Epifanovsky,
  Bang C. Huynh
 -----------------------------------------------------------------------
 Exchange:  PBE      Correlation:  PBE
 Using SG-1 standard quadrature grid
 using 10 threads for integral computing
 -------------------------------------------------------
 OpenMP Integral computing Module                
 Release: version 1.0, May 2013, Q-Chem Inc. Pittsburgh 
 -------------------------------------------------------
 A unrestricted SCF calculation will be
 performed using DIIS
 SCF converges when DIIS error is below 1.0e-05
 ---------------------------------------
  Cycle       Energy         DIIS error
 ---------------------------------------
    1    -341.0279609911      4.33e-03  
    2    -341.0286402062      1.89e-03  
    3    -341.0258643503      2.75e-03  
    4    -341.0291748179      1.77e-03  
    5    -341.0266034201      2.58e-03  
    6    -341.0273431262      2.38e-03  
    7    -341.0280240459      2.18e-03  
    8    -341.0269578029      2.49e-03  
    9    -341.0269840368      2.48e-03  
   10    -341.0259207579      2.76e-03  
   11    -341.0295708131      1.62e-03  
   12    -341.0224778267      3.51e-03  
   13    -341.0256401381      2.82e-03  
   14    -341.0257873867      2.79e-03  
   15    -341.0257195159      2.80e-03  
   16    -341.0257096841      2.81e-03  
   17    -341.0266334010      2.57e-03  
   18    -341.0291681546      1.78e-03  
   19    -341.0296386116      1.60e-03  
   20    -341.0298958579      1.51e-03  
   21    -341.0307928763      1.60e-03  
   22    -341.0298983926      1.56e-03  
   23    -341.0262753165      2.68e-03  
   24    -341.0269659530      2.49e-03  
   25    -341.0274636745      2.34e-03  
   26    -341.0274859081      2.37e-03  
   27    -341.0276026411      2.36e-03  
   28    -341.0272689930      2.44e-03  
   29    -341.0269487534      2.53e-03  
   30    -341.0279377107      2.23e-03  
   31    -341.0242102967      3.15e-03  
   32    -341.0274882314      2.33e-03  
   33    -341.0306464104      1.83e-03  
   34    -341.0267803700      2.63e-03  
   35    -341.0253566785      2.95e-03  
   36    -341.0253993498      2.92e-03  
   37    -341.0273084462      2.43e-03  
   38    -341.0254424152      2.94e-03  
   39    -341.0284230716      2.72e-03  
   40    -341.0243706652      3.16e-03  
   41    -341.0245328245      3.09e-03  
   42    -341.0273570763      2.38e-03  
   43    -341.0311778633      1.81e-03  
   44    -341.0285696501      2.26e-03  
   45    -341.0430756998      2.09e-03  
   46    -341.0614678435      1.92e-03  
   47    -341.0630257118      1.89e-03  
   48    -341.0298469460      1.91e-03  
   49    -341.0687144684      1.65e-03  
   50    -341.0732694932      1.28e-03  
   51    -341.0736918794      1.08e-03  
   52    -341.0745225589      4.69e-04  
   53    -341.0746997013      1.95e-04  
   54    -341.0747604174      1.28e-04  
   55    -341.0747823877      8.61e-05  
   56    -341.0747884310      3.07e-05  
   57    -341.0747893165      4.80e-06  Convergence criterion met
 ---------------------------------------
 SCF time:   CPU 68.97s  wall 7.00s 
<S^2> =          1.760722626
 SCF   energy =  -341.07478932
 Total energy =  -341.07478932
 
 --------------------------------------------------------------
 
                    Orbital Energies (a.u.)
 --------------------------------------------------------------
 
 Alpha MOs
 -- Occupied --
-76.3740  -6.3562  -4.5771  -4.5769  -4.5679  -0.5174  -0.2241  -0.2241
 -- Virtual --
 -0.1719   0.0100   0.0406   0.0406   0.0551   0.1278   0.1278   0.1475
  0.1475   0.1630   0.4743   0.4743   0.5069   0.5251   0.6109   0.6109
  0.6418   0.6419   0.6660
 
 Beta MOs
 -- Occupied --
-76.3706  -6.3523  -4.5749  -4.5660  -4.5659  -0.4838  -0.2124
 -- Virtual --
 -0.1564  -0.1564   0.0220   0.0441   0.0629   0.0631   0.1519   0.1519
  0.1534   0.1822   0.1822   0.4811   0.5163   0.5164   0.5462   0.6469
  0.6470   0.6475   0.6931   0.6931
 --------------------------------------------------------------
 
          Ground-State Mulliken Net Atomic Charges

     Atom                 Charge (a.u.)    Spin (a.u.)
  --------------------------------------------------------
      1 P                    -0.000000       1.000000
  --------------------------------------------------------
  Sum of atomic charges =    -0.000000
  Sum of spin   charges =     1.000000

 -----------------------------------------------------------------
                    Cartesian Multipole Moments
 -----------------------------------------------------------------
    Charge (ESU x 10^10)
                -0.0000
    Dipole Moment (Debye)
         X       0.0000      Y      -0.0000      Z       0.0000
       Tot       0.0000
    Quadrupole Moments (Debye-Ang)
        XX     -13.7373     XY      -0.0000     YY     -13.7460
        XZ       0.0000     YZ       0.0316     ZZ     -13.8518
    Octopole Moments (Debye-Ang^2)
       XXX       0.0000    XXY      -0.0000    XYY       0.0000
       YYY      -0.0000    XXZ       0.0000    XYZ      -0.0000
       YYZ       0.0000    XZZ       0.0000    YZZ      -0.0000
       ZZZ       0.0000
    Hexadecapole Moments (Debye-Ang^3)
      XXXX     -23.5202   XXXY      -0.0000   XXYY      -7.8472
      XYYY      -0.0000   YYYY     -23.5632   XXXZ       0.0001
      XXYZ       0.0278   XYYZ       0.0001   YYYZ       0.0837
      XXZZ      -7.9451   XYZZ      -0.0000   YYZZ      -7.9538
      XZZZ       0.0002   YZZZ       0.0892   ZZZZ     -24.1743
 -----------------------------------------------------------------

 STANDARD THERMODYNAMIC QUANTITIES AT   298.15 K  AND     1.00 ATM

   Translational Enthalpy:        0.889 kcal/mol
   Rotational Enthalpy:           0.000 kcal/mol
   Vibrational Enthalpy:          0.000 kcal/mol
   gas constant (RT):             0.592 kcal/mol
   Translational Entropy:        36.224  cal/mol.K
   Rotational Entropy:            0.000  cal/mol.K
   Vibrational Entropy:           0.000  cal/mol.K

   Total Enthalpy:                1.481 kcal/mol
   Total Entropy:                36.224  cal/mol.K

 -----------------------------------------------------------------

 Total job time:  7.76s(wall), 70.79s(cpu) 
 Wed Jul  3 14:28:51 2024

        *************************************************************
        *                                                           *
        *  Thank you very much for using Q-Chem.  Have a nice day.  *
        *                                                           *
        *************************************************************


