This is a multi-thread run using 10 threads
/users/PAS0291/aniketmandal95/qctrunk2/exe/qcprog.exe .S_at.in.115060.qcin.1 /tmp/slurmtmp.29694856/qchem115060/

                  Welcome to Q-Chem
     A Quantum Leap Into The Future Of Chemistry


 Q-Chem 6.1 (devel), Q-Chem, Inc., Pleasanton, CA (2022)

 E. Epifanovsky,  A. T. B. Gilbert,  Xintian Feng,  Joonho Lee,  Yuezhi Mao,  
 N. Mardirossian,  P. Pokhilko,  A. White,  M. Wormit,  M. P. Coons,  
 A. L. Dempwolff,  Zhengting Gan,  D. Hait,  P. R. Horn,  L. D. Jacobson,  
 I. Kaliman,  J. Kussmann,  A. W. Lange,  Ka Un Lao,  D. S. Levine,  Jie Liu,  
 S. C. McKenzie,  A. F. Morrison,  K. D. Nanda,  F. Plasser,  D. R. Rehn,  
 M. L. Vidal,  Zhi-Qiang You,  Ying Zhu,  B. Alam,  B. Albrecht,  
 A. Aldossary,  E. Alguire,  J. H. Andersen,  V. Athavale,  D. Barton,  
 K. Begam,  A. Behn,  N. Bellonzi,  Y. A. Bernard,  E. J. Berquist,  
 H. Burton,  A. Carreras,  K. Carter-Fenk,  Mathew Chow,  Romit Chakraborty,  
 Chandrima Chakravarty,  Junhan Chen,  A. D. Chien,  K. D. Closser,  
 V. Cofer-Shabica,  L. Cunha,  S. Dasgupta,  Jia Deng,  M. de Wergifosse,  
 M. Diedenhofen,  Hainam Do,  S. Ehlert,  Po-Tung Fang,  S. Fatehi,  
 Qingguo Feng,  T. Friedhoff,  Thomas Froitzheim,  B. Ganoe,  J. Gayvert,  
 Qinghui Ge,  G. Gidofalvi,  M. Gimferrer,  M. Goldey,  Montgomery Gray,  
 J. Gomes,  C. Gonzalez-Espinoza,  S. Gulania,  A. Gunina,  J. A. Gyamfi,  
 M. W. D. Hanson-Heine,  P. H. P. Harbach,  A. W. Hauser,  M. F. Herbst,  
 M. Hernandez Vera,  M. Hodecker,  Z. C. Holden,  S. Houck,  Xunkun Huang,  
 Kerwin Hui,  B. C. Huynh,  K. Ikeda,  M. Ivanov,  Hyunjun Ji,  Zuxin Jin,  
 Hanjie Jiang,  Subrata Jana,  B. Kaduk,  S. Kaehler,  R. Kang,  
 K. Khistyaev,  Jaehoon Kim,  Yongbin Kim,  P. Klunzinger,  Z. Koczor-Benda,  
 Joong Hoon Koh,  D. Kosenkov,  Saikiran Kotaru,  L. Koulias,  T. Kowalczyk,  
 C. M. Krauter,  K. Kue,  A. Kunitsa,  T. Kus,  A. Landau,  K. V. Lawler,  
 D. Lefrancois,  S. Lehtola,  Rain Li,  Shaozhi Li,  Yi-Pei Li,  
 Jiashu Liang,  M. Liebenthal,  Hung-Hsuan Lin,  You-Sheng Lin,  Fenglai Liu,  
 Kuan-Yu Liu,  Xiao Liu,  M. Loipersberger,  A. Luenser,  C. Malbon,  
 A. Manjanath,  P. Manohar,  E. Mansoor,  S. F. Manzer,  Shan-Ping Mao,  
 A. V. Marenich,  T. Markovich,  S. Mason,  F. Matz,  S. A. Maurer,  
 P. F. McLaughlin,  M. F. S. J. Menger,  J.-M. Mewes,  S. A. Mewes,  
 P. Morgante,  Mohammad Mostafanejad,  J. W. Mullinax,  K. J. Oosterbaan,  
 G. Paran,  V. Parravicini,  Alexander C. Paul,  Suranjan K. Paul,  
 F. Pavosevic,  Zheng Pei,  S. Prager,  E. I. Proynov,  E. Ramos,  B. Rana,  
 A. E. Rask,  A. Rettig,  R. M. Richard,  F. Rob,  E. Rossomme,  T. Scheele,  
 M. Scheurer,  M. Schneider,  P. E. Schneider,  Tim K. Schramm,  N. Sergueev,  
 S. M. Sharada,  M. Sharma,  Hengyuan Shen,  W. Skomorowski,  D. W. Small,  
 C. J. Stein,  Alistair J. Sterling,  Yingli Su,  Yu-Chuan Su,  
 E. J. Sundstrom,  J. Talbot,  Zhen Tao,  J. Thirman,  Hung-Yi Tsai,  
 T. Tsuchimochi,  N. M. Tubman,  C. Utku,  S. P. Veccham,  O. Vydrov,  
 J. Wenzel,  Jonathan Wong,  J. Witte,  A. Yamada,  Chou-Hsun Yang,  Kun Yao,  
 S. Yeganeh,  S. R. Yost,  A. Zech,  F. Zeller,  Igor Ying Zhang,  
 Xing Zhang,  Yu Zhang,  D. Zuev,  A. Aspuru-Guzik,  A. T. Bell,  
 N. A. Besley,  K. B. Bravaya,  B. R. Brooks,  D. Casanova,  Jeng-Da Chai,  
 Hsing-Ta Chen,  S. Coriani,  C. J. Cramer,  A. E. DePrince, III,  
 R. A. DiStasio Jr.,  A. Dreuw,  B. D. Dunietz,  T. R. Furlani,  
 W. A. Goddard III,  S. Grimme,  S. Hammes-Schiffer,  T. Head-Gordon,  
 W. J. Hehre,  Chao-Ping Hsu,  T.-C. Jagau,  Yousung Jung,  A. Klamt,  
 Jing Kong,  D. S. Lambrecht,  Xiangyuan Li,  WanZhen Liang,  N. J. Mayhall,  
 C. W. McCurdy,  J. B. Neaton,  T. Neudecker,  C. Ochsenfeld,  
 J. A. Parkhill,  R. Peverati,  V. A. Rassolov,  Haisheng Ren,  Yihan Shao,  
 L. V. Slipchenko,  R. P. Steele,  J. E. Subotnik,  A. J. W. Thom,  
 A. Tkatchenko,  D. G. Truhlar,  T. Van Voorhis,  Fan Wang,  
 T. A. Wesolowski,  K. B. Whaley,  H. L. Woodcock III,  P. M. Zimmerman,  
 S. Faraji,  P. M. W. Gill,  M. Head-Gordon,  J. M. Herbert,  A. I. Krylov

 Contributors to earlier versions of Q-Chem not listed above: 
 R. D. Adamson,  B. Austin,  R. Baer,  J. Baker,  G. J. O. Beran,  
 K. Brandhorst,  S. T. Brown,  E. F. C. Byrd,  Arup K. Chakraborty,  
 G. K. L. Chan,  Chun-Min Chang,  Yunqing Chen,  C.-L. Cheng,  
 Siu Hung Chien,  D. M. Chipman,  D. L. Crittenden,  H. Dachsel,  
 R. J. Doerksen,  A. D. Dutoi,  R. G. Edgar,  J. Fosso-Tande,  
 L. Fusti-Molnar,  D. Ghosh,  A. Ghysels,  A. Golubeva-Zadorozhnaya,  
 J. Gonthier,  M. S. Gordon,  S. R. Gwaltney,  G. Hawkins,  J. E. Herr,  
 A. Heyden,  S. Hirata,  E. G. Hohenstein,  G. Kedziora,  F. J. Keil,  
 C. Kelley,  Jihan Kim,  R. A. King,  R. Z. Khaliullin,  P. P. Korambath,  
 W. Kurlancheek,  A. Laurent,  A. M. Lee,  M. S. Lee,  S. V. Levchenko,  
 Ching Yeh Lin,  D. Liotard,  E. Livshits,  R. C. Lochan,  I. Lotan,  
 L. A. Martinez-Martinez,  P. E. Maslen,  N. Nair,  D. P. O'Neill,  
 D. Neuhauser,  E. Neuscamman,  C. M. Oana,  R. Olivares-Amaya,  R. Olson,  
 T. M. Perrine,  B. Peters,  P. A. Pieniazek,  A. Prociuk,  Y. M. Rhee,  
 J. Ritchie,  M. A. Rohrdanz,  E. Rosta,  N. J. Russ,  H. F. Schaefer III,  
 M. W. Schmidt,  N. E. Schultz,  S. Sharma,  N. Shenvi,  C. D. Sherrill,  
 A. C. Simmonett,  A. Sodt,  T. Stein,  D. Stuck,  K. S. Thanthiriwatte,  
 V. Vanovschi,  L. Vogt,  Tao Wang,  A. Warshel,  M. A. Watson,  
 C. F. Williams,  Q. Wu,  X. Xu,  Jun Yang,  W. Zhang,  Yan Zhao

   Please cite Q-Chem as follows:
  "Software for the frontiers of quantum chemistry:
   An overview of developments in the Q-Chem 5 package"
   J. Chem. Phys. 155, 084801 (2021)
   https://doi.org/10.1063/5.0055522 (open access)

 Q-Chem 6.1.1 for Intel X86 EM64T Linux

 Parts of Q-Chem use Armadillo 9.900.5 (Nocturnal Misbehaviour).
 http://arma.sourceforge.net/

 Q-Chem begins on Wed Jul  3 14:31:02 2024  

 Host: p0091.ten.osc.edu
0

     Scratch files written to /tmp/slurmtmp.29694856/qchem115060//
 Processing $rem in /users/PAS0291/aniketmandal95/qctrunk2/config/preferences:
 Processing $rem in /users/PAS0291/aniketmandal95/.qchemrc:

 Checking the input file for inconsistencies... 	...done.

--------------------------------------------------------------
User input:
--------------------------------------------------------------
$molecule
0 1
  S   -2.6640174    1.8554498    0.0000000
$end



$rem 
method = pbe
max_scf_cycles 200
basis = def2-svpd
$end

--------------------------------------------------------------
 ----------------------------------------------------------------
             Standard Nuclear Orientation (Angstroms)
    I     Atom           X                Y                Z
 ----------------------------------------------------------------
    1      S       0.0000000000     0.0000000000     0.0000000000
 ----------------------------------------------------------------
 Molecular Point Group                 Kh    NOp =***
 Largest Abelian Subgroup              D2h   NOp =  1
 Nuclear Repulsion Energy =           0.00000000 hartrees
 There are        8 alpha and        8 beta electrons
 Requested basis set is def2-SVPD
 There are 11 shells and 27 basis functions

 Total QAlloc Memory Limit   2000 MB
 Mega-Array Size       188 MB
 MEM_STATIC part       192 MB

 A cutoff of  1.0D-09 yielded     66 shell pairs
 There are       410 function pairs (       477 Cartesian)
 Smallest overlap matrix eigenvalue = 4.76E-02

 Scale SEOQF with 1.000000e-01/1.000000e-01/1.000000e-01

 Standard Electronic Orientation quadrupole field applied
 Guess from superposition of atomic densities
 Warning:  Energy on first SCF cycle will be non-variational
 SAD guess density has 16.000000 electrons

 -----------------------------------------------------------------------
  General SCF calculation program by
  Eric Jon Sundstrom, Paul Horn, Yuezhi Mao, Dmitri Zuev, Alec White,
  David Stuck, Shaama M.S., Shane Yost, Joonho Lee, David Small,
  Daniel Levine, Susi Lehtola, Hugh Burton, Evgeny Epifanovsky,
  Bang C. Huynh
 -----------------------------------------------------------------------
 Exchange:  PBE      Correlation:  PBE
 Using SG-1 standard quadrature grid
 using 10 threads for integral computing
 -------------------------------------------------------
 OpenMP Integral computing Module                
 Release: version 1.0, May 2013, Q-Chem Inc. Pittsburgh 
 -------------------------------------------------------
 A restricted SCF calculation will be
 performed using DIIS
 SCF converges when DIIS error is below 1.0e-05
 ---------------------------------------
  Cycle       Energy         DIIS error
 ---------------------------------------
    1    -397.7623771118      1.06e-02  
    2    -397.7396907892      4.24e-03  
    3    -397.7355158434      6.88e-03  
    4    -397.7369471474      6.12e-03  
    5    -397.7386780042      5.04e-03  
    6    -397.7374146735      5.85e-03  
    7    -397.7374715142      5.81e-03  
    8    -397.7374049472      5.85e-03  
    9    -397.7379278243      5.53e-03  
   10    -397.7370456552      6.06e-03  
   11    -397.7370658963      6.05e-03  
   12    -397.7381228734      5.40e-03  
   13    -397.7337466335      7.72e-03  
   14    -397.7349832602      7.15e-03  
   15    -397.7349916208      7.14e-03  
   16    -397.7349381865      7.17e-03  
   17    -397.7351775283      7.05e-03  
   18    -397.7379587236      5.51e-03  
   19    -397.7367004577      6.25e-03  
   20    -397.7384525304      5.19e-03  
   21    -397.7373126067      5.90e-03  
   22    -397.7364720282      6.38e-03  
   23    -397.7356265185      6.82e-03  
   24    -397.7352723547      7.00e-03  
   25    -397.7387093882      5.01e-03  
   26    -397.7378694708      5.56e-03  
   27    -397.7363469451      6.45e-03  
   28    -397.7369627416      6.10e-03  
   29    -397.7368325434      6.18e-03  
   30    -397.7366326753      6.29e-03  
   31    -397.7393491121      4.53e-03  
   32    -397.7393995220      4.47e-03  
   33    -397.7389277241      4.86e-03  
   34    -397.7380916007      5.42e-03  
   35    -397.7389079536      4.87e-03  
   36    -397.7379657881      5.50e-03  
   37    -397.7378762522      5.56e-03  
   38    -397.7386588202      5.04e-03  
   39    -397.7379928018      5.48e-03  
   40    -397.7360615132      6.59e-03  
   41    -397.7390246638      4.76e-03  
   42    -397.7388731991      4.88e-03  
   43    -397.7391845611      4.66e-03  
   44    -397.7390414384      4.76e-03  
   45    -397.7378966085      5.54e-03  
   46    -397.7386003087      5.08e-03  
   47    -397.7376504509      5.70e-03  
   48    -397.7362289278      6.51e-03  
   49    -397.7363347520      6.45e-03  
   50    -397.7381035144      5.40e-03  
   51    -397.7389464488      4.82e-03  
   52    -397.7390221306      4.79e-03  
   53    -397.7390411243      4.75e-03  
   54    -397.7391619832      4.63e-03  
   55    -397.7391491896      4.63e-03  
   56    -397.7362417980      6.50e-03  
   57    -397.7360191489      6.61e-03  
   58    -397.7356096216      6.83e-03  
   59    -397.7364092428      6.40e-03  
   60    -397.7363068388      6.45e-03  
   61    -397.7365521888      6.32e-03  
   62    -397.7368223388      6.17e-03  
   63    -397.7372275668      5.93e-03  
   64    -397.7382234927      5.31e-03  
   65    -397.7349709876      7.15e-03  
   66    -397.7365310035      6.35e-03  
   67    -397.7366981924      6.24e-03  
   68    -397.7344816160      7.38e-03  
   69    -397.7353561897      6.96e-03  
   70    -397.7357986020      6.73e-03  
   71    -397.7357748793      6.74e-03  
   72    -397.7354956216      6.88e-03  
   73    -397.7388914773      4.83e-03  
   74    -397.7354482529      6.89e-03  
   75    -397.7330855630      8.00e-03  
   76    -397.7329829321      8.04e-03  
   77    -397.7375337388      5.72e-03  
   78    -397.7372421841      5.91e-03  
   79    -397.7350129854      7.10e-03  
   80    -397.7357421268      6.73e-03  
   81    -397.7383326205      5.22e-03  
   82    -397.7382249098      5.28e-03  
   83    -397.7368817018      6.13e-03  
   84    -397.7387475661      4.95e-03  
   85    -397.7381369182      5.35e-03  
   86    -397.7379220786      5.51e-03  
   87    -397.7369070313      6.12e-03  
   88    -397.7373380517      5.87e-03  
   89    -397.7375553012      5.74e-03  
   90    -397.7381936667      5.31e-03  
   91    -397.7366090978      6.27e-03  
   92    -397.7366390262      6.26e-03  
   93    -397.7378528730      5.56e-03  
   94    -397.7355287895      6.86e-03  
   95    -397.7385524957      5.11e-03  
   96    -397.7375818782      5.73e-03  
   97    -397.7380083964      5.44e-03  
   98    -397.7383077976      5.25e-03  
   99    -397.7387664739      4.97e-03  
  100    -397.7389361793      4.79e-03  
  101    -397.7390240841      4.74e-03  
  102    -397.7389236049      4.81e-03  
  103    -397.7371099258      6.00e-03  
  104    -397.7368157993      6.16e-03  
  105    -397.7368870626      6.12e-03  
  106    -397.7378230755      5.59e-03  
  107    -397.7367293032      6.20e-03  
  108    -397.7358546145      6.68e-03  
  109    -397.7354255176      6.90e-03  
  110    -397.7342389487      7.47e-03  
  111    -397.7339213578      7.62e-03  
  112    -397.7365174946      6.31e-03  
  113    -397.7362182313      6.47e-03  
  114    -397.7368372796      6.13e-03  
  115    -397.7366811761      6.22e-03  
  116    -397.7379013632      5.52e-03  
  117    -397.7380608306      5.42e-03  
  118    -397.7344416356      7.37e-03  
  119    -397.7344710073      7.35e-03  
  120    -397.7345629460      7.30e-03  
  121    -397.7347555543      7.21e-03  
  122    -397.7351764910      7.00e-03  
  123    -397.7351518311      7.03e-03  
  124    -397.7342595149      7.46e-03  
  125    -397.7349176537      7.13e-03  
  126    -397.7350747875      7.05e-03  
  127    -397.7343096880      7.42e-03  
  128    -397.7373585854      5.83e-03  
  129    -397.7392273910      4.58e-03  
  130    -397.7387594152      4.97e-03  
  131    -397.7352028073      7.02e-03  
  132    -397.7381115288      5.36e-03  
  133    -397.7390337733      4.73e-03  
  134    -397.7387742577      4.91e-03  
  135    -397.7380714857      5.39e-03  
  136    -397.7359291519      6.61e-03  
  137    -397.7352413693      6.97e-03  
  138    -397.7355528907      6.81e-03  
  139    -397.7364580290      6.33e-03  
  140    -397.7380796837      5.40e-03  
  141    -397.7375973932      5.68e-03  
  142    -397.7371079573      5.97e-03  
  143    -397.7382362188      5.28e-03  
  144    -397.7385376089      5.08e-03  
  145    -397.7375036432      5.74e-03  
  146    -397.7336591442      7.72e-03  
  147    -397.7389512218      4.77e-03  
  148    -397.7391123399      4.67e-03  
  149    -397.7389567346      4.79e-03  
  150    -397.7377832242      5.58e-03  
  151    -397.7384075457      5.21e-03  
  152    -397.7384737160      5.14e-03  
  153    -397.7365984206      6.25e-03  
  154    -397.7392547191      4.55e-03  
  155    -397.7391885670      4.60e-03  
  156    -397.7384572245      5.13e-03  
  157    -397.7379055985      5.49e-03  
  158    -397.7370235416      6.01e-03  
  159    -397.7374385261      5.77e-03  
  160    -397.7378548906      5.52e-03  
  161    -397.7383833480      5.19e-03  
  162    -397.7376717636      5.64e-03  
  163    -397.7361039022      6.54e-03  
  164    -397.7383470803      5.23e-03  
  165    -397.7377453572      5.59e-03  
  166    -397.7386547023      5.03e-03  
  167    -397.7386015488      5.07e-03  
  168    -397.7374872869      5.76e-03  
  169    -397.7380794682      5.37e-03  
  170    -397.7381723366      5.32e-03  
  171    -397.7384220593      5.15e-03  
  172    -397.7355935776      6.81e-03  
  173    -397.7367967287      6.16e-03  
  174    -397.7363369797      6.40e-03  
  175    -397.7376288528      5.67e-03  
  176    -397.7383036209      5.25e-03  
  177    -397.7381468771      5.34e-03  
  178    -397.7381241541      5.34e-03  
  179    -397.7391131701      4.67e-03  
  180    -397.7373890184      5.82e-03  
  181    -397.7376021885      5.68e-03  
  182    -397.7370297661      6.02e-03  
  183    -397.7372031964      5.91e-03  
  184    -397.7378197648      5.55e-03  
  185    -397.7379329715      5.49e-03  
  186    -397.7372674459      5.89e-03  
  187    -397.7381086756      5.36e-03  
  188    -397.7381092440      5.36e-03  
  189    -397.7374907960      5.75e-03  
  190    -397.7371708402      5.93e-03  
  191    -397.7390866751      4.68e-03  
  192    -397.7373103172      5.85e-03  
  193    -397.7376043542      5.68e-03  
  194    -397.7380890191      5.36e-03  
  195    -397.7362574809      6.45e-03  
  196    -397.7365467083      6.29e-03  
  197    -397.7374708639      5.75e-03  
  198    -397.7387914823      4.89e-03  
  199    -397.7357752448      6.69e-03  
  200    -397.7374426665      5.78e-03  
gen_scfman_exception: SCF failed to converge

 Q-Chem fatal error occurred in module libgscf/gen_scfman/gen_scfman_main.C, line 244:

 Error in gen_scfman


 Please submit a crash report at q-chem.com/reporter 
 
 
Error: in the serial run
