This is a multi-thread run using 20 threads
/users/PAS0291/aniketmandal95/qctrunk2/exe/qcprog.exe .N_at.in.144016.qcin.1 /tmp/slurmtmp.31388541/qchem144016/

                  Welcome to Q-Chem
     A Quantum Leap Into The Future Of Chemistry


 Q-Chem 6.2 (devel), Q-Chem, Inc., Pleasanton, CA (2024)

 E. Epifanovsky,  A. T. B. Gilbert,  Xintian Feng,  Joonho Lee,  Yuezhi Mao,  
 N. Mardirossian,  P. Pokhilko,  A. White,  M. Wormit,  M. P. Coons,  
 A. L. Dempwolff,  Zhengting Gan,  D. Hait,  P. R. Horn,  L. D. Jacobson,  
 I. Kaliman,  J. Kussmann,  A. W. Lange,  Ka Un Lao,  D. S. Levine,  Jie Liu,  
 S. C. McKenzie,  A. F. Morrison,  K. D. Nanda,  F. Plasser,  D. R. Rehn,  
 M. L. Vidal,  Zhi-Qiang You,  Ying Zhu,  Huseyin Aksu,  B. Alam,  
 B. Albrecht,  A. Aldossary,  E. Alguire,  J. H. Andersen,  
 J. E. Arias-Martinez,  V. Athavale,  D. Barton,  K. Begam,  A. Behn,  
 N. Bellonzi,  Y. A. Bernard,  E. J. Berquist,  H. Burton,  A. Carreras,  
 K. Carter-Fenk,  Mathew Chow,  Romit Chakraborty,  Chandrima Chakravarty,  
 Junhan Chen,  A. D. Chien,  K. D. Closser,  V. Cofer-Shabica,  L. Cunha,  
 S. Dasgupta,  Jia Deng,  Joseph Dickinson,  M. de Wergifosse,  
 M. Diedenhofen,  Hainam Do,  Wenjie Dou,  S. Ehlert,  Po-Tung Fang,  
 S. Fatehi,  Qingguo Feng,  Jonathan Fetherolf,  T. Friedhoff,  
 Thomas Froitzheim,  Sarai Folkestad,  B. Ganoe,  J. Gayvert,  Qinghui Ge,  
 G. Gidofalvi,  M. Gimferrer,  M. Goldey,  Montgomery Gray,  J. Gomes,  
 C. Gonzalez-Espinoza,  S. Gulania,  A. Gunina,  J. A. Gyamfi,  
 M. W. D. Hanson-Heine,  P. H. P. Harbach,  A. W. Hauser,  M. F. Herbst,  
 M. Hernandez Vera,  M. Hodecker,  Z. C. Holden,  S. Houck,  Xunkun Huang,  
 Kerwin Hui,  B. C. Huynh,  K. Ikeda,  M. Ivanov,  Nayanthara K. Jayadev,  
 Hyunjun Ji,  Zuxin Jin,  Hanjie Jiang,  Subrata Jana,  B. Kaduk,  
 S. Kaehler,  R. Kang,  K. Khistyaev,  Jaehoon Kim,  Yongbin Kim,  
 P. Klunzinger,  Z. Koczor-Benda,  Joong Hoon Koh,  D. Kosenkov,  
 Saikiran Kotaru,  L. Koulias,  T. Kowalczyk,  C. M. Krauter,  K. Kue,  
 A. Kunitsa,  T. Kus,  A. Landau,  K. V. Lawler,  D. Lefrancois,  S. Lehtola,  
 Rain Li,  Shaozhi Li,  Tao E. Li,  Yi-Pei Li,  Jiashu Liang,  M. Liebenthal,  
 Hung-Hsuan Lin,  You-Sheng Lin,  Fenglai Liu,  Kuan-Yu Liu,  Xiao Liu,  
 M. Loipersberger,  A. Luenser,  C. Malbon,  Aniket Mandal,  Manisha,  
 A. Manjanath,  P. Manohar,  E. Mansoor,  S. F. Manzer,  Shan-Ping Mao,  
 A. V. Marenich,  T. Markovich,  S. Mason,  F. Matz,  S. A. Maurer,  
 Samuel May,  Alexandra McIsaac,  P. F. McLaughlin,  M. F. S. J. Menger,  
 J.-M. Mewes,  S. A. Mewes,  P. Morgante,  Mohammad Mostafanejad,  
 Madhubani Mukherjee,  J. W. Mullinax,  Quyen Nguyen,  Avik Kumar Ojha,  
 K. J. Oosterbaan,  Eno Paenurk,  Xiaoliang Pan,  G. Paran,  V. Parravicini,  
 Alexander C. Paul,  Suranjan K. Paul,  F. Pavosevic,  Zheng Pei,  S. Prager,  
 E. I. Proynov,  E. Ramos,  B. Rana,  A. E. Rask,  A. Rettig,  R. M. Richard,  
 F. Rob,  E. Rossomme,  T. Scheele,  M. Scheurer,  M. Schneider,  
 P. E. Schneider,  Tim K. Schramm,  N. Sergueev,  S. M. Sharada,  
 Hengyuan Shen,  W. Skomorowski,  D. W. Small,  C. J. Stein,  
 Alistair J. Sterling,  Yingli Su,  Yu-Chuan Su,  E. J. Sundstrom,  
 J. Talbot,  Zhen Tao,  J. Thirman,  Hung-Yi Tsai,  T. Tsuchimochi,  
 N. M. Tubman,  C. Utku,  S. P. Veccham,  O. Vydrov,  Rahel Weiss,  
 J. Wenzel,  Jonathan Wong,  J. Witte,  H. Wu,  Yanze Wu,  A. Yamada,  
 Chou-Hsun Yang,  Kun Yao,  S. Yeganeh,  S. R. Yost,  Qi Yu,  A. Zech,  
 F. Zeller,  Chongxiao Zhao,  Igor Ying Zhang,  Xing Zhang,  Yu Zhang,  
 D. Zuev,  A. Aspuru-Guzik,  A. T. Bell,  N. A. Besley,  K. B. Bravaya,  
 B. R. Brooks,  D. Casanova,  Jeng-Da Chai,  Hsing-Ta Chen,  S. Coriani,  
 C. J. Cramer,  A. E. DePrince, III,  R. A. DiStasio Jr.,  A. Dreuw,  
 B. D. Dunietz,  T. R. Furlani,  W. A. Goddard III,  S. Grimme,  
 S. Hammes-Schiffer,  T. Head-Gordon,  W. J. Hehre,  Chao-Ping Hsu,  
 T.-C. Jagau,  Yousung Jung,  A. Klamt,  Jing Kong,  D. S. Lambrecht,  
 Xiangyuan Li,  WanZhen Liang,  N. J. Mayhall,  C. W. McCurdy,  J. B. Neaton,  
 T. Neudecker,  C. Ochsenfeld,  J. A. Parkhill,  R. Peverati,  
 V. A. Rassolov,  Haisheng Ren,  Yihan Shao,  L. V. Slipchenko,  
 R. P. Steele,  J. E. Subotnik,  A. J. W. Thom,  A. Tkatchenko,  
 D. G. Truhlar,  T. Van Voorhis,  Fan Wang,  T. A. Wesolowski,  K. B. Whaley,  
 H. L. Woodcock III,  P. M. Zimmerman,  S. Faraji,  P. M. W. Gill,  
 M. Head-Gordon,  J. M. Herbert,  A. I. Krylov

 Contributors to earlier versions of Q-Chem not listed above: 
 R. D. Adamson,  B. Austin,  R. Baer,  J. Baker,  G. J. O. Beran,  
 K. Brandhorst,  S. T. Brown,  E. F. C. Byrd,  Arup K. Chakraborty,  
 G. K. L. Chan,  Chun-Min Chang,  Yunqing Chen,  C.-L. Cheng,  
 Siu Hung Chien,  D. M. Chipman,  D. L. Crittenden,  H. Dachsel,  
 R. J. Doerksen,  A. D. Dutoi,  R. G. Edgar,  J. Fosso-Tande,  
 L. Fusti-Molnar,  D. Ghosh,  A. Ghysels,  A. Golubeva-Zadorozhnaya,  
 J. Gonthier,  M. S. Gordon,  S. R. Gwaltney,  G. Hawkins,  J. E. Herr,  
 A. Heyden,  S. Hirata,  E. G. Hohenstein,  G. Kedziora,  F. J. Keil,  
 C. Kelley,  Jihan Kim,  R. A. King,  R. Z. Khaliullin,  P. P. Korambath,  
 W. Kurlancheek,  A. Laurent,  A. M. Lee,  M. S. Lee,  S. V. Levchenko,  
 Ching Yeh Lin,  D. Liotard,  E. Livshits,  R. C. Lochan,  I. Lotan,  
 L. A. Martinez-Martinez,  P. E. Maslen,  N. Nair,  D. P. O'Neill,  
 D. Neuhauser,  E. Neuscamman,  C. M. Oana,  R. Olivares-Amaya,  R. Olson,  
 T. M. Perrine,  B. Peters,  P. A. Pieniazek,  A. Prociuk,  Y. M. Rhee,  
 J. Ritchie,  M. A. Rohrdanz,  E. Rosta,  N. J. Russ,  H. F. Schaefer III,  
 M. W. Schmidt,  N. E. Schultz,  S. Sharma,  N. Shenvi,  C. D. Sherrill,  
 A. C. Simmonett,  A. Sodt,  T. Stein,  D. Stuck,  K. S. Thanthiriwatte,  
 V. Vanovschi,  L. Vogt,  Tao Wang,  A. Warshel,  M. A. Watson,  
 C. F. Williams,  Q. Wu,  X. Xu,  Jun Yang,  W. Zhang,  Yan Zhao

   Please cite Q-Chem as follows:
  "Software for the frontiers of quantum chemistry:
   An overview of developments in the Q-Chem 5 package"
   J. Chem. Phys. 155, 084801 (2021)
   https://doi.org/10.1063/5.0055522 (open access)

 Q-Chem 6.2.0 for Intel X86 EM64T Linux

 Parts of Q-Chem use Armadillo 9.900.5 (Nocturnal Misbehaviour).
 http://arma.sourceforge.net/

 Q-Chem begins on Wed Sep 11 16:55:41 2024  

 Host: p0208.ten.osc.edu
0

     Scratch files written to /tmp/slurmtmp.31388541/qchem144016//
 Processing $rem in /users/PAS0291/aniketmandal95/qctrunk2/config/preferences:
 Processing $rem in /users/PAS0291/aniketmandal95/.qchemrc:

 Checking the input file for inconsistencies... 	...done.

--------------------------------------------------------------
User input:
--------------------------------------------------------------
$molecule
0 2
  N   -6.8855912    3.4555625    0.0000000
$end



$rem 
method = rSCAN
basis = def2-tzvp
$end

--------------------------------------------------------------
 ----------------------------------------------------------------
             Standard Nuclear Orientation (Angstroms)
    I     Atom           X                Y                Z
 ----------------------------------------------------------------
    1      N       0.0000000000     0.0000000000     0.0000000000
 ----------------------------------------------------------------
 Molecular Point Group                 Kh    NOp =***
 Largest Abelian Subgroup              D2h   NOp =  1
 Nuclear Repulsion Energy =           0.00000000 hartrees
 There are        4 alpha and        3 beta electrons
 Requested basis set is def2-TZVP
 There are 11 shells and 31 basis functions

 Total QAlloc Memory Limit   2000 MB
 Mega-Array Size       188 MB
 MEM_STATIC part       192 MB

 A cutoff of  1.0D-09 yielded     66 shell pairs
 There are       546 function pairs (       750 Cartesian)
 Smallest overlap matrix eigenvalue = 2.95E-02

 Scale SEOQF with 1.000000e+00/1.000000e+00/1.000000e+00

 Standard Electronic Orientation quadrupole field applied
 Guess from superposition of atomic densities
 Warning:  Energy on first SCF cycle will be non-variational
 SAD guess density has 7.000000 electrons

 -----------------------------------------------------------------------
  General SCF calculation program by
  Eric Jon Sundstrom, Paul Horn, Yuezhi Mao, Dmitri Zuev, Alec White,
  David Stuck, Shaama M.S., Shane Yost, Joonho Lee, David Small,
  Daniel Levine, Susi Lehtola, Hugh Burton, Evgeny Epifanovsky,
  Bang C. Huynh
 -----------------------------------------------------------------------
 Exchange:  regSCAN      Correlation:  regSCAN
 Using SG-2 standard quadrature grid
 using 20 threads for integral computing
 -------------------------------------------------------
 OpenMP Integral computing Module                
 Release: version 1.0, May 2013, Q-Chem Inc. Pittsburgh 
 -------------------------------------------------------
 A unrestricted SCF calculation will be
 performed using DIIS
 SCF converges when DIIS error is below 1.0e-05
 ---------------------------------------
  Cycle       Energy         DIIS error
 ---------------------------------------
    1     -54.4269335077      3.89e-03  
    2     -54.4662412048      4.01e-03  
    3     -54.4697991857      2.87e-03  
    4     -54.4710295858      2.24e-03  
    5     -54.4717943223      1.79e-03  
    6     -54.4720893697      1.71e-03  
    7     -54.5427539451      4.54e-03  
    8     -54.5428031410      4.59e-03  
    9     -54.5424304330      4.88e-03  
   10     -54.5427698331      4.73e-03  
   11     -54.5417423658      4.75e-03  
   12     -54.5443375495      4.26e-03  
   13     -54.5449465836      4.09e-03  
   14     -54.5488902114      2.60e-03  
   15     -54.5511226634      1.06e-03  
   16     -54.5515581764      1.99e-04  
   17     -54.5515698892      5.69e-05  
   18     -54.5515698104      3.36e-05  
   19     -54.5515701798      1.65e-05  
   20     -54.5515702401      1.65e-05  
   21     -54.5515702540      1.67e-05  
   22     -54.5515703724      1.70e-05  
   23     -54.5515768309      1.64e-05  
   24     -54.5516513687      1.52e-04  
   25     -54.5516507248      1.66e-04  
   26     -54.5516613659      1.69e-04  
   27     -54.5516655582      3.07e-04  
   28     -54.5516556798      3.51e-04  
   29     -54.5516540701      3.58e-04  
   30     -54.5516010220      5.19e-04  
   31     -54.5516190324      4.73e-04  
   32     -54.5516790790      2.63e-04  
   33     -54.5516948583      1.79e-04  
   34     -54.5516990642      1.46e-04  
   35     -54.5517071514      5.14e-05  
   36     -54.5517071543      5.42e-05  
   37     -54.5517081099      2.50e-05  
   38     -54.5517083555      5.35e-06  Convergence criterion met
 ---------------------------------------
 SCF time:   CPU 60.26s  wall 3.00s 
<S^2> =          1.759877169
 SCF   energy =   -54.55170836
 Total energy =   -54.55170836
 
 --------------------------------------------------------------
 
                    Orbital Energies (a.u.)
 --------------------------------------------------------------
 
 Alpha MOs
 -- Occupied --
-14.2718  -0.7151  -0.3154  -0.3154
 -- Virtual --
 -0.1690   0.2351   0.3312   0.3312   0.3791   0.9578   0.9579   1.0071
  1.0072   1.0599   1.8147   1.9386   1.9387   2.0445   3.8137   3.8137
  3.8626   3.8627   3.8985   3.8985   3.9265   4.3233   4.3274   4.4116
  4.4116   4.4765  30.9541
 
 Beta MOs
 -- Occupied --
-14.2477  -0.6365  -0.2947
 -- Virtual --
 -0.1487  -0.1487   0.2531   0.3219   0.3903   0.3903   0.9893   0.9894
  1.0128   1.0971   1.0971   1.8599   1.9237   2.0690   2.0691   3.8240
  3.8748   3.8749   3.8920   3.8920   4.0146   4.0146   4.3865   4.3865
  4.3993   4.5518   4.5556  30.9176
 --------------------------------------------------------------
 
          Ground-State Mulliken Net Atomic Charges

     Atom                 Charge (a.u.)    Spin (a.u.)
  --------------------------------------------------------
      1 N                     0.000000       1.000000
  --------------------------------------------------------
  Sum of atomic charges =     0.000000
  Sum of spin   charges =     1.000000

 -----------------------------------------------------------------
                    Cartesian Multipole Moments
 -----------------------------------------------------------------
    Charge (ESU x 10^10)
                -0.0000
    Dipole Moment (Debye)
         X      -0.0000      Y       0.0000      Z      -0.0000
       Tot       0.0000
    Quadrupole Moments (Debye-Ang)
        XX      -5.5362     XY      -0.0000     YY      -5.5363
        XZ      -0.0000     YZ      -0.0000     ZZ      -5.6000
    Octopole Moments (Debye-Ang^2)
       XXX      -0.0000    XXY       0.0000    XYY      -0.0000
       YYY       0.0000    XXZ      -0.0000    XYZ       0.0000
       YYZ      -0.0000    XZZ      -0.0000    YZZ       0.0000
       ZZZ      -0.0000
    Hexadecapole Moments (Debye-Ang^3)
      XXXX      -5.0785   XXXY      -0.0000   XXYY      -1.6928
      XYYY      -0.0000   YYYY      -5.0788   XXXZ      -0.0000
      XXYZ      -0.0000   XYYZ      -0.0000   YYYZ      -0.0000
      XXZZ      -1.7173   XYZZ      -0.0000   YYZZ      -1.7173
      XZZZ      -0.0000   YZZZ      -0.0000   ZZZZ      -5.2589
 -----------------------------------------------------------------

 STANDARD THERMODYNAMIC QUANTITIES AT   298.15 K  AND     1.00 ATM

   Translational Enthalpy:        0.889 kcal/mol
   Rotational Enthalpy:           0.000 kcal/mol
   Vibrational Enthalpy:          0.000 kcal/mol
   gas constant (RT):             0.592 kcal/mol
   Translational Entropy:        33.858  cal/mol.K
   Rotational Entropy:            0.000  cal/mol.K
   Vibrational Entropy:           0.000  cal/mol.K

   Total Enthalpy:                1.481 kcal/mol
   Total Entropy:                33.858  cal/mol.K

 -----------------------------------------------------------------

 Total job time:  3.43s(wall), 63.18s(cpu) 
 Wed Sep 11 16:55:44 2024

        *************************************************************
        *                                                           *
        *  Thank you very much for using Q-Chem.  Have a nice day.  *
        *                                                           *
        *************************************************************


