This is a multi-thread run using 10 threads
/users/PAS0291/aniketmandal95/qctrunk2/exe/qcprog.exe .P_at.in.73740.qcin.1 /tmp/slurmtmp.29694764/qchem73740/

                  Welcome to Q-Chem
     A Quantum Leap Into The Future Of Chemistry


 Q-Chem 6.1 (devel), Q-Chem, Inc., Pleasanton, CA (2022)

 E. Epifanovsky,  A. T. B. Gilbert,  Xintian Feng,  Joonho Lee,  Yuezhi Mao,  
 N. Mardirossian,  P. Pokhilko,  A. White,  M. Wormit,  M. P. Coons,  
 A. L. Dempwolff,  Zhengting Gan,  D. Hait,  P. R. Horn,  L. D. Jacobson,  
 I. Kaliman,  J. Kussmann,  A. W. Lange,  Ka Un Lao,  D. S. Levine,  Jie Liu,  
 S. C. McKenzie,  A. F. Morrison,  K. D. Nanda,  F. Plasser,  D. R. Rehn,  
 M. L. Vidal,  Zhi-Qiang You,  Ying Zhu,  B. Alam,  B. Albrecht,  
 A. Aldossary,  E. Alguire,  J. H. Andersen,  V. Athavale,  D. Barton,  
 K. Begam,  A. Behn,  N. Bellonzi,  Y. A. Bernard,  E. J. Berquist,  
 H. Burton,  A. Carreras,  K. Carter-Fenk,  Mathew Chow,  Romit Chakraborty,  
 Chandrima Chakravarty,  Junhan Chen,  A. D. Chien,  K. D. Closser,  
 V. Cofer-Shabica,  L. Cunha,  S. Dasgupta,  Jia Deng,  M. de Wergifosse,  
 M. Diedenhofen,  Hainam Do,  S. Ehlert,  Po-Tung Fang,  S. Fatehi,  
 Qingguo Feng,  T. Friedhoff,  Thomas Froitzheim,  B. Ganoe,  J. Gayvert,  
 Qinghui Ge,  G. Gidofalvi,  M. Gimferrer,  M. Goldey,  Montgomery Gray,  
 J. Gomes,  C. Gonzalez-Espinoza,  S. Gulania,  A. Gunina,  J. A. Gyamfi,  
 M. W. D. Hanson-Heine,  P. H. P. Harbach,  A. W. Hauser,  M. F. Herbst,  
 M. Hernandez Vera,  M. Hodecker,  Z. C. Holden,  S. Houck,  Xunkun Huang,  
 Kerwin Hui,  B. C. Huynh,  K. Ikeda,  M. Ivanov,  Hyunjun Ji,  Zuxin Jin,  
 Hanjie Jiang,  Subrata Jana,  B. Kaduk,  S. Kaehler,  R. Kang,  
 K. Khistyaev,  Jaehoon Kim,  Yongbin Kim,  P. Klunzinger,  Z. Koczor-Benda,  
 Joong Hoon Koh,  D. Kosenkov,  Saikiran Kotaru,  L. Koulias,  T. Kowalczyk,  
 C. M. Krauter,  K. Kue,  A. Kunitsa,  T. Kus,  A. Landau,  K. V. Lawler,  
 D. Lefrancois,  S. Lehtola,  Rain Li,  Shaozhi Li,  Yi-Pei Li,  
 Jiashu Liang,  M. Liebenthal,  Hung-Hsuan Lin,  You-Sheng Lin,  Fenglai Liu,  
 Kuan-Yu Liu,  Xiao Liu,  M. Loipersberger,  A. Luenser,  C. Malbon,  
 A. Manjanath,  P. Manohar,  E. Mansoor,  S. F. Manzer,  Shan-Ping Mao,  
 A. V. Marenich,  T. Markovich,  S. Mason,  F. Matz,  S. A. Maurer,  
 P. F. McLaughlin,  M. F. S. J. Menger,  J.-M. Mewes,  S. A. Mewes,  
 P. Morgante,  Mohammad Mostafanejad,  J. W. Mullinax,  K. J. Oosterbaan,  
 G. Paran,  V. Parravicini,  Alexander C. Paul,  Suranjan K. Paul,  
 F. Pavosevic,  Zheng Pei,  S. Prager,  E. I. Proynov,  E. Ramos,  B. Rana,  
 A. E. Rask,  A. Rettig,  R. M. Richard,  F. Rob,  E. Rossomme,  T. Scheele,  
 M. Scheurer,  M. Schneider,  P. E. Schneider,  Tim K. Schramm,  N. Sergueev,  
 S. M. Sharada,  M. Sharma,  Hengyuan Shen,  W. Skomorowski,  D. W. Small,  
 C. J. Stein,  Alistair J. Sterling,  Yingli Su,  Yu-Chuan Su,  
 E. J. Sundstrom,  J. Talbot,  Zhen Tao,  J. Thirman,  Hung-Yi Tsai,  
 T. Tsuchimochi,  N. M. Tubman,  C. Utku,  S. P. Veccham,  O. Vydrov,  
 J. Wenzel,  Jonathan Wong,  J. Witte,  A. Yamada,  Chou-Hsun Yang,  Kun Yao,  
 S. Yeganeh,  S. R. Yost,  A. Zech,  F. Zeller,  Igor Ying Zhang,  
 Xing Zhang,  Yu Zhang,  D. Zuev,  A. Aspuru-Guzik,  A. T. Bell,  
 N. A. Besley,  K. B. Bravaya,  B. R. Brooks,  D. Casanova,  Jeng-Da Chai,  
 Hsing-Ta Chen,  S. Coriani,  C. J. Cramer,  A. E. DePrince, III,  
 R. A. DiStasio Jr.,  A. Dreuw,  B. D. Dunietz,  T. R. Furlani,  
 W. A. Goddard III,  S. Grimme,  S. Hammes-Schiffer,  T. Head-Gordon,  
 W. J. Hehre,  Chao-Ping Hsu,  T.-C. Jagau,  Yousung Jung,  A. Klamt,  
 Jing Kong,  D. S. Lambrecht,  Xiangyuan Li,  WanZhen Liang,  N. J. Mayhall,  
 C. W. McCurdy,  J. B. Neaton,  T. Neudecker,  C. Ochsenfeld,  
 J. A. Parkhill,  R. Peverati,  V. A. Rassolov,  Haisheng Ren,  Yihan Shao,  
 L. V. Slipchenko,  R. P. Steele,  J. E. Subotnik,  A. J. W. Thom,  
 A. Tkatchenko,  D. G. Truhlar,  T. Van Voorhis,  Fan Wang,  
 T. A. Wesolowski,  K. B. Whaley,  H. L. Woodcock III,  P. M. Zimmerman,  
 S. Faraji,  P. M. W. Gill,  M. Head-Gordon,  J. M. Herbert,  A. I. Krylov

 Contributors to earlier versions of Q-Chem not listed above: 
 R. D. Adamson,  B. Austin,  R. Baer,  J. Baker,  G. J. O. Beran,  
 K. Brandhorst,  S. T. Brown,  E. F. C. Byrd,  Arup K. Chakraborty,  
 G. K. L. Chan,  Chun-Min Chang,  Yunqing Chen,  C.-L. Cheng,  
 Siu Hung Chien,  D. M. Chipman,  D. L. Crittenden,  H. Dachsel,  
 R. J. Doerksen,  A. D. Dutoi,  R. G. Edgar,  J. Fosso-Tande,  
 L. Fusti-Molnar,  D. Ghosh,  A. Ghysels,  A. Golubeva-Zadorozhnaya,  
 J. Gonthier,  M. S. Gordon,  S. R. Gwaltney,  G. Hawkins,  J. E. Herr,  
 A. Heyden,  S. Hirata,  E. G. Hohenstein,  G. Kedziora,  F. J. Keil,  
 C. Kelley,  Jihan Kim,  R. A. King,  R. Z. Khaliullin,  P. P. Korambath,  
 W. Kurlancheek,  A. Laurent,  A. M. Lee,  M. S. Lee,  S. V. Levchenko,  
 Ching Yeh Lin,  D. Liotard,  E. Livshits,  R. C. Lochan,  I. Lotan,  
 L. A. Martinez-Martinez,  P. E. Maslen,  N. Nair,  D. P. O'Neill,  
 D. Neuhauser,  E. Neuscamman,  C. M. Oana,  R. Olivares-Amaya,  R. Olson,  
 T. M. Perrine,  B. Peters,  P. A. Pieniazek,  A. Prociuk,  Y. M. Rhee,  
 J. Ritchie,  M. A. Rohrdanz,  E. Rosta,  N. J. Russ,  H. F. Schaefer III,  
 M. W. Schmidt,  N. E. Schultz,  S. Sharma,  N. Shenvi,  C. D. Sherrill,  
 A. C. Simmonett,  A. Sodt,  T. Stein,  D. Stuck,  K. S. Thanthiriwatte,  
 V. Vanovschi,  L. Vogt,  Tao Wang,  A. Warshel,  M. A. Watson,  
 C. F. Williams,  Q. Wu,  X. Xu,  Jun Yang,  W. Zhang,  Yan Zhao

   Please cite Q-Chem as follows:
  "Software for the frontiers of quantum chemistry:
   An overview of developments in the Q-Chem 5 package"
   J. Chem. Phys. 155, 084801 (2021)
   https://doi.org/10.1063/5.0055522 (open access)

 Q-Chem 6.1.1 for Intel X86 EM64T Linux

 Parts of Q-Chem use Armadillo 9.900.5 (Nocturnal Misbehaviour).
 http://arma.sourceforge.net/

 Q-Chem begins on Wed Jul  3 14:29:42 2024  

 Host: p0318.ten.osc.edu
0

     Scratch files written to /tmp/slurmtmp.29694764/qchem73740//
 Processing $rem in /users/PAS0291/aniketmandal95/qctrunk2/config/preferences:
 Processing $rem in /users/PAS0291/aniketmandal95/.qchemrc:

 Checking the input file for inconsistencies... 	...done.

--------------------------------------------------------------
User input:
--------------------------------------------------------------
$molecule
0 2
  P   -2.6640174    1.8554498    0.0000000
$end


$rem 
method = pbe
max_scf_cycles 200
basis = aug-cc-pvtz
$end

--------------------------------------------------------------
 ----------------------------------------------------------------
             Standard Nuclear Orientation (Angstroms)
    I     Atom           X                Y                Z
 ----------------------------------------------------------------
    1      P       0.0000000000     0.0000000000     0.0000000000
 ----------------------------------------------------------------
 Molecular Point Group                 Kh    NOp =***
 Largest Abelian Subgroup              D2h   NOp =  1
 Nuclear Repulsion Energy =           0.00000000 hartrees
 There are        8 alpha and        7 beta electrons
 Requested basis set is aug-cc-pVTZ
 There are 16 shells and 50 basis functions

 Total QAlloc Memory Limit   2000 MB
 Mega-Array Size       188 MB
 MEM_STATIC part       192 MB

 A cutoff of  1.0D-09 yielded    136 shell pairs
 There are      1362 function pairs (      1920 Cartesian)
 Smallest overlap matrix eigenvalue = 1.24E-02

 Scale SEOQF with 1.000000e-01/1.000000e-01/1.000000e-01

 Standard Electronic Orientation quadrupole field applied
 Guess from superposition of atomic densities
 Warning:  Energy on first SCF cycle will be non-variational
 SAD guess density has 15.000000 electrons

 -----------------------------------------------------------------------
  General SCF calculation program by
  Eric Jon Sundstrom, Paul Horn, Yuezhi Mao, Dmitri Zuev, Alec White,
  David Stuck, Shaama M.S., Shane Yost, Joonho Lee, David Small,
  Daniel Levine, Susi Lehtola, Hugh Burton, Evgeny Epifanovsky,
  Bang C. Huynh
 -----------------------------------------------------------------------
 Exchange:  PBE      Correlation:  PBE
 Using SG-1 standard quadrature grid
 using 10 threads for integral computing
 -------------------------------------------------------
 OpenMP Integral computing Module                
 Release: version 1.0, May 2013, Q-Chem Inc. Pittsburgh 
 -------------------------------------------------------
 A unrestricted SCF calculation will be
 performed using DIIS
 SCF converges when DIIS error is below 1.0e-05
 ---------------------------------------
  Cycle       Energy         DIIS error
 ---------------------------------------
    1    -341.0332041109      3.98e-03  
    2    -341.0363827488      1.56e-03  
    3    -341.0320431660      2.15e-03  
    4    -341.0375338764      1.33e-03  
    5    -341.0323853420      2.11e-03  
    6    -341.0328339583      2.06e-03  
    7    -341.0325916703      2.09e-03  
    8    -341.0366256894      1.50e-03  
    9    -341.0377226912      1.30e-03  
   10    -341.0343999461      1.85e-03  
   11    -341.0348450682      1.78e-03  
   12    -341.0371278498      1.42e-03  
   13    -341.0371277652      1.42e-03  
   14    -341.0371607224      1.41e-03  
   15    -341.0372226584      1.40e-03  
   16    -341.0383537044      1.20e-03  
   17    -341.0382762466      1.19e-03  
   18    -341.0374310652      1.35e-03  
   19    -341.0360790665      1.59e-03  
   20    -341.0377206571      1.30e-03  
   21    -341.0409875163      1.17e-03  
   22    -341.0383303332      1.23e-03  
   23    -341.0372187526      1.40e-03  
   24    -341.0392548404      1.26e-03  
   25    -341.0393978943      1.25e-03  
   26    -341.0361161290      1.59e-03  
   27    -341.0362760576      1.57e-03  
   28    -341.0357346241      1.66e-03  
   29    -341.0360918197      1.62e-03  
   30    -341.0345027901      1.83e-03  
   31    -341.0342221495      1.88e-03  
   32    -341.0798757791      1.19e-03  
   33    -341.0534174604      1.34e-03  
   34    -341.0330577460      2.04e-03  
   35    -341.0330461619      2.04e-03  
   36    -341.0336117166      1.96e-03  
   37    -341.0385582858      1.50e-03  
   38    -341.0322869534      2.14e-03  
   39    -341.0328562234      2.06e-03  
   40    -341.0341742657      1.88e-03  
   41    -341.0315836616      2.22e-03  
   42    -341.0316698180      2.26e-03  
   43    -341.0352292286      1.96e-03  
   44    -341.0306174216      2.33e-03  
   45    -341.0793271324      1.15e-03  
   46    -341.0354219562      1.70e-03  
   47    -341.0567875537      1.53e-03  
   48    -341.0788795252      1.14e-03  
   49    -341.0576503031      1.50e-03  
   50    -341.0363673923      1.73e-03  
   51    -341.0373176256      1.75e-03  
   52    -341.0337283179      1.98e-03  
   53    -341.0337310546      1.94e-03  
   54    -341.0351401318      1.77e-03  
   55    -341.0352917292      1.76e-03  
   56    -341.0809241182      1.08e-03  
   57    -341.0804807957      1.09e-03  
   58    -341.0452607645      1.68e-03  
   59    -341.0543903741      1.57e-03  
   60    -341.0383079497      1.84e-03  
   61    -341.0386088449      1.83e-03  
   62    -341.0747326360      1.31e-03  
   63    -341.0753317003      1.28e-03  
   64    -341.0367790728      1.79e-03  
   65    -341.0341565660      1.87e-03  
   66    -341.0818218585      9.23e-04  
   67    -341.0830682977      7.04e-04  
   68    -341.0839412225      4.46e-04  
   69    -341.0840535851      4.27e-04  
   70    -341.0843545126      2.22e-04  
   71    -341.0844716756      2.88e-05  
   72    -341.0844733190      3.75e-06  Convergence criterion met
 ---------------------------------------
 SCF time:   CPU 76.47s  wall 8.00s 
<S^2> =          1.762704038
 SCF   energy =  -341.08447332
 Total energy =  -341.08447332
 
 --------------------------------------------------------------
 
                    Orbital Energies (a.u.)
 --------------------------------------------------------------
 
 Alpha MOs
 -- Occupied --
-76.3866  -6.3573  -4.5783  -4.5783  -4.5686  -0.5161  -0.2248  -0.2248
 -- Virtual --
 -0.1710   0.0066   0.0337   0.0337   0.0468   0.0890   0.0890   0.1048
  0.1048   0.1171   0.3385   0.3385   0.3674   0.3693   0.3693   0.3984
  0.3984   0.4188   0.4279   0.4751   0.4751   0.4876   0.4876   0.4995
  0.4995   0.5059   1.3074   1.3074   1.3394   1.3394   1.3588   1.5273
  1.5273   1.5549   1.5549   1.5805   1.5805   1.5936   1.8634   1.8634
  1.9020   2.8940
 
 Beta MOs
 -- Occupied --
-76.3832  -6.3535  -4.5765  -4.5669  -4.5668  -0.4825  -0.2144
 -- Virtual --
 -0.1562  -0.1562   0.0180   0.0367   0.0538   0.0539   0.1079   0.1080
  0.1099   0.1325   0.1326   0.3435   0.3766   0.3766   0.4020   0.4027
  0.4027   0.4458   0.4459   0.4467   0.4959   0.4995   0.4995   0.5050
  0.5050   0.5279   0.5279   1.3375   1.3417   1.3417   1.3820   1.3820
  1.5698   1.5758   1.5759   1.5897   1.5897   1.6358   1.6358   1.8700
  1.9099   1.9099   2.9106
 --------------------------------------------------------------
 
          Ground-State Mulliken Net Atomic Charges

     Atom                 Charge (a.u.)    Spin (a.u.)
  --------------------------------------------------------
      1 P                    -0.000000       1.000000
  --------------------------------------------------------
  Sum of atomic charges =    -0.000000
  Sum of spin   charges =     1.000000

 -----------------------------------------------------------------
                    Cartesian Multipole Moments
 -----------------------------------------------------------------
    Charge (ESU x 10^10)
                -0.0000
    Dipole Moment (Debye)
         X       0.0000      Y       0.0000      Z      -0.0000
       Tot       0.0000
    Quadrupole Moments (Debye-Ang)
        XX     -13.7275     XY       0.0000     YY     -13.8037
        XZ      -0.0000     YZ       0.0041     ZZ     -13.7280
    Octopole Moments (Debye-Ang^2)
       XXX       0.0000    XXY       0.0000    XYY       0.0000
       YYY       0.0000    XXZ      -0.0000    XYZ      -0.0000
       YYZ      -0.0000    XZZ       0.0000    YZZ       0.0000
       ZZZ      -0.0000
    Hexadecapole Moments (Debye-Ang^3)
      XXXX     -23.4947   XXXY       0.0000   XXYY      -7.7641
      XYYY       0.0000   YYYY     -24.1354   XXXZ      -0.0000
      XXYZ      -0.0028   XYYZ      -0.0000   YYYZ       0.0388
      XXZZ      -7.8316   XYZZ       0.0000   YYZZ      -7.7663
      XZZZ      -0.0000   YZZZ      -0.0081   ZZZZ     -23.4952
 -----------------------------------------------------------------

 STANDARD THERMODYNAMIC QUANTITIES AT   298.15 K  AND     1.00 ATM

   Translational Enthalpy:        0.889 kcal/mol
   Rotational Enthalpy:           0.000 kcal/mol
   Vibrational Enthalpy:          0.000 kcal/mol
   gas constant (RT):             0.592 kcal/mol
   Translational Entropy:        36.224  cal/mol.K
   Rotational Entropy:            0.000  cal/mol.K
   Vibrational Entropy:           0.000  cal/mol.K

   Total Enthalpy:                1.481 kcal/mol
   Total Entropy:                36.224  cal/mol.K

 -----------------------------------------------------------------

 Total job time:  8.46s(wall), 78.48s(cpu) 
 Wed Jul  3 14:29:51 2024

        *************************************************************
        *                                                           *
        *  Thank you very much for using Q-Chem.  Have a nice day.  *
        *                                                           *
        *************************************************************


