                  Welcome to Q-Chem
     A Quantum Leap Into The Future Of Chemistry


 Q-Chem 6.2 (devel), Q-Chem, Inc., Pleasanton, CA (2024)

 E. Epifanovsky,  A. T. B. Gilbert,  Xintian Feng,  Joonho Lee,  Yuezhi Mao,  
 N. Mardirossian,  P. Pokhilko,  A. White,  M. Wormit,  M. P. Coons,  
 A. L. Dempwolff,  Zhengting Gan,  D. Hait,  P. R. Horn,  L. D. Jacobson,  
 I. Kaliman,  J. Kussmann,  A. W. Lange,  Ka Un Lao,  D. S. Levine,  Jie Liu,  
 S. C. McKenzie,  A. F. Morrison,  K. D. Nanda,  F. Plasser,  D. R. Rehn,  
 M. L. Vidal,  Zhi-Qiang You,  Ying Zhu,  Huseyin Aksu,  B. Alam,  
 B. Albrecht,  A. Aldossary,  E. Alguire,  J. H. Andersen,  
 J. E. Arias-Martinez,  V. Athavale,  D. Barton,  K. Begam,  A. Behn,  
 N. Bellonzi,  Y. A. Bernard,  E. J. Berquist,  H. Burton,  A. Carreras,  
 K. Carter-Fenk,  Mathew Chow,  Romit Chakraborty,  Chandrima Chakravarty,  
 Junhan Chen,  A. D. Chien,  K. D. Closser,  V. Cofer-Shabica,  L. Cunha,  
 S. Dasgupta,  Jia Deng,  Joseph Dickinson,  M. de Wergifosse,  
 M. Diedenhofen,  Hainam Do,  Wenjie Dou,  S. Ehlert,  Po-Tung Fang,  
 S. Fatehi,  Qingguo Feng,  Jonathan Fetherolf,  T. Friedhoff,  
 Thomas Froitzheim,  Sarai Folkestad,  B. Ganoe,  J. Gayvert,  Qinghui Ge,  
 G. Gidofalvi,  M. Gimferrer,  M. Goldey,  Montgomery Gray,  J. Gomes,  
 C. Gonzalez-Espinoza,  S. Gulania,  A. Gunina,  J. A. Gyamfi,  
 M. W. D. Hanson-Heine,  P. H. P. Harbach,  A. W. Hauser,  M. F. Herbst,  
 M. Hernandez Vera,  M. Hodecker,  Z. C. Holden,  S. Houck,  Xunkun Huang,  
 Kerwin Hui,  B. C. Huynh,  K. Ikeda,  M. Ivanov,  Nayanthara K. Jayadev,  
 Hyunjun Ji,  Zuxin Jin,  Hanjie Jiang,  Subrata Jana,  B. Kaduk,  
 S. Kaehler,  R. Kang,  K. Khistyaev,  Jaehoon Kim,  Yongbin Kim,  
 P. Klunzinger,  Z. Koczor-Benda,  Joong Hoon Koh,  D. Kosenkov,  
 Saikiran Kotaru,  L. Koulias,  T. Kowalczyk,  C. M. Krauter,  K. Kue,  
 A. Kunitsa,  T. Kus,  A. Landau,  K. V. Lawler,  D. Lefrancois,  S. Lehtola,  
 Rain Li,  Shaozhi Li,  Tao E. Li,  Yi-Pei Li,  Jiashu Liang,  M. Liebenthal,  
 Hung-Hsuan Lin,  You-Sheng Lin,  Fenglai Liu,  Kuan-Yu Liu,  Xiao Liu,  
 M. Loipersberger,  A. Luenser,  C. Malbon,  Aniket Mandal,  Manisha,  
 A. Manjanath,  P. Manohar,  E. Mansoor,  S. F. Manzer,  Shan-Ping Mao,  
 A. V. Marenich,  T. Markovich,  S. Mason,  F. Matz,  S. A. Maurer,  
 Samuel May,  Alexandra McIsaac,  P. F. McLaughlin,  M. F. S. J. Menger,  
 J.-M. Mewes,  S. A. Mewes,  P. Morgante,  Mohammad Mostafanejad,  
 Madhubani Mukherjee,  J. W. Mullinax,  Quyen Nguyen,  Avik Kumar Ojha,  
 K. J. Oosterbaan,  Eno Paenurk,  Xiaoliang Pan,  G. Paran,  V. Parravicini,  
 Alexander C. Paul,  Suranjan K. Paul,  F. Pavosevic,  Zheng Pei,  S. Prager,  
 E. I. Proynov,  E. Ramos,  B. Rana,  A. E. Rask,  A. Rettig,  R. M. Richard,  
 F. Rob,  E. Rossomme,  T. Scheele,  M. Scheurer,  M. Schneider,  
 P. E. Schneider,  Tim K. Schramm,  N. Sergueev,  S. M. Sharada,  
 Hengyuan Shen,  W. Skomorowski,  D. W. Small,  C. J. Stein,  
 Alistair J. Sterling,  Yingli Su,  Yu-Chuan Su,  E. J. Sundstrom,  
 J. Talbot,  Zhen Tao,  J. Thirman,  Hung-Yi Tsai,  T. Tsuchimochi,  
 N. M. Tubman,  C. Utku,  S. P. Veccham,  O. Vydrov,  Rahel Weiss,  
 J. Wenzel,  Jonathan Wong,  J. Witte,  H. Wu,  Yanze Wu,  A. Yamada,  
 Chou-Hsun Yang,  Kun Yao,  S. Yeganeh,  S. R. Yost,  Qi Yu,  A. Zech,  
 F. Zeller,  Chongxiao Zhao,  Igor Ying Zhang,  Xing Zhang,  Yu Zhang,  
 D. Zuev,  A. Aspuru-Guzik,  A. T. Bell,  N. A. Besley,  K. B. Bravaya,  
 B. R. Brooks,  D. Casanova,  Jeng-Da Chai,  Hsing-Ta Chen,  S. Coriani,  
 C. J. Cramer,  A. E. DePrince, III,  R. A. DiStasio Jr.,  A. Dreuw,  
 B. D. Dunietz,  T. R. Furlani,  W. A. Goddard III,  S. Grimme,  
 S. Hammes-Schiffer,  T. Head-Gordon,  W. J. Hehre,  Chao-Ping Hsu,  
 T.-C. Jagau,  Yousung Jung,  A. Klamt,  Jing Kong,  D. S. Lambrecht,  
 Xiangyuan Li,  WanZhen Liang,  N. J. Mayhall,  C. W. McCurdy,  J. B. Neaton,  
 T. Neudecker,  C. Ochsenfeld,  J. A. Parkhill,  R. Peverati,  
 V. A. Rassolov,  Haisheng Ren,  Yihan Shao,  L. V. Slipchenko,  
 R. P. Steele,  J. E. Subotnik,  A. J. W. Thom,  A. Tkatchenko,  
 D. G. Truhlar,  T. Van Voorhis,  Fan Wang,  T. A. Wesolowski,  K. B. Whaley,  
 H. L. Woodcock III,  P. M. Zimmerman,  S. Faraji,  P. M. W. Gill,  
 M. Head-Gordon,  J. M. Herbert,  A. I. Krylov

 Contributors to earlier versions of Q-Chem not listed above: 
 R. D. Adamson,  B. Austin,  R. Baer,  J. Baker,  G. J. O. Beran,  
 K. Brandhorst,  S. T. Brown,  E. F. C. Byrd,  Arup K. Chakraborty,  
 G. K. L. Chan,  Chun-Min Chang,  Yunqing Chen,  C.-L. Cheng,  
 Siu Hung Chien,  D. M. Chipman,  D. L. Crittenden,  H. Dachsel,  
 R. J. Doerksen,  A. D. Dutoi,  R. G. Edgar,  J. Fosso-Tande,  
 L. Fusti-Molnar,  D. Ghosh,  A. Ghysels,  A. Golubeva-Zadorozhnaya,  
 J. Gonthier,  M. S. Gordon,  S. R. Gwaltney,  G. Hawkins,  J. E. Herr,  
 A. Heyden,  S. Hirata,  E. G. Hohenstein,  G. Kedziora,  F. J. Keil,  
 C. Kelley,  Jihan Kim,  R. A. King,  R. Z. Khaliullin,  P. P. Korambath,  
 W. Kurlancheek,  A. Laurent,  A. M. Lee,  M. S. Lee,  S. V. Levchenko,  
 Ching Yeh Lin,  D. Liotard,  E. Livshits,  R. C. Lochan,  I. Lotan,  
 L. A. Martinez-Martinez,  P. E. Maslen,  N. Nair,  D. P. O'Neill,  
 D. Neuhauser,  E. Neuscamman,  C. M. Oana,  R. Olivares-Amaya,  R. Olson,  
 T. M. Perrine,  B. Peters,  P. A. Pieniazek,  A. Prociuk,  Y. M. Rhee,  
 J. Ritchie,  M. A. Rohrdanz,  E. Rosta,  N. J. Russ,  H. F. Schaefer III,  
 M. W. Schmidt,  N. E. Schultz,  S. Sharma,  N. Shenvi,  C. D. Sherrill,  
 A. C. Simmonett,  A. Sodt,  T. Stein,  D. Stuck,  K. S. Thanthiriwatte,  
 V. Vanovschi,  L. Vogt,  Tao Wang,  A. Warshel,  M. A. Watson,  
 C. F. Williams,  Q. Wu,  X. Xu,  Jun Yang,  W. Zhang,  Yan Zhao

   Please cite Q-Chem as follows:
  "Software for the frontiers of quantum chemistry:
   An overview of developments in the Q-Chem 5 package"
   J. Chem. Phys. 155, 084801 (2021)
   https://doi.org/10.1063/5.0055522 (open access)

 Q-Chem 6.2.0 for Intel X86 EM64T Linux

 Parts of Q-Chem use Armadillo 9.900.5 (Nocturnal Misbehaviour).
 http://arma.sourceforge.net/

 Q-Chem begins on Wed Sep  4 15:16:01 2024  

 Host: pitzer-login02.hpc.osc.edu
0

     Scratch files written to /fs/scratch/PAS0291/aniketmandal95/qchem168978//
 Processing $rem in /users/PAS0291/aniketmandal95/qctrunk2/config/preferences:
 Processing $rem in /users/PAS0291/aniketmandal95/.qchemrc:

 Checking the input file for inconsistencies... 	...done.

--------------------------------------------------------------
User input:
--------------------------------------------------------------
$molecule
0 1
N  -0.00000000  0.00003004  0.00668480  
H  0.00000000  -0.94342500  -0.38383647  
H  0.81706006  0.47174748  -0.38382417  
H  -0.81706006  0.47174748  -0.38382417  
$end


$rem
 jobtype = sp
 method = src1-r1
 unrestricted = false
 mem_total = 180000
 cis_n_roots = 100
 thresh = 14
 scf_convergence = 9
 cis_triplets false
 use_libqints = true
 scf_algorithm = DIIS
 BASIS = def2-tzvpd
 trnss              true
 trtype             3
 n_sol              1 ! no. of active orbs
$end

$alist
1
$end

--------------------------------------------------------------
 ----------------------------------------------------------------
             Standard Nuclear Orientation (Angstroms)
    I     Atom           X                Y                Z
 ----------------------------------------------------------------
    1      N       0.1171539209     0.0000039917    -0.0000000000
    2      H      -0.2733514384    -0.9434576340     0.0000000000
    3      H      -0.2733630041     0.4717148460    -0.8170600600
    4      H      -0.2733630041     0.4717148460     0.8170600600
 ----------------------------------------------------------------
 Molecular Point Group                 Cs    NOp =  2
 Largest Abelian Subgroup              Cs    NOp =  2
 Nuclear Repulsion Energy =          11.85478936 hartrees
 There are        5 alpha and        5 beta electrons
 Requested basis set is def2-TZVPD
 There are 28 shells and 64 basis functions

 Total QAlloc Memory Limit 180000 MB
 Mega-Array Size       188 MB
 MEM_STATIC part       192 MB


                       Distance Matrix (Angstroms)
             N (  1)   H (  2)   H (  3)
   H (  2)  1.021085
   H (  3)  1.021079  1.634105
   H (  4)  1.021079  1.634105  1.634120
 
 A cutoff of  1.0D-14 yielded    406 shell pairs
 There are      2158 function pairs (      2602 Cartesian)
 Smallest overlap matrix eigenvalue = 6.43E-04

 Scale SEOQF with 1.000000e+00/1.000000e-01/1.000000e-01

 Standard Electronic Orientation quadrupole field applied
 Guess from superposition of atomic densities
 Warning:  Energy on first SCF cycle will be non-variational
 SAD guess density has 10.000000 electrons

 -----------------------------------------------------------------------
  General SCF calculation program by
  Eric Jon Sundstrom, Paul Horn, Yuezhi Mao, Dmitri Zuev, Alec White,
  David Stuck, Shaama M.S., Shane Yost, Joonho Lee, David Small,
  Daniel Levine, Susi Lehtola, Hugh Burton, Evgeny Epifanovsky,
  Bang C. Huynh
 -----------------------------------------------------------------------
 Exchange:     0.5000 Hartree-Fock + 0.8300 B88 + -0.5000 muB88 + 0.1700 muB88src + LR-HF
               (Short-Range Corrected Functional)
 Correlation:  0.1900 VWN5 + 0.8100 LYP
 Using SG-1 standard quadrature grid

 Call libqints based aoints job 20
 using 20 threads for integral computing
 -------------------------------------------------------
 OpenMP Integral computing Module                
 Release: version 1.0, May 2013, Q-Chem Inc. Pittsburgh 
 -------------------------------------------------------
 A restricted SCF calculation will be
 performed using DIIS
 SCF converges when DIIS error is below 1.0e-09
 ---------------------------------------
  Cycle       Energy         DIIS error
 ---------------------------------------

 Call libqints based aoints job 20
    1     -56.6080677749      5.67e-02  

 Call libqints based aoints job 20
    2     -56.5893085659      1.12e-02  

 Call libqints based aoints job 20
    3     -56.5563739773      1.40e-02  

 Call libqints based aoints job 20
    4     -56.6462997621      2.67e-04  

 Call libqints based aoints job 20
    5     -56.6463396977      5.24e-05  

 Call libqints based aoints job 20
    6     -56.6463409199      8.60e-06  

 Call libqints based aoints job 20
    7     -56.6463409691      1.40e-06  

 Call libqints based aoints job 20
    8     -56.6463409703      9.99e-08  

 Call libqints based aoints job 20
    9     -56.6463409703      5.68e-09  
   10     -56.6463409703      4.73e-10  Convergence criterion met
 ---------------------------------------
 SCF time:   CPU 114.79s  wall 18.00s 
 SCF   energy =   -56.64634097
 Total energy =   -56.64634097
 MAX_CIS_SUBSPACE fits in available memory
 Direct TDDFT/TDA calculation will be performed
 Exchange:     0.5000 Hartree-Fock + 0.8300 B88 + -0.5000 muB88 + 0.1700 muB88src + LR-HF
               (Short-Range Corrected Functional)
 Correlation:  0.1900 VWN5 + 0.8100 LYP
 Using SG-1 standard quadrature grid
 Singlet excitation energies requested
 CIS energy converged when residual is below 10e- 6
   
 ***Using a Restricted Set of Single Excitations***
   
 RCIS calculation
   
 Excitations from specified occupied orbitals
 -------------------------------------------------------------
              Orbitals in Truncated CIS space
 -------------------------------------------------------------
     1   6   7   8   9  10  11  12  13  14  15  16  17  18  19
    20  21  22  23  24  25  26  27  28  29  30  31  32  33  34
    35  36  37  38  39  40  41  42  43  44  45  46  47  48  49
    50  51  52  53  54  55  56  57  58  59  60  61  62  63  64
   
    Number of Occupied Orbitals =    1  out of     5
    Number of Virtual Orbitals  =   59  out of    59
 -------------------------------------------------------------
 Number of Roots adjusted to:          59
 ---------------------------------------------------
 Iter    Rts Conv    Rts Left    Ttl Dev     Max Dev
 ---------------------------------------------------
   1        59           0      0.086000    0.006372    Roots Converged
 ---------------------------------------------------
 
 ---------------------------------------------------
         TDDFT/TDA Excitation Energies              
 ---------------------------------------------------

 Excited state   1: excitation energy (eV) =     401.7104
 Total energy for state   1:                   -41.88375608 au
    Multiplicity: Singlet
    Trans. Mom.: -0.0331 X   0.0000 Y   0.0000 Z
    Strength   :     0.0108142655
    D(    1) --> V(    1) amplitude =  0.9679

 Excited state   2: excitation energy (eV) =     403.0787
 Total energy for state   2:                   -41.83347063 au
    Multiplicity: Singlet
    Trans. Mom.: -0.0000 X  -0.0676 Y  -0.0000 Z
    Strength   :     0.0451803178
    D(    1) --> V(    3) amplitude =  0.9201
    D(    1) --> V(   13) amplitude =  0.3099

 Excited state   3: excitation energy (eV) =     403.0788
 Total energy for state   3:                   -41.83346806 au
    Multiplicity: Singlet
    Trans. Mom.: -0.0000 X   0.0000 Y  -0.0676 Z
    Strength   :     0.0451790344
    D(    1) --> V(    2) amplitude =  0.9201
    D(    1) --> V(   12) amplitude =  0.3099

 Excited state   4: excitation energy (eV) =     404.9238
 Total energy for state   4:                   -41.76566547 au
    Multiplicity: Singlet
    Trans. Mom.:  0.0498 X   0.0000 Y  -0.0000 Z
    Strength   :     0.0245764108
    D(    1) --> V(    4) amplitude =  0.9587

 Excited state   5: excitation energy (eV) =     406.1198
 Total energy for state   5:                   -41.72171185 au
    Multiplicity: Singlet
    Trans. Mom.: -0.0000 X   0.0071 Y  -0.0000 Z
    Strength   :     0.0004988987
    D(    1) --> V(    3) amplitude =  0.2145
    D(    1) --> V(    5) amplitude =  0.9658

 Excited state   6: excitation energy (eV) =     406.1215
 Total energy for state   6:                   -41.72165044 au
    Multiplicity: Singlet
    Trans. Mom.:  0.0000 X   0.0000 Y   0.0071 Z
    Strength   :     0.0005006550
    D(    1) --> V(    2) amplitude =  0.2145
    D(    1) --> V(    6) amplitude =  0.9658

 Excited state   7: excitation energy (eV) =     406.9780
 Total energy for state   7:                   -41.69017704 au
    Multiplicity: Singlet
    Trans. Mom.: -0.0151 X  -0.0000 Y   0.0000 Z
    Strength   :     0.0022811723
    D(    1) --> V(    7) amplitude =  0.9485

 Excited state   8: excitation energy (eV) =     407.4610
 Total energy for state   8:                   -41.67242468 au
    Multiplicity: Singlet
    Trans. Mom.: -0.0000 X   0.0017 Y   0.0000 Z
    Strength   :     0.0000301368
    D(    1) --> V(    8) amplitude =  0.9945

 Excited state   9: excitation energy (eV) =     407.4611
 Total energy for state   9:                   -41.67242207 au
    Multiplicity: Singlet
    Trans. Mom.: -0.0000 X   0.0000 Y  -0.0017 Z
    Strength   :     0.0000303079
    D(    1) --> V(    9) amplitude =  0.9945

 Excited state  10: excitation energy (eV) =     408.9341
 Total energy for state  10:                   -41.61829122 au
    Multiplicity: Singlet
    Trans. Mom.:  0.0121 X  -0.0001 Y  -0.0000 Z
    Strength   :     0.0014568526
    D(    1) --> V(   10) amplitude =  0.9645

 Excited state  11: excitation energy (eV) =     409.2244
 Total energy for state  11:                   -41.60762066 au
    Multiplicity: Singlet
    Trans. Mom.: -0.0000 X  -0.0513 Y  -0.0003 Z
    Strength   :     0.0263908523
    D(    1) --> V(    3) amplitude = -0.3142
    D(    1) --> V(   13) amplitude =  0.9083

 Excited state  12: excitation energy (eV) =     409.2245
 Total energy for state  12:                   -41.60761981 au
    Multiplicity: Singlet
    Trans. Mom.:  0.0000 X   0.0003 Y  -0.0513 Z
    Strength   :     0.0263893600
    D(    1) --> V(    2) amplitude = -0.3142
    D(    1) --> V(   12) amplitude =  0.9083

 Excited state  13: excitation energy (eV) =     410.9129
 Total energy for state  13:                   -41.54557148 au
    Multiplicity: Singlet
    Trans. Mom.: -0.0000 X  -0.0000 Y   0.0000 Z
    Strength   :     0.0000000022
    D(    1) --> V(   11) amplitude =  1.0000

 Excited state  14: excitation energy (eV) =     412.6899
 Total energy for state  14:                   -41.48026710 au
    Multiplicity: Singlet
    Trans. Mom.: -0.0000 X  -0.0013 Y   0.0000 Z
    Strength   :     0.0000169132
    D(    1) --> V(   14) amplitude =  0.9887

 Excited state  15: excitation energy (eV) =     412.6911
 Total energy for state  15:                   -41.48022328 au
    Multiplicity: Singlet
    Trans. Mom.: -0.0000 X  -0.0000 Y  -0.0013 Z
    Strength   :     0.0000167785
    D(    1) --> V(   15) amplitude =  0.9887

 Excited state  16: excitation energy (eV) =     413.4463
 Total energy for state  16:                   -41.45246926 au
    Multiplicity: Singlet
    Trans. Mom.:  0.0032 X  -0.0000 Y  -0.0000 Z
    Strength   :     0.0001021074
    D(    1) --> V(   16) amplitude =  0.9962

 Excited state  17: excitation energy (eV) =     414.2461
 Total energy for state  17:                   -41.42307722 au
    Multiplicity: Singlet
    Trans. Mom.:  0.0000 X   0.0000 Y   0.0114 Z
    Strength   :     0.0013076505
    D(    1) --> V(   17) amplitude =  0.9935

 Excited state  18: excitation energy (eV) =     414.2466
 Total energy for state  18:                   -41.42305830 au
    Multiplicity: Singlet
    Trans. Mom.:  0.0000 X   0.0113 Y  -0.0000 Z
    Strength   :     0.0013066351
    D(    1) --> V(   18) amplitude =  0.9935

 Excited state  19: excitation energy (eV) =     416.4206
 Total energy for state  19:                   -41.34316528 au
    Multiplicity: Singlet
    Trans. Mom.: -0.0628 X   0.0000 Y   0.0000 Z
    Strength   :     0.0402897593
    D(    1) --> V(   19) amplitude =  0.6120
    D(    1) --> V(   22) amplitude =  0.7671

 Excited state  20: excitation energy (eV) =     417.4344
 Total energy for state  20:                   -41.30590806 au
    Multiplicity: Singlet
    Trans. Mom.:  0.0220 X  -0.0000 Y  -0.0000 Z
    Strength   :     0.0049472936
    D(    1) --> V(   19) amplitude =  0.7823
    D(    1) --> V(   22) amplitude = -0.6057

 Excited state  21: excitation energy (eV) =     418.4828
 Total energy for state  21:                   -41.26738156 au
    Multiplicity: Singlet
    Trans. Mom.: -0.0000 X  -0.0325 Y  -0.0000 Z
    Strength   :     0.0108331897
    D(    1) --> V(   20) amplitude =  0.9485
    D(    1) --> V(   23) amplitude =  0.2465

 Excited state  22: excitation energy (eV) =     418.4854
 Total energy for state  22:                   -41.26728621 au
    Multiplicity: Singlet
    Trans. Mom.: -0.0000 X   0.0000 Y  -0.0325 Z
    Strength   :     0.0108489778
    D(    1) --> V(   21) amplitude =  0.9484
    D(    1) --> V(   24) amplitude = -0.2468

 Excited state  23: excitation energy (eV) =     420.9445
 Total energy for state  23:                   -41.17691570 au
    Multiplicity: Singlet
    Trans. Mom.: -0.0000 X  -0.0484 Y  -0.0000 Z
    Strength   :     0.0241319974
    D(    1) --> V(   20) amplitude = -0.2767
    D(    1) --> V(   23) amplitude =  0.9450

 Excited state  24: excitation energy (eV) =     420.9452
 Total energy for state  24:                   -41.17689139 au
    Multiplicity: Singlet
    Trans. Mom.:  0.0000 X  -0.0000 Y   0.0484 Z
    Strength   :     0.0241162762
    D(    1) --> V(   21) amplitude =  0.2770
    D(    1) --> V(   24) amplitude =  0.9450

 Excited state  25: excitation energy (eV) =     424.4763
 Total energy for state  25:                   -41.04712363 au
    Multiplicity: Singlet
    Trans. Mom.: -0.0020 X  -0.0000 Y  -0.0000 Z
    Strength   :     0.0000426455
    D(    1) --> V(   25) amplitude =  0.9968

 Excited state  26: excitation energy (eV) =     434.8820
 Total energy for state  26:                   -40.66472328 au
    Multiplicity: Singlet
    Trans. Mom.:  0.0000 X   0.0000 Y   0.0137 Z
    Strength   :     0.0020129918
    D(    1) --> V(   26) amplitude =  0.9966

 Excited state  27: excitation energy (eV) =     434.8821
 Total energy for state  27:                   -40.66471727 au
    Multiplicity: Singlet
    Trans. Mom.:  0.0000 X   0.0137 Y  -0.0000 Z
    Strength   :     0.0020130606
    D(    1) --> V(   27) amplitude =  0.9966

 Excited state  28: excitation energy (eV) =     437.0196
 Total energy for state  28:                   -40.58616826 au
    Multiplicity: Singlet
    Trans. Mom.:  0.0114 X   0.0000 Y  -0.0000 Z
    Strength   :     0.0013945563
    D(    1) --> V(   28) amplitude =  0.9975

 Excited state  29: excitation energy (eV) =     438.3699
 Total energy for state  29:                   -40.53654520 au
    Multiplicity: Singlet
    Trans. Mom.: -0.0000 X  -0.0042 Y  -0.0005 Z
    Strength   :     0.0001920863
    D(    1) --> V(   30) amplitude =  0.9909

 Excited state  30: excitation energy (eV) =     438.3699
 Total energy for state  30:                   -40.53654520 au
    Multiplicity: Singlet
    Trans. Mom.: -0.0000 X  -0.0005 Y   0.0042 Z
    Strength   :     0.0001921101
    D(    1) --> V(   29) amplitude =  0.9909

 Excited state  31: excitation energy (eV) =     447.1871
 Total energy for state  31:                   -40.21251810 au
    Multiplicity: Singlet
    Trans. Mom.:  0.0000 X   0.0000 Y   0.0000 Z
    Strength   :     0.0000000000
    D(    1) --> V(   31) amplitude =  0.9999

 Excited state  32: excitation energy (eV) =     451.0080
 Total energy for state  32:                   -40.07210344 au
    Multiplicity: Singlet
    Trans. Mom.: -0.0000 X   0.0219 Y   0.0000 Z
    Strength   :     0.0052846977
    D(    1) --> V(   32) amplitude =  0.9970

 Excited state  33: excitation energy (eV) =     451.0080
 Total energy for state  33:                   -40.07210176 au
    Multiplicity: Singlet
    Trans. Mom.:  0.0000 X   0.0000 Y  -0.0219 Z
    Strength   :     0.0052852815
    D(    1) --> V(   33) amplitude =  0.9970

 Excited state  34: excitation energy (eV) =     453.7041
 Total energy for state  34:                   -39.97302352 au
    Multiplicity: Singlet
    Trans. Mom.:  0.0798 X  -0.0000 Y  -0.0000 Z
    Strength   :     0.0707696788
    D(    1) --> V(   34) amplitude =  0.9376
    D(    1) --> V(   35) amplitude =  0.2264
    D(    1) --> V(   40) amplitude =  0.2398

 Excited state  35: excitation energy (eV) =     457.3943
 Total energy for state  35:                   -39.83741147 au
    Multiplicity: Singlet
    Trans. Mom.:  0.0433 X   0.0000 Y   0.0000 Z
    Strength   :     0.0210152540
    D(    1) --> V(   34) amplitude = -0.2791
    D(    1) --> V(   35) amplitude =  0.9336
    D(    1) --> V(   40) amplitude =  0.2143

 Excited state  36: excitation energy (eV) =     458.2045
 Total energy for state  36:                   -39.80763642 au
    Multiplicity: Singlet
    Trans. Mom.: -0.0000 X  -0.0924 Y  -0.0000 Z
    Strength   :     0.0958997975
    D(    1) --> V(   36) amplitude =  0.9385
    D(    1) --> V(   38) amplitude =  0.2819

 Excited state  37: excitation energy (eV) =     458.2046
 Total energy for state  37:                   -39.80763113 au
    Multiplicity: Singlet
    Trans. Mom.: -0.0000 X  -0.0000 Y   0.0924 Z
    Strength   :     0.0958983356
    D(    1) --> V(   37) amplitude =  0.9385
    D(    1) --> V(   39) amplitude =  0.2819

 Excited state  38: excitation energy (eV) =     464.5800
 Total energy for state  38:                   -39.57334221 au
    Multiplicity: Singlet
    Trans. Mom.:  0.0743 X   0.0000 Y  -0.0000 Z
    Strength   :     0.0627878535
    D(    1) --> V(   35) amplitude = -0.2707
    D(    1) --> V(   40) amplitude =  0.9415

 Excited state  39: excitation energy (eV) =     465.9379
 Total energy for state  39:                   -39.52343944 au
    Multiplicity: Singlet
    Trans. Mom.: -0.0000 X   0.0000 Y   0.0444 Z
    Strength   :     0.0224653930
    D(    1) --> V(   37) amplitude = -0.3101
    D(    1) --> V(   39) amplitude =  0.9399

 Excited state  40: excitation energy (eV) =     465.9380
 Total energy for state  40:                   -39.52343588 au
    Multiplicity: Singlet
    Trans. Mom.: -0.0000 X  -0.0444 Y   0.0000 Z
    Strength   :     0.0224624669
    D(    1) --> V(   36) amplitude = -0.3101
    D(    1) --> V(   38) amplitude =  0.9399

 Excited state  41: excitation energy (eV) =     474.0538
 Total energy for state  41:                   -39.22518584 au
    Multiplicity: Singlet
    Trans. Mom.: -0.0000 X  -0.0444 Y  -0.0000 Z
    Strength   :     0.0228613333
    D(    1) --> V(   41) amplitude =  0.9731

 Excited state  42: excitation energy (eV) =     474.0543
 Total energy for state  42:                   -39.22516785 au
    Multiplicity: Singlet
    Trans. Mom.:  0.0000 X  -0.0000 Y   0.0444 Z
    Strength   :     0.0228598574
    D(    1) --> V(   42) amplitude =  0.9731

 Excited state  43: excitation energy (eV) =     474.8265
 Total energy for state  43:                   -39.19679074 au
    Multiplicity: Singlet
    Trans. Mom.:  0.0209 X  -0.0000 Y   0.0000 Z
    Strength   :     0.0051009220
    D(    1) --> V(   43) amplitude =  0.9921

 Excited state  44: excitation energy (eV) =     484.6608
 Total energy for state  44:                   -38.83538564 au
    Multiplicity: Singlet
    Trans. Mom.:  0.0070 X  -0.0000 Y  -0.0000 Z
    Strength   :     0.0005759125
    D(    1) --> V(   44) amplitude =  0.9961

 Excited state  45: excitation energy (eV) =     489.8741
 Total energy for state  45:                   -38.64379876 au
    Multiplicity: Singlet
    Trans. Mom.:  0.0000 X   0.0298 Y   0.0000 Z
    Strength   :     0.0106770600
    D(    1) --> V(   45) amplitude =  0.9955

 Excited state  46: excitation energy (eV) =     489.8755
 Total energy for state  46:                   -38.64374807 au
    Multiplicity: Singlet
    Trans. Mom.:  0.0000 X  -0.0000 Y   0.0298 Z
    Strength   :     0.0106764120
    D(    1) --> V(   46) amplitude =  0.9955

 Excited state  47: excitation energy (eV) =     508.7711
 Total energy for state  47:                   -37.94934680 au
    Multiplicity: Singlet
    Trans. Mom.:  0.0055 X  -0.0000 Y  -0.0000 Z
    Strength   :     0.0003731126
    D(    1) --> V(   47) amplitude =  0.9991

 Excited state  48: excitation energy (eV) =     516.0570
 Total energy for state  48:                   -37.68159748 au
    Multiplicity: Singlet
    Trans. Mom.: -0.0000 X  -0.0000 Y   0.0031 Z
    Strength   :     0.0001234228
    D(    1) --> V(   48) amplitude =  0.9920

 Excited state  49: excitation energy (eV) =     516.0570
 Total energy for state  49:                   -37.68159442 au
    Multiplicity: Singlet
    Trans. Mom.:  0.0000 X  -0.0031 Y  -0.0000 Z
    Strength   :     0.0001234305
    D(    1) --> V(   49) amplitude =  0.9920

 Excited state  50: excitation energy (eV) =     519.2249
 Total energy for state  50:                   -37.56517957 au
    Multiplicity: Singlet
    Trans. Mom.: -0.0000 X  -0.0000 Y  -0.0000 Z
    Strength   :     0.0000000001
    D(    1) --> V(   50) amplitude =  0.9999

 Excited state  51: excitation energy (eV) =     524.4250
 Total energy for state  51:                   -37.37407675 au
    Multiplicity: Singlet
    Trans. Mom.: -0.0014 X  -0.0000 Y  -0.0000 Z
    Strength   :     0.0000240405
    D(    1) --> V(   51) amplitude =  0.9985

 Excited state  52: excitation energy (eV) =     525.1675
 Total energy for state  52:                   -37.34679093 au
    Multiplicity: Singlet
    Trans. Mom.:  0.0000 X   0.0004 Y   0.0000 Z
    Strength   :     0.0000016923
    D(    1) --> V(   52) amplitude =  0.9908

 Excited state  53: excitation energy (eV) =     525.1687
 Total energy for state  53:                   -37.34674632 au
    Multiplicity: Singlet
    Trans. Mom.: -0.0000 X  -0.0000 Y   0.0004 Z
    Strength   :     0.0000016945
    D(    1) --> V(   53) amplitude =  0.9908

 Excited state  54: excitation energy (eV) =     529.1905
 Total energy for state  54:                   -37.19895000 au
    Multiplicity: Singlet
    Trans. Mom.: -0.0000 X   0.0002 Y   0.0000 Z
    Strength   :     0.0000005495
    D(    1) --> V(   54) amplitude =  0.9974

 Excited state  55: excitation energy (eV) =     529.1924
 Total energy for state  55:                   -37.19888062 au
    Multiplicity: Singlet
    Trans. Mom.:  0.0000 X  -0.0000 Y   0.0002 Z
    Strength   :     0.0000005559
    D(    1) --> V(   55) amplitude =  0.9974

 Excited state  56: excitation energy (eV) =     546.9600
 Total energy for state  56:                   -36.54593228 au
    Multiplicity: Singlet
    Trans. Mom.: -0.0000 X  -0.0199 Y   0.0000 Z
    Strength   :     0.0053103426
    D(    1) --> V(   56) amplitude =  0.9987

 Excited state  57: excitation energy (eV) =     546.9602
 Total energy for state  57:                   -36.54592472 au
    Multiplicity: Singlet
    Trans. Mom.:  0.0000 X   0.0000 Y   0.0199 Z
    Strength   :     0.0053100790
    D(    1) --> V(   57) amplitude =  0.9987

 Excited state  58: excitation energy (eV) =     556.7926
 Total energy for state  58:                   -36.18459078 au
    Multiplicity: Singlet
    Trans. Mom.: -0.0088 X  -0.0000 Y  -0.0000 Z
    Strength   :     0.0010513420
    D(    1) --> V(   58) amplitude =  0.9997

 Excited state  59: excitation energy (eV) =    1270.8953
 Total energy for state  59:                    -9.94179968 au
    Multiplicity: Singlet
    Trans. Mom.: -0.0015 X  -0.0000 Y  -0.0000 Z
    Strength   :     0.0000659297
    D(    1) --> V(   59) amplitude =  1.0000
 
 ---------------------------------------------------
 Starting SETmanPost()
  SETman timing summary (seconds)
  CPU time                27.55s
  System time              0.00s
  Wall time               11.41s
 
 --------------------------------------------------------------
             Orbital Energies (a.u.) and Symmetries
 --------------------------------------------------------------
 
 Alpha MOs, Restricted
 -- Occupied --                  
-14.834  -0.902  -0.475  -0.475  -0.285
  1 A'    2 A'    1 A"    3 A'    4 A'                                         
 -- Virtual --                   
  0.002   0.083   0.083   0.129   0.142   0.142   0.179   0.185
  5 A'    2 A"    6 A'    7 A'    8 A'    3 A"    9 A'   10 A'                 
  0.185   0.254   0.305   0.308   0.308   0.383   0.383   0.417
  4 A"   11 A'    5 A"    6 A"   12 A'   13 A'    7 A"   14 A'                 
  0.456   0.456   0.583   0.630   0.630   0.632   0.762   0.762
  8 A"   15 A'   16 A'   17 A'    9 A"   18 A'   19 A'   10 A"                 
  0.850   1.296   1.296   1.377   1.411   1.411   1.703   1.847
 20 A'   11 A"   21 A'   22 A'   12 A"   23 A'   13 A"   24 A'                 
  1.847   2.011   2.145   2.228   2.228   2.450   2.450   2.483
 14 A"   25 A'   26 A'   27 A'   15 A"   28 A'   16 A"   29 A'                 
  2.748   2.748   2.799   3.106   3.347   3.347   4.112   4.395
 30 A'   17 A"   31 A'   32 A'   33 A'   18 A"   34 A'   19 A"                 
  4.395   4.497   4.854   4.867   4.867   5.018   5.018   5.497
 35 A'   20 A"   36 A'   37 A'   21 A"   38 A'   22 A"   39 A'                 
  5.497   5.867  32.376
 23 A"   40 A'   41 A'                                                         
 
 Beta MOs, Restricted
 -- Occupied --                  
-14.834  -0.902  -0.475  -0.475  -0.285
  1 A'    2 A'    1 A"    3 A'    4 A'                                         
 -- Virtual --                   
  0.002   0.083   0.083   0.129   0.142   0.142   0.179   0.185
  5 A'    2 A"    6 A'    7 A'    8 A'    3 A"    9 A'   10 A'                 
  0.185   0.254   0.305   0.308   0.308   0.383   0.383   0.417
  4 A"   11 A'    5 A"    6 A"   12 A'   13 A'    7 A"   14 A'                 
  0.456   0.456   0.583   0.630   0.630   0.632   0.762   0.762
  8 A"   15 A'   16 A'   17 A'    9 A"   18 A'   19 A'   10 A"                 
  0.850   1.296   1.296   1.377   1.411   1.411   1.703   1.847
 20 A'   11 A"   21 A'   22 A'   12 A"   23 A'   13 A"   24 A'                 
  1.847   2.011   2.145   2.228   2.228   2.450   2.450   2.483
 14 A"   25 A'   26 A'   27 A'   15 A"   28 A'   16 A"   29 A'                 
  2.748   2.748   2.799   3.106   3.347   3.347   4.112   4.395
 30 A'   17 A"   31 A'   32 A'   33 A'   18 A"   34 A'   19 A"                 
  4.395   4.497   4.854   4.867   4.867   5.018   5.018   5.497
 35 A'   20 A"   36 A'   37 A'   21 A"   38 A'   22 A"   39 A'                 
  5.497   5.867  32.376
 23 A"   40 A'   41 A'                                                         
 --------------------------------------------------------------
 
          Ground-State Mulliken Net Atomic Charges

     Atom                 Charge (a.u.)
  ----------------------------------------
      1 N                    -0.580048
      2 H                     0.193410
      3 H                     0.193319
      4 H                     0.193319
  ----------------------------------------
  Sum of atomic charges =     0.000000

 -----------------------------------------------------------------
                    Cartesian Multipole Moments
 -----------------------------------------------------------------
    Charge (ESU x 10^10)
                -0.0000
    Dipole Moment (Debye)
         X      -1.5171      Y      -0.0001      Z      -0.0000
       Tot       1.5171
    Quadrupole Moments (Debye-Ang)
        XX      -9.2938     XY      -0.0000     YY      -6.3006
        XZ       0.0000     YZ       0.0000     ZZ      -6.3005
    Octopole Moments (Debye-Ang^2)
       XXX      -1.0909    XXY      -0.0002    XYY      -0.8233
       YYY      -0.9396    XXZ      -0.0000    XYZ       0.0000
       YYZ      -0.0000    XZZ      -0.8234    YZZ       0.9394
       ZZZ      -0.0000
    Hexadecapole Moments (Debye-Ang^3)
      XXXX     -12.3887   XXXY       0.0001   XXYY      -3.9472
      XYYY       0.3287   YYYY     -10.4023   XXXZ       0.0000
      XXYZ      -0.0000   XYYZ       0.0000   YYYZ       0.0000
      XXZZ      -3.9473   XYZZ      -0.3287   YYZZ      -3.4674
      XZZZ       0.0000   YZZZ      -0.0000   ZZZZ     -10.4023
 -----------------------------------------------------------------
 Total job time:  30.99s(wall), 147.48s(cpu) 
 Wed Sep  4 15:16:32 2024

        *************************************************************
        *                                                           *
        *  Thank you very much for using Q-Chem.  Have a nice day.  *
        *                                                           *
        *************************************************************


