                  Welcome to Q-Chem
     A Quantum Leap Into The Future Of Chemistry


 Q-Chem 6.2 (devel), Q-Chem, Inc., Pleasanton, CA (2024)

 E. Epifanovsky,  A. T. B. Gilbert,  Xintian Feng,  Joonho Lee,  Yuezhi Mao,  
 N. Mardirossian,  P. Pokhilko,  A. White,  M. Wormit,  M. P. Coons,  
 A. L. Dempwolff,  Zhengting Gan,  D. Hait,  P. R. Horn,  L. D. Jacobson,  
 I. Kaliman,  J. Kussmann,  A. W. Lange,  Ka Un Lao,  D. S. Levine,  Jie Liu,  
 S. C. McKenzie,  A. F. Morrison,  K. D. Nanda,  F. Plasser,  D. R. Rehn,  
 M. L. Vidal,  Zhi-Qiang You,  Ying Zhu,  Huseyin Aksu,  B. Alam,  
 B. Albrecht,  A. Aldossary,  E. Alguire,  J. H. Andersen,  
 J. E. Arias-Martinez,  V. Athavale,  D. Barton,  K. Begam,  A. Behn,  
 N. Bellonzi,  Y. A. Bernard,  E. J. Berquist,  H. Burton,  A. Carreras,  
 K. Carter-Fenk,  Mathew Chow,  Romit Chakraborty,  Chandrima Chakravarty,  
 Junhan Chen,  A. D. Chien,  K. D. Closser,  V. Cofer-Shabica,  L. Cunha,  
 S. Dasgupta,  Jia Deng,  Joseph Dickinson,  M. de Wergifosse,  
 M. Diedenhofen,  Hainam Do,  Wenjie Dou,  S. Ehlert,  Po-Tung Fang,  
 S. Fatehi,  Qingguo Feng,  Jonathan Fetherolf,  T. Friedhoff,  
 Thomas Froitzheim,  Sarai Folkestad,  B. Ganoe,  J. Gayvert,  Qinghui Ge,  
 G. Gidofalvi,  M. Gimferrer,  M. Goldey,  Montgomery Gray,  J. Gomes,  
 C. Gonzalez-Espinoza,  S. Gulania,  A. Gunina,  J. A. Gyamfi,  
 M. W. D. Hanson-Heine,  P. H. P. Harbach,  A. W. Hauser,  M. F. Herbst,  
 M. Hernandez Vera,  M. Hodecker,  Z. C. Holden,  S. Houck,  Xunkun Huang,  
 Kerwin Hui,  B. C. Huynh,  K. Ikeda,  M. Ivanov,  Nayanthara K. Jayadev,  
 Hyunjun Ji,  Zuxin Jin,  Hanjie Jiang,  Subrata Jana,  B. Kaduk,  
 S. Kaehler,  R. Kang,  K. Khistyaev,  Jaehoon Kim,  Yongbin Kim,  
 P. Klunzinger,  Z. Koczor-Benda,  Joong Hoon Koh,  D. Kosenkov,  
 Saikiran Kotaru,  L. Koulias,  T. Kowalczyk,  C. M. Krauter,  K. Kue,  
 A. Kunitsa,  T. Kus,  A. Landau,  K. V. Lawler,  D. Lefrancois,  S. Lehtola,  
 Rain Li,  Shaozhi Li,  Tao E. Li,  Yi-Pei Li,  Jiashu Liang,  M. Liebenthal,  
 Hung-Hsuan Lin,  You-Sheng Lin,  Fenglai Liu,  Kuan-Yu Liu,  Xiao Liu,  
 M. Loipersberger,  A. Luenser,  C. Malbon,  Aniket Mandal,  Manisha,  
 A. Manjanath,  P. Manohar,  E. Mansoor,  S. F. Manzer,  Shan-Ping Mao,  
 A. V. Marenich,  T. Markovich,  S. Mason,  F. Matz,  S. A. Maurer,  
 Samuel May,  Alexandra McIsaac,  P. F. McLaughlin,  M. F. S. J. Menger,  
 J.-M. Mewes,  S. A. Mewes,  P. Morgante,  Mohammad Mostafanejad,  
 Madhubani Mukherjee,  J. W. Mullinax,  Quyen Nguyen,  Avik Kumar Ojha,  
 K. J. Oosterbaan,  Eno Paenurk,  Xiaoliang Pan,  G. Paran,  V. Parravicini,  
 Alexander C. Paul,  Suranjan K. Paul,  F. Pavosevic,  Zheng Pei,  S. Prager,  
 E. I. Proynov,  E. Ramos,  B. Rana,  A. E. Rask,  A. Rettig,  R. M. Richard,  
 F. Rob,  E. Rossomme,  T. Scheele,  M. Scheurer,  M. Schneider,  
 P. E. Schneider,  Tim K. Schramm,  N. Sergueev,  S. M. Sharada,  
 Hengyuan Shen,  W. Skomorowski,  D. W. Small,  C. J. Stein,  
 Alistair J. Sterling,  Yingli Su,  Yu-Chuan Su,  E. J. Sundstrom,  
 J. Talbot,  Zhen Tao,  J. Thirman,  Hung-Yi Tsai,  T. Tsuchimochi,  
 N. M. Tubman,  C. Utku,  S. P. Veccham,  O. Vydrov,  Rahel Weiss,  
 J. Wenzel,  Jonathan Wong,  J. Witte,  H. Wu,  Yanze Wu,  A. Yamada,  
 Chou-Hsun Yang,  Kun Yao,  S. Yeganeh,  S. R. Yost,  Qi Yu,  A. Zech,  
 F. Zeller,  Chongxiao Zhao,  Igor Ying Zhang,  Xing Zhang,  Yu Zhang,  
 D. Zuev,  A. Aspuru-Guzik,  A. T. Bell,  N. A. Besley,  K. B. Bravaya,  
 B. R. Brooks,  D. Casanova,  Jeng-Da Chai,  Hsing-Ta Chen,  S. Coriani,  
 C. J. Cramer,  A. E. DePrince, III,  R. A. DiStasio Jr.,  A. Dreuw,  
 B. D. Dunietz,  T. R. Furlani,  W. A. Goddard III,  S. Grimme,  
 S. Hammes-Schiffer,  T. Head-Gordon,  W. J. Hehre,  Chao-Ping Hsu,  
 T.-C. Jagau,  Yousung Jung,  A. Klamt,  Jing Kong,  D. S. Lambrecht,  
 Xiangyuan Li,  WanZhen Liang,  N. J. Mayhall,  C. W. McCurdy,  J. B. Neaton,  
 T. Neudecker,  C. Ochsenfeld,  J. A. Parkhill,  R. Peverati,  
 V. A. Rassolov,  Haisheng Ren,  Yihan Shao,  L. V. Slipchenko,  
 R. P. Steele,  J. E. Subotnik,  A. J. W. Thom,  A. Tkatchenko,  
 D. G. Truhlar,  T. Van Voorhis,  Fan Wang,  T. A. Wesolowski,  K. B. Whaley,  
 H. L. Woodcock III,  P. M. Zimmerman,  S. Faraji,  P. M. W. Gill,  
 M. Head-Gordon,  J. M. Herbert,  A. I. Krylov

 Contributors to earlier versions of Q-Chem not listed above: 
 R. D. Adamson,  B. Austin,  R. Baer,  J. Baker,  G. J. O. Beran,  
 K. Brandhorst,  S. T. Brown,  E. F. C. Byrd,  Arup K. Chakraborty,  
 G. K. L. Chan,  Chun-Min Chang,  Yunqing Chen,  C.-L. Cheng,  
 Siu Hung Chien,  D. M. Chipman,  D. L. Crittenden,  H. Dachsel,  
 R. J. Doerksen,  A. D. Dutoi,  R. G. Edgar,  J. Fosso-Tande,  
 L. Fusti-Molnar,  D. Ghosh,  A. Ghysels,  A. Golubeva-Zadorozhnaya,  
 J. Gonthier,  M. S. Gordon,  S. R. Gwaltney,  G. Hawkins,  J. E. Herr,  
 A. Heyden,  S. Hirata,  E. G. Hohenstein,  G. Kedziora,  F. J. Keil,  
 C. Kelley,  Jihan Kim,  R. A. King,  R. Z. Khaliullin,  P. P. Korambath,  
 W. Kurlancheek,  A. Laurent,  A. M. Lee,  M. S. Lee,  S. V. Levchenko,  
 Ching Yeh Lin,  D. Liotard,  E. Livshits,  R. C. Lochan,  I. Lotan,  
 L. A. Martinez-Martinez,  P. E. Maslen,  N. Nair,  D. P. O'Neill,  
 D. Neuhauser,  E. Neuscamman,  C. M. Oana,  R. Olivares-Amaya,  R. Olson,  
 T. M. Perrine,  B. Peters,  P. A. Pieniazek,  A. Prociuk,  Y. M. Rhee,  
 J. Ritchie,  M. A. Rohrdanz,  E. Rosta,  N. J. Russ,  H. F. Schaefer III,  
 M. W. Schmidt,  N. E. Schultz,  S. Sharma,  N. Shenvi,  C. D. Sherrill,  
 A. C. Simmonett,  A. Sodt,  T. Stein,  D. Stuck,  K. S. Thanthiriwatte,  
 V. Vanovschi,  L. Vogt,  Tao Wang,  A. Warshel,  M. A. Watson,  
 C. F. Williams,  Q. Wu,  X. Xu,  Jun Yang,  W. Zhang,  Yan Zhao

   Please cite Q-Chem as follows:
  "Software for the frontiers of quantum chemistry:
   An overview of developments in the Q-Chem 5 package"
   J. Chem. Phys. 155, 084801 (2021)
   https://doi.org/10.1063/5.0055522 (open access)

 Q-Chem 6.2.0 for Intel X86 EM64T Linux

 Parts of Q-Chem use Armadillo 9.900.5 (Nocturnal Misbehaviour).
 http://arma.sourceforge.net/

 Q-Chem begins on Wed Sep  4 15:11:15 2024  

 Host: pitzer-login02.hpc.osc.edu
0

     Scratch files written to /fs/scratch/PAS0291/aniketmandal95/qchem142445//
 Processing $rem in /users/PAS0291/aniketmandal95/qctrunk2/config/preferences:
 Processing $rem in /users/PAS0291/aniketmandal95/.qchemrc:

 Checking the input file for inconsistencies... 	...done.

--------------------------------------------------------------
User input:
--------------------------------------------------------------
$molecule
0 1
C  -0.00690361  -0.01195201  -0.00487939  
F  0.00417086  0.00722166  1.34565038  
F  1.27008215  0.00722026  -0.44461398  
F  -0.62878659  1.10353466  -0.44461915  
H  -0.52495080  -0.90924857  -0.37120286  
$end


$rem
 jobtype = sp
 method = src1-r1
 unrestricted = false
 mem_total = 180000
 cis_n_roots = 100
 thresh = 14
 scf_convergence = 9
 cis_triplets false
 use_libqints = true
 scf_algorithm = DIIS
 BASIS = def2-tzvpd
 trnss              true
 trtype             3
 n_sol              1 ! no. of active orbs
$end

$alist
1
$end

--------------------------------------------------------------
 ----------------------------------------------------------------
             Standard Nuclear Orientation (Angstroms)
    I     Atom           X                Y                Z
 ----------------------------------------------------------------
    1      C      -0.0000029770    -0.0000005432    -0.3417489180
    2      F       0.5366443712    -1.1465347216     0.1293030268
    3      F       0.7246106711     1.0380124953     0.1293038495
    4      F      -1.2612530971     0.1085218553     0.1293041915
    5      H       0.0000003553     0.0000065979    -1.4407061020
 ----------------------------------------------------------------
 Molecular Point Group                 C1    NOp =  1
 Largest Abelian Subgroup              C1    NOp =  1
 Nuclear Repulsion Energy =         132.08803778 hartrees
 There are       17 alpha and       17 beta electrons
 Requested basis set is def2-TZVPD
 There are 60 shells and 166 basis functions

 Total QAlloc Memory Limit 180000 MB
 Mega-Array Size       188 MB
 MEM_STATIC part       192 MB


                       Distance Matrix (Angstroms)
             C (  1)   F (  2)   F (  3)   F (  4)
   F (  2)  1.350711
   F (  3)  1.350713  2.192619
   F (  4)  1.350711  2.192625  2.192626
   H (  5)  1.098957  2.016798  2.016791  2.016797
 
 A cutoff of  1.0D-14 yielded   1803 shell pairs
 There are     14041 function pairs (     18469 Cartesian)
 Smallest overlap matrix eigenvalue = 6.80E-05

 Scale SEOQF with 1.000000e-01/1.000000e-01/1.000000e-01

 Standard Electronic Orientation quadrupole field applied
 Nucleus-field energy     =     0.0000000020 hartrees
 Guess from superposition of atomic densities
 Warning:  Energy on first SCF cycle will be non-variational
 SAD guess density has 34.000000 electrons

 -----------------------------------------------------------------------
  General SCF calculation program by
  Eric Jon Sundstrom, Paul Horn, Yuezhi Mao, Dmitri Zuev, Alec White,
  David Stuck, Shaama M.S., Shane Yost, Joonho Lee, David Small,
  Daniel Levine, Susi Lehtola, Hugh Burton, Evgeny Epifanovsky,
  Bang C. Huynh
 -----------------------------------------------------------------------
 Exchange:     0.5000 Hartree-Fock + 0.8300 B88 + -0.5000 muB88 + 0.1700 muB88src + LR-HF
               (Short-Range Corrected Functional)
 Correlation:  0.1900 VWN5 + 0.8100 LYP
 Using SG-1 standard quadrature grid

 Call libqints based aoints job 20
 using 20 threads for integral computing
 -------------------------------------------------------
 OpenMP Integral computing Module                
 Release: version 1.0, May 2013, Q-Chem Inc. Pittsburgh 
 -------------------------------------------------------
 A restricted SCF calculation will be
 performed using DIIS
 SCF converges when DIIS error is below 1.0e-09
 ---------------------------------------
  Cycle       Energy         DIIS error
 ---------------------------------------

 Call libqints based aoints job 20
    1    -339.0672671524      3.40e-02  

 Call libqints based aoints job 20
    2    -338.5638256120      5.68e-03  

 Call libqints based aoints job 20
    3    -338.5199831874      7.43e-03  

 Call libqints based aoints job 20
    4    -338.6330426033      2.36e-04  

 Call libqints based aoints job 20
    5    -338.6331472346      1.05e-04  

 Call libqints based aoints job 20
    6    -338.6331720065      1.68e-05  

 Call libqints based aoints job 20
    7    -338.6331727872      1.80e-06  

 Call libqints based aoints job 20
    8    -338.6331727986      2.93e-07  

 Call libqints based aoints job 20
    9    -338.6331727988      7.24e-08  

 Call libqints based aoints job 20
   10    -338.6331727988      3.16e-08  

 Call libqints based aoints job 20
   11    -338.6331727988      5.03e-09  
   12    -338.6331727988      3.17e-10  Convergence criterion met
 ---------------------------------------
 SCF time:   CPU 392.37s  wall 64.00s 
 SCF   energy =  -338.63317280
 Total energy =  -338.63317280
 MAX_CIS_SUBSPACE fits in available memory
 Direct TDDFT/TDA calculation will be performed
 Exchange:     0.5000 Hartree-Fock + 0.8300 B88 + -0.5000 muB88 + 0.1700 muB88src + LR-HF
               (Short-Range Corrected Functional)
 Correlation:  0.1900 VWN5 + 0.8100 LYP
 Using SG-1 standard quadrature grid
 Singlet excitation energies requested
 CIS energy converged when residual is below 10e- 6
   
 ***Using a Restricted Set of Single Excitations***
   
 RCIS calculation
   
 Excitations from specified occupied orbitals
 -------------------------------------------------------------
              Orbitals in Truncated CIS space
 -------------------------------------------------------------
     1  18  19  20  21  22  23  24  25  26  27  28  29  30  31
    32  33  34  35  36  37  38  39  40  41  42  43  44  45  46
    47  48  49  50  51  52  53  54  55  56  57  58  59  60  61
    62  63  64  65  66  67  68  69  70  71  72  73  74  75  76
    77  78  79  80  81  82  83  84  85  86  87  88  89  90  91
    92  93  94  95  96  97  98  99 100 101 102 103 104 105 106
   107 108 109 110 111 112 113 114 115 116 117 118 119 120 121
   122 123 124 125 126 127 128 129 130 131 132 133 134 135 136
   137 138 139 140 141 142 143 144 145 146 147 148 149 150 151
   152 153 154 155 156 157 158 159 160 161 162 163 164 165 166
   
    Number of Occupied Orbitals =    1  out of    17
    Number of Virtual Orbitals  =  149  out of   149
 -------------------------------------------------------------
 Number of Roots adjusted to:         100
 ---------------------------------------------------
 Iter    Rts Conv    Rts Left    Ttl Dev     Max Dev
 ---------------------------------------------------
   1        51          49      0.107360    0.002702
   2       100           0      0.096988    0.002590    Roots Converged
 ---------------------------------------------------
 
 ---------------------------------------------------
         TDDFT/TDA Excitation Energies              
 ---------------------------------------------------

 Excited state   1: excitation energy (eV) =     690.5351
 Total energy for state   1:                  -313.25647564 au
    Multiplicity: Singlet
    Trans. Mom.:  0.0173 X  -0.0333 Y   0.0197 Z
    Strength   :     0.0303355571
    D(    1) --> V(    1) amplitude =  0.2567
    D(    1) --> V(    2) amplitude = -0.3687
    D(    1) --> V(    3) amplitude = -0.2960
    D(    1) --> V(    4) amplitude =  0.4898
    D(    1) --> V(    6) amplitude =  0.2139
    D(    1) --> V(   11) amplitude = -0.3856
    D(    1) --> V(   14) amplitude =  0.3182

 Excited state   2: excitation energy (eV) =     690.6485
 Total energy for state   2:                  -313.25230771 au
    Multiplicity: Singlet
    Trans. Mom.: -0.0062 X   0.0131 Y  -0.0098 Z
    Strength   :     0.0051744299
    D(    1) --> V(    1) amplitude =  0.9548

 Excited state   3: excitation energy (eV) =     691.2963
 Total energy for state   3:                  -313.22850122 au
    Multiplicity: Singlet
    Trans. Mom.:  0.0206 X   0.0044 Y  -0.0079 Z
    Strength   :     0.0086158791
    D(    1) --> V(    3) amplitude =  0.8316
    D(    1) --> V(    4) amplitude =  0.4154
    D(    1) --> V(   10) amplitude =  0.2189

 Excited state   4: excitation energy (eV) =     691.5265
 Total energy for state   4:                  -313.22004137 au
    Multiplicity: Singlet
    Trans. Mom.: -0.0015 X   0.0043 Y   0.0101 Z
    Strength   :     0.0020664026
    D(    1) --> V(    2) amplitude =  0.8274
    D(    1) --> V(    4) amplitude =  0.5033

 Excited state   5: excitation energy (eV) =     692.0634
 Total energy for state   5:                  -313.20031279 au
    Multiplicity: Singlet
    Trans. Mom.: -0.0136 X   0.0263 Y  -0.0084 Z
    Strength   :     0.0160619303
    D(    1) --> V(    2) amplitude = -0.3336
    D(    1) --> V(    3) amplitude = -0.3483
    D(    1) --> V(    4) amplitude =  0.5318
    D(    1) --> V(    6) amplitude = -0.2800
    D(    1) --> V(   11) amplitude =  0.3353
    D(    1) --> V(   14) amplitude = -0.3188

 Excited state   6: excitation energy (eV) =     693.2339
 Total energy for state   6:                  -313.15729723 au
    Multiplicity: Singlet
    Trans. Mom.:  0.0157 X  -0.0027 Y  -0.0102 Z
    Strength   :     0.0060803741
    D(    1) --> V(    5) amplitude =  0.8030
    D(    1) --> V(   10) amplitude =  0.3458

 Excited state   7: excitation energy (eV) =     693.3568
 Total energy for state   7:                  -313.15277912 au
    Multiplicity: Singlet
    Trans. Mom.:  0.0094 X  -0.0143 Y  -0.0083 Z
    Strength   :     0.0061298622
    D(    1) --> V(    6) amplitude = -0.4173
    D(    1) --> V(    8) amplitude = -0.2227
    D(    1) --> V(    9) amplitude =  0.7226
    D(    1) --> V(   11) amplitude = -0.2441
    D(    1) --> V(   14) amplitude =  0.3019

 Excited state   8: excitation energy (eV) =     693.4803
 Total energy for state   8:                  -313.14824204 au
    Multiplicity: Singlet
    Trans. Mom.: -0.0082 X  -0.0057 Y  -0.0028 Z
    Strength   :     0.0018245807
    D(    1) --> V(    6) amplitude = -0.3331
    D(    1) --> V(    7) amplitude =  0.2963
    D(    1) --> V(    8) amplitude =  0.8513

 Excited state   9: excitation energy (eV) =     693.5329
 Total energy for state   9:                  -313.14630923 au
    Multiplicity: Singlet
    Trans. Mom.: -0.0037 X   0.0019 Y   0.0035 Z
    Strength   :     0.0005023996
    D(    1) --> V(    6) amplitude =  0.6456
    D(    1) --> V(    7) amplitude =  0.4617
    D(    1) --> V(    9) amplitude =  0.5271

 Excited state  10: excitation energy (eV) =     693.6643
 Total energy for state  10:                  -313.14147823 au
    Multiplicity: Singlet
    Trans. Mom.:  0.0024 X  -0.0079 Y  -0.0041 Z
    Strength   :     0.0014373602
    D(    1) --> V(    7) amplitude =  0.8153
    D(    1) --> V(    8) amplitude = -0.3861
    D(    1) --> V(    9) amplitude = -0.3619

 Excited state  11: excitation energy (eV) =     694.0606
 Total energy for state  11:                  -313.12691520 au
    Multiplicity: Singlet
    Trans. Mom.:  0.0183 X   0.0025 Y  -0.0020 Z
    Strength   :     0.0058363054
    D(    1) --> V(    5) amplitude = -0.4351
    D(    1) --> V(   10) amplitude =  0.8233

 Excited state  12: excitation energy (eV) =     694.5162
 Total energy for state  12:                  -313.11017156 au
    Multiplicity: Singlet
    Trans. Mom.:  0.0066 X  -0.0078 Y  -0.0056 Z
    Strength   :     0.0023183091
    D(    1) --> V(   11) amplitude =  0.7332
    D(    1) --> V(   14) amplitude =  0.6152

 Excited state  13: excitation energy (eV) =     695.2519
 Total energy for state  13:                  -313.08313643 au
    Multiplicity: Singlet
    Trans. Mom.:  0.0017 X  -0.0025 Y   0.0001 Z
    Strength   :     0.0001532066
    D(    1) --> V(   12) amplitude =  0.9817

 Excited state  14: excitation energy (eV) =     695.6931
 Total energy for state  14:                  -313.06692344 au
    Multiplicity: Singlet
    Trans. Mom.:  0.0071 X   0.0060 Y   0.0001 Z
    Strength   :     0.0014665670
    D(    1) --> V(   13) amplitude =  0.9916

 Excited state  15: excitation energy (eV) =     696.5528
 Total energy for state  15:                  -313.03532857 au
    Multiplicity: Singlet
    Trans. Mom.:  0.0055 X  -0.0097 Y   0.0058 Z
    Strength   :     0.0026822875
    D(    1) --> V(   14) amplitude = -0.3066
    D(    1) --> V(   15) amplitude =  0.8131
    D(    1) --> V(   17) amplitude =  0.2556

 Excited state  16: excitation energy (eV) =     697.0397
 Total energy for state  16:                  -313.01743516 au
    Multiplicity: Singlet
    Trans. Mom.: -0.0039 X  -0.0090 Y   0.0102 Z
    Strength   :     0.0034234992
    D(    1) --> V(   15) amplitude = -0.4804
    D(    1) --> V(   17) amplitude =  0.7608

 Excited state  17: excitation energy (eV) =     697.1964
 Total energy for state  17:                  -313.01167845 au
    Multiplicity: Singlet
    Trans. Mom.: -0.0136 X  -0.0010 Y   0.0000 Z
    Strength   :     0.0031542001
    D(    1) --> V(   16) amplitude =  0.8664
    D(    1) --> V(   17) amplitude =  0.3586

 Excited state  18: excitation energy (eV) =     697.8337
 Total energy for state  18:                  -312.98825556 au
    Multiplicity: Singlet
    Trans. Mom.: -0.0055 X   0.0056 Y  -0.0005 Z
    Strength   :     0.0010698941
    D(    1) --> V(   16) amplitude = -0.3053
    D(    1) --> V(   17) amplitude =  0.2976
    D(    1) --> V(   18) amplitude =  0.7519
    D(    1) --> V(   21) amplitude =  0.3519
    D(    1) --> V(   22) amplitude = -0.2141

 Excited state  19: excitation energy (eV) =     698.1568
 Total energy for state  19:                  -312.97638493 au
    Multiplicity: Singlet
    Trans. Mom.: -0.0046 X   0.0084 Y  -0.0010 Z
    Strength   :     0.0015821527
    D(    1) --> V(   18) amplitude = -0.5596
    D(    1) --> V(   21) amplitude =  0.5751
    D(    1) --> V(   22) amplitude = -0.5267

 Excited state  20: excitation energy (eV) =     698.3633
 Total energy for state  20:                  -312.96879335 au
    Multiplicity: Singlet
    Trans. Mom.: -0.0020 X   0.0000 Y   0.0014 Z
    Strength   :     0.0001061963
    D(    1) --> V(   19) amplitude = -0.6075
    D(    1) --> V(   20) amplitude =  0.7758

 Excited state  21: excitation energy (eV) =     698.4158
 Total energy for state  21:                  -312.96686621 au
    Multiplicity: Singlet
    Trans. Mom.:  0.0004 X  -0.0000 Y  -0.0027 Z
    Strength   :     0.0001248233
    D(    1) --> V(   19) amplitude =  0.7637
    D(    1) --> V(   20) amplitude =  0.6135

 Excited state  22: excitation energy (eV) =     698.6992
 Total energy for state  22:                  -312.95645075 au
    Multiplicity: Singlet
    Trans. Mom.: -0.0036 X   0.0026 Y   0.0071 Z
    Strength   :     0.0011938706
    D(    1) --> V(   21) amplitude =  0.5483
    D(    1) --> V(   22) amplitude =  0.7380
    D(    1) --> V(   23) amplitude = -0.3245

 Excited state  23: excitation energy (eV) =     698.9360
 Total energy for state  23:                  -312.94774730 au
    Multiplicity: Singlet
    Trans. Mom.: -0.0044 X   0.0007 Y   0.0019 Z
    Strength   :     0.0003989666
    D(    1) --> V(   21) amplitude =  0.3423
    D(    1) --> V(   23) amplitude =  0.9015

 Excited state  24: excitation energy (eV) =     700.1363
 Total energy for state  24:                  -312.90363938 au
    Multiplicity: Singlet
    Trans. Mom.:  0.0114 X  -0.0116 Y  -0.0150 Z
    Strength   :     0.0083649119
    D(    1) --> V(   24) amplitude =  0.6892
    D(    1) --> V(   25) amplitude = -0.5503
    D(    1) --> V(   26) amplitude = -0.3632

 Excited state  25: excitation energy (eV) =     700.2031
 Total energy for state  25:                  -312.90118306 au
    Multiplicity: Singlet
    Trans. Mom.:  0.0164 X   0.0114 Y   0.0118 Z
    Strength   :     0.0091937527
    D(    1) --> V(   24) amplitude =  0.6256
    D(    1) --> V(   25) amplitude =  0.7070

 Excited state  26: excitation energy (eV) =     701.2007
 Total energy for state  26:                  -312.86452375 au
    Multiplicity: Singlet
    Trans. Mom.: -0.0027 X  -0.0018 Y   0.0052 Z
    Strength   :     0.0006480787
    D(    1) --> V(   25) amplitude = -0.4183
    D(    1) --> V(   26) amplitude =  0.7090
    D(    1) --> V(   27) amplitude =  0.3106
    D(    1) --> V(   28) amplitude = -0.4213

 Excited state  27: excitation energy (eV) =     701.3350
 Total energy for state  27:                  -312.85958737 au
    Multiplicity: Singlet
    Trans. Mom.: -0.0021 X   0.0056 Y  -0.0084 Z
    Strength   :     0.0018072344
    D(    1) --> V(   26) amplitude =  0.5237
    D(    1) --> V(   28) amplitude =  0.8330

 Excited state  28: excitation energy (eV) =     701.5666
 Total energy for state  28:                  -312.85107431 au
    Multiplicity: Singlet
    Trans. Mom.:  0.0031 X   0.0001 Y  -0.0023 Z
    Strength   :     0.0002608358
    D(    1) --> V(   26) amplitude = -0.2279
    D(    1) --> V(   27) amplitude =  0.9198
    D(    1) --> V(   28) amplitude =  0.2280

 Excited state  29: excitation energy (eV) =     702.8185
 Total energy for state  29:                  -312.80506831 au
    Multiplicity: Singlet
    Trans. Mom.:  0.0044 X  -0.0049 Y   0.0009 Z
    Strength   :     0.0007629633
    D(    1) --> V(   29) amplitude =  0.9766

 Excited state  30: excitation energy (eV) =     705.4156
 Total energy for state  30:                  -312.70962868 au
    Multiplicity: Singlet
    Trans. Mom.: -0.0043 X  -0.0005 Y   0.0034 Z
    Strength   :     0.0005283715
    D(    1) --> V(   30) amplitude =  0.4581
    D(    1) --> V(   31) amplitude =  0.7434
    D(    1) --> V(   32) amplitude = -0.3946

 Excited state  31: excitation energy (eV) =     705.4372
 Total energy for state  31:                  -312.70883540 au
    Multiplicity: Singlet
    Trans. Mom.: -0.0021 X   0.0048 Y   0.0022 Z
    Strength   :     0.0005685397
    D(    1) --> V(   30) amplitude =  0.8213
    D(    1) --> V(   31) amplitude = -0.4884

 Excited state  32: excitation energy (eV) =     705.6192
 Total energy for state  32:                  -312.70214409 au
    Multiplicity: Singlet
    Trans. Mom.:  0.0013 X  -0.0026 Y  -0.0061 Z
    Strength   :     0.0007853801
    D(    1) --> V(   31) amplitude =  0.3955
    D(    1) --> V(   32) amplitude =  0.8972

 Excited state  33: excitation energy (eV) =     706.1813
 Total energy for state  33:                  -312.68148715 au
    Multiplicity: Singlet
    Trans. Mom.:  0.0003 X   0.0039 Y  -0.0100 Z
    Strength   :     0.0019899518
    D(    1) --> V(   30) amplitude =  0.2800
    D(    1) --> V(   33) amplitude =  0.4433
    D(    1) --> V(   34) amplitude =  0.8354

 Excited state  34: excitation energy (eV) =     706.5196
 Total energy for state  34:                  -312.66905807 au
    Multiplicity: Singlet
    Trans. Mom.: -0.0091 X  -0.0035 Y   0.0008 Z
    Strength   :     0.0016552726
    D(    1) --> V(   33) amplitude =  0.8395
    D(    1) --> V(   34) amplitude = -0.4696

 Excited state  35: excitation energy (eV) =     707.0330
 Total energy for state  35:                  -312.65019107 au
    Multiplicity: Singlet
    Trans. Mom.:  0.0144 X   0.0124 Y   0.0014 Z
    Strength   :     0.0063184474
    D(    1) --> V(   35) amplitude =  0.9451

 Excited state  36: excitation energy (eV) =     707.5900
 Total energy for state  36:                  -312.62971868 au
    Multiplicity: Singlet
    Trans. Mom.:  0.0016 X   0.0037 Y  -0.0000 Z
    Strength   :     0.0002764546
    D(    1) --> V(   36) amplitude =  0.8812
    D(    1) --> V(   38) amplitude = -0.3251

 Excited state  37: excitation energy (eV) =     707.6669
 Total energy for state  37:                  -312.62689214 au
    Multiplicity: Singlet
    Trans. Mom.: -0.0014 X   0.0048 Y  -0.0011 Z
    Strength   :     0.0004458007
    D(    1) --> V(   36) amplitude = -0.2520
    D(    1) --> V(   37) amplitude =  0.6516
    D(    1) --> V(   38) amplitude = -0.6256
    D(    1) --> V(   39) amplitude =  0.2996

 Excited state  38: excitation energy (eV) =     708.0972
 Total energy for state  38:                  -312.61108237 au
    Multiplicity: Singlet
    Trans. Mom.: -0.0008 X  -0.0048 Y   0.0005 Z
    Strength   :     0.0004190591
    D(    1) --> V(   36) amplitude =  0.2197
    D(    1) --> V(   37) amplitude =  0.6271
    D(    1) --> V(   38) amplitude =  0.6892
    D(    1) --> V(   39) amplitude =  0.2705

 Excited state  39: excitation energy (eV) =     708.2138
 Total energy for state  39:                  -312.60679600 au
    Multiplicity: Singlet
    Trans. Mom.: -0.0034 X   0.0017 Y   0.0000 Z
    Strength   :     0.0002546317
    D(    1) --> V(   36) amplitude =  0.2619
    D(    1) --> V(   37) amplitude = -0.3816
    D(    1) --> V(   39) amplitude =  0.8765

 Excited state  40: excitation energy (eV) =     708.9689
 Total energy for state  40:                  -312.57904782 au
    Multiplicity: Singlet
    Trans. Mom.:  0.0041 X  -0.0051 Y   0.0047 Z
    Strength   :     0.0011383482
    D(    1) --> V(   40) amplitude =  0.9759

 Excited state  41: excitation energy (eV) =     710.0227
 Total energy for state  41:                  -312.54031821 au
    Multiplicity: Singlet
    Trans. Mom.:  0.0069 X   0.0008 Y   0.0002 Z
    Strength   :     0.0008434777
    D(    1) --> V(   41) amplitude = -0.3282
    D(    1) --> V(   42) amplitude =  0.9235

 Excited state  42: excitation energy (eV) =     710.1373
 Total energy for state  42:                  -312.53610654 au
    Multiplicity: Singlet
    Trans. Mom.:  0.0014 X   0.0019 Y   0.0035 Z
    Strength   :     0.0003011823
    D(    1) --> V(   41) amplitude =  0.9341
    D(    1) --> V(   42) amplitude =  0.3245

 Excited state  43: excitation energy (eV) =     711.1087
 Total energy for state  43:                  -312.50041101 au
    Multiplicity: Singlet
    Trans. Mom.: -0.0026 X   0.0084 Y  -0.0109 Z
    Strength   :     0.0034064964
    D(    1) --> V(   43) amplitude =  0.6746
    D(    1) --> V(   44) amplitude =  0.6308
    D(    1) --> V(   45) amplitude =  0.3217

 Excited state  44: excitation energy (eV) =     711.4274
 Total energy for state  44:                  -312.48869950 au
    Multiplicity: Singlet
    Trans. Mom.:  0.0052 X  -0.0012 Y  -0.0026 Z
    Strength   :     0.0006083474
    D(    1) --> V(   43) amplitude =  0.7150
    D(    1) --> V(   44) amplitude = -0.6713

 Excited state  45: excitation energy (eV) =     711.8964
 Total energy for state  45:                  -312.47146260 au
    Multiplicity: Singlet
    Trans. Mom.: -0.0030 X   0.0024 Y   0.0020 Z
    Strength   :     0.0003244827
    D(    1) --> V(   44) amplitude = -0.3524
    D(    1) --> V(   45) amplitude =  0.9267

 Excited state  46: excitation energy (eV) =     714.0117
 Total energy for state  46:                  -312.39372503 au
    Multiplicity: Singlet
    Trans. Mom.:  0.0264 X   0.0030 Y   0.0012 Z
    Strength   :     0.0123936260
    D(    1) --> V(   46) amplitude =  0.2127
    D(    1) --> V(   47) amplitude =  0.9454

 Excited state  47: excitation energy (eV) =     714.4895
 Total energy for state  47:                  -312.37616643 au
    Multiplicity: Singlet
    Trans. Mom.:  0.0000 X   0.0209 Y   0.0257 Z
    Strength   :     0.0192257782
    D(    1) --> V(   46) amplitude =  0.9226
    D(    1) --> V(   48) amplitude =  0.2238

 Excited state  48: excitation energy (eV) =     715.8561
 Total energy for state  48:                  -312.32594571 au
    Multiplicity: Singlet
    Trans. Mom.: -0.0094 X   0.0192 Y  -0.0096 Z
    Strength   :     0.0096829489
    D(    1) --> V(   48) amplitude =  0.6370
    D(    1) --> V(   49) amplitude =  0.6486
    D(    1) --> V(   50) amplitude =  0.3285

 Excited state  49: excitation energy (eV) =     716.7366
 Total energy for state  49:                  -312.29358748 au
    Multiplicity: Singlet
    Trans. Mom.: -0.0076 X  -0.0036 Y   0.0129 Z
    Strength   :     0.0041552303
    D(    1) --> V(   46) amplitude = -0.2428
    D(    1) --> V(   48) amplitude =  0.6879
    D(    1) --> V(   49) amplitude = -0.6030

 Excited state  50: excitation energy (eV) =     717.3936
 Total energy for state  50:                  -312.26944339 au
    Multiplicity: Singlet
    Trans. Mom.: -0.0101 X  -0.0014 Y   0.0021 Z
    Strength   :     0.0019031309
    D(    1) --> V(   49) amplitude = -0.3972
    D(    1) --> V(   50) amplitude =  0.8903

 Excited state  51: excitation energy (eV) =     719.1305
 Total energy for state  51:                  -312.20561527 au
    Multiplicity: Singlet
    Trans. Mom.:  0.0022 X  -0.0032 Y   0.0202 Z
    Strength   :     0.0074651158
    D(    1) --> V(   51) amplitude =  0.5747
    D(    1) --> V(   52) amplitude =  0.5677
    D(    1) --> V(   53) amplitude =  0.4594

 Excited state  52: excitation energy (eV) =     719.5038
 Total energy for state  52:                  -312.19189638 au
    Multiplicity: Singlet
    Trans. Mom.:  0.0043 X  -0.0031 Y  -0.0125 Z
    Strength   :     0.0032469512
    D(    1) --> V(   51) amplitude =  0.7043
    D(    1) --> V(   52) amplitude = -0.4097
    D(    1) --> V(   53) amplitude = -0.4579

 Excited state  53: excitation energy (eV) =     720.3351
 Total energy for state  53:                  -312.16134767 au
    Multiplicity: Singlet
    Trans. Mom.: -0.0030 X  -0.0036 Y   0.0047 Z
    Strength   :     0.0007852152
    D(    1) --> V(   52) amplitude = -0.6331
    D(    1) --> V(   53) amplitude =  0.7275

 Excited state  54: excitation energy (eV) =     720.9133
 Total energy for state  54:                  -312.14009609 au
    Multiplicity: Singlet
    Trans. Mom.: -0.0002 X   0.0018 Y   0.0095 Z
    Strength   :     0.0016401284
    D(    1) --> V(   51) amplitude = -0.2634
    D(    1) --> V(   54) amplitude = -0.5451
    D(    1) --> V(   55) amplitude =  0.7727

 Excited state  55: excitation energy (eV) =     721.3542
 Total energy for state  55:                  -312.12389527 au
    Multiplicity: Singlet
    Trans. Mom.:  0.0034 X   0.0018 Y   0.0015 Z
    Strength   :     0.0003018988
    D(    1) --> V(   54) amplitude =  0.7703
    D(    1) --> V(   55) amplitude =  0.5907

 Excited state  56: excitation energy (eV) =     722.2746
 Total energy for state  56:                  -312.09006930 au
    Multiplicity: Singlet
    Trans. Mom.:  0.0165 X   0.0148 Y   0.0003 Z
    Strength   :     0.0087091218
    D(    1) --> V(   56) amplitude =  0.9523

 Excited state  57: excitation energy (eV) =     723.1269
 Total energy for state  57:                  -312.05874978 au
    Multiplicity: Singlet
    Trans. Mom.: -0.0021 X   0.0030 Y   0.0005 Z
    Strength   :     0.0002368844
    D(    1) --> V(   57) amplitude =  0.8916
    D(    1) --> V(   59) amplitude = -0.2335
    D(    1) --> V(   60) amplitude =  0.2981

 Excited state  58: excitation energy (eV) =     723.4553
 Total energy for state  58:                  -312.04668029 au
    Multiplicity: Singlet
    Trans. Mom.: -0.0075 X   0.0097 Y  -0.0021 Z
    Strength   :     0.0027163025
    D(    1) --> V(   57) amplitude =  0.2878
    D(    1) --> V(   58) amplitude =  0.7186
    D(    1) --> V(   59) amplitude =  0.2976
    D(    1) --> V(   60) amplitude = -0.5458

 Excited state  59: excitation energy (eV) =     723.5507
 Total energy for state  59:                  -312.04317484 au
    Multiplicity: Singlet
    Trans. Mom.:  0.0006 X   0.0015 Y  -0.0028 Z
    Strength   :     0.0001907629
    D(    1) --> V(   59) amplitude =  0.7020
    D(    1) --> V(   60) amplitude =  0.6474

 Excited state  60: excitation energy (eV) =     723.8106
 Total energy for state  60:                  -312.03362565 au
    Multiplicity: Singlet
    Trans. Mom.: -0.0014 X  -0.0009 Y   0.0029 Z
    Strength   :     0.0002005676
    D(    1) --> V(   57) amplitude = -0.2534
    D(    1) --> V(   58) amplitude =  0.6498
    D(    1) --> V(   59) amplitude = -0.5780
    D(    1) --> V(   60) amplitude =  0.4083

 Excited state  61: excitation energy (eV) =     726.2526
 Total energy for state  61:                  -311.94388292 au
    Multiplicity: Singlet
    Trans. Mom.:  0.0013 X  -0.0102 Y   0.0016 Z
    Strength   :     0.0019273549
    D(    1) --> V(   61) amplitude =  0.8461
    D(    1) --> V(   62) amplitude =  0.5033

 Excited state  62: excitation energy (eV) =     727.0015
 Total energy for state  62:                  -311.91636121 au
    Multiplicity: Singlet
    Trans. Mom.:  0.0030 X  -0.0014 Y  -0.0003 Z
    Strength   :     0.0001985211
    D(    1) --> V(   61) amplitude = -0.5126
    D(    1) --> V(   62) amplitude =  0.8515

 Excited state  63: excitation energy (eV) =     737.1864
 Total energy for state  63:                  -311.54207103 au
    Multiplicity: Singlet
    Trans. Mom.: -0.0003 X   0.0002 Y  -0.0009 Z
    Strength   :     0.0000163112
    D(    1) --> V(   63) amplitude =  0.9884

 Excited state  64: excitation energy (eV) =     739.5997
 Total energy for state  64:                  -311.45338340 au
    Multiplicity: Singlet
    Trans. Mom.: -0.0006 X  -0.0009 Y  -0.0042 Z
    Strength   :     0.0003313136
    D(    1) --> V(   64) amplitude =  0.9797

 Excited state  65: excitation energy (eV) =     739.9962
 Total energy for state  65:                  -311.43881399 au
    Multiplicity: Singlet
    Trans. Mom.: -0.0027 X  -0.0011 Y  -0.0005 Z
    Strength   :     0.0001623720
    D(    1) --> V(   65) amplitude =  0.9909

 Excited state  66: excitation energy (eV) =     745.0497
 Total energy for state  66:                  -311.25310292 au
    Multiplicity: Singlet
    Trans. Mom.:  0.0031 X   0.0025 Y  -0.0019 Z
    Strength   :     0.0003479196
    D(    1) --> V(   67) amplitude =  0.2831
    D(    1) --> V(   68) amplitude =  0.7071
    D(    1) --> V(   69) amplitude =  0.6165

 Excited state  67: excitation energy (eV) =     745.4839
 Total energy for state  67:                  -311.23714406 au
    Multiplicity: Singlet
    Trans. Mom.:  0.0012 X  -0.0032 Y  -0.0031 Z
    Strength   :     0.0003941721
    D(    1) --> V(   66) amplitude = -0.4417
    D(    1) --> V(   67) amplitude =  0.8056
    D(    1) --> V(   68) amplitude = -0.2747

 Excited state  68: excitation energy (eV) =     745.9629
 Total energy for state  68:                  -311.21954015 au
    Multiplicity: Singlet
    Trans. Mom.: -0.0013 X   0.0001 Y  -0.0015 Z
    Strength   :     0.0000706114
    D(    1) --> V(   66) amplitude =  0.8530
    D(    1) --> V(   67) amplitude =  0.4672

 Excited state  69: excitation energy (eV) =     746.2908
 Total energy for state  69:                  -311.20749159 au
    Multiplicity: Singlet
    Trans. Mom.:  0.0038 X   0.0032 Y   0.0017 Z
    Strength   :     0.0005092219
    D(    1) --> V(   68) amplitude = -0.5806
    D(    1) --> V(   69) amplitude =  0.7448

 Excited state  70: excitation energy (eV) =     746.9852
 Total energy for state  70:                  -311.18197310 au
    Multiplicity: Singlet
    Trans. Mom.: -0.0023 X   0.0033 Y   0.0032 Z
    Strength   :     0.0004884207
    D(    1) --> V(   66) amplitude =  0.2505
    D(    1) --> V(   70) amplitude =  0.7254
    D(    1) --> V(   71) amplitude = -0.3766
    D(    1) --> V(   72) amplitude = -0.4885

 Excited state  71: excitation energy (eV) =     748.8147
 Total energy for state  71:                  -311.11473890 au
    Multiplicity: Singlet
    Trans. Mom.: -0.0014 X   0.0004 Y  -0.0032 Z
    Strength   :     0.0002231928
    D(    1) --> V(   70) amplitude =  0.6302
    D(    1) --> V(   71) amplitude =  0.3142
    D(    1) --> V(   72) amplitude =  0.6931

 Excited state  72: excitation energy (eV) =     749.6409
 Total energy for state  72:                  -311.08437837 au
    Multiplicity: Singlet
    Trans. Mom.:  0.0004 X  -0.0010 Y  -0.0003 Z
    Strength   :     0.0000231061
    D(    1) --> V(   68) amplitude =  0.2475
    D(    1) --> V(   71) amplitude =  0.2465
    D(    1) --> V(   73) amplitude =  0.8627

 Excited state  73: excitation energy (eV) =     750.8706
 Total energy for state  73:                  -311.03918798 au
    Multiplicity: Singlet
    Trans. Mom.:  0.0030 X   0.0006 Y   0.0008 Z
    Strength   :     0.0001831310
    D(    1) --> V(   71) amplitude =  0.8105
    D(    1) --> V(   72) amplitude = -0.4826
    D(    1) --> V(   73) amplitude = -0.2959

 Excited state  74: excitation energy (eV) =     753.7184
 Total energy for state  74:                  -310.93453073 au
    Multiplicity: Singlet
    Trans. Mom.:  0.0007 X  -0.0001 Y  -0.0003 Z
    Strength   :     0.0000109341
    D(    1) --> V(   73) amplitude = -0.2841
    D(    1) --> V(   75) amplitude =  0.8446
    D(    1) --> V(   77) amplitude =  0.3241

 Excited state  75: excitation energy (eV) =     753.8933
 Total energy for state  75:                  -310.92810327 au
    Multiplicity: Singlet
    Trans. Mom.: -0.0013 X   0.0090 Y  -0.0050 Z
    Strength   :     0.0019959009
    D(    1) --> V(   74) amplitude = -0.5710
    D(    1) --> V(   76) amplitude =  0.6726
    D(    1) --> V(   77) amplitude = -0.3903

 Excited state  76: excitation energy (eV) =     755.7155
 Total energy for state  76:                  -310.86113921 au
    Multiplicity: Singlet
    Trans. Mom.: -0.0045 X   0.0034 Y   0.0030 Z
    Strength   :     0.0007625966
    D(    1) --> V(   74) amplitude =  0.7229
    D(    1) --> V(   76) amplitude =  0.2163
    D(    1) --> V(   77) amplitude = -0.6425

 Excited state  77: excitation energy (eV) =     755.8297
 Total energy for state  77:                  -310.85694307 au
    Multiplicity: Singlet
    Trans. Mom.:  0.0059 X   0.0024 Y   0.0009 Z
    Strength   :     0.0007669676
    D(    1) --> V(   74) amplitude =  0.2754
    D(    1) --> V(   75) amplitude = -0.4250
    D(    1) --> V(   76) amplitude =  0.6649
    D(    1) --> V(   77) amplitude =  0.5297

 Excited state  78: excitation energy (eV) =     759.0550
 Total energy for state  78:                  -310.73841786 au
    Multiplicity: Singlet
    Trans. Mom.:  0.0003 X   0.0004 Y  -0.0024 Z
    Strength   :     0.0001109715
    D(    1) --> V(   78) amplitude =  0.7890
    D(    1) --> V(   79) amplitude = -0.5724

 Excited state  79: excitation energy (eV) =     759.3565
 Total energy for state  79:                  -310.72733454 au
    Multiplicity: Singlet
    Trans. Mom.: -0.0006 X   0.0015 Y   0.0019 Z
    Strength   :     0.0001218289
    D(    1) --> V(   78) amplitude =  0.5732
    D(    1) --> V(   79) amplitude =  0.7988

 Excited state  80: excitation energy (eV) =     764.0441
 Total energy for state  80:                  -310.55506983 au
    Multiplicity: Singlet
    Trans. Mom.: -0.0043 X   0.0051 Y   0.0150 Z
    Strength   :     0.0050509637
    D(    1) --> V(   81) amplitude =  0.8270
    D(    1) --> V(   82) amplitude =  0.4794

 Excited state  81: excitation energy (eV) =     764.8304
 Total energy for state  81:                  -310.52617435 au
    Multiplicity: Singlet
    Trans. Mom.: -0.0137 X   0.0205 Y  -0.0036 Z
    Strength   :     0.0116306120
    D(    1) --> V(   81) amplitude = -0.4624
    D(    1) --> V(   82) amplitude =  0.8189

 Excited state  82: excitation energy (eV) =     765.8641
 Total energy for state  82:                  -310.48818752 au
    Multiplicity: Singlet
    Trans. Mom.:  0.0064 X  -0.0023 Y  -0.0009 Z
    Strength   :     0.0008854403
    D(    1) --> V(   80) amplitude =  0.9696

 Excited state  83: excitation energy (eV) =     767.5513
 Total energy for state  83:                  -310.42618288 au
    Multiplicity: Singlet
    Trans. Mom.:  0.0324 X   0.0122 Y   0.0009 Z
    Strength   :     0.0225111561
    D(    1) --> V(   84) amplitude =  0.2754
    D(    1) --> V(   85) amplitude =  0.9312

 Excited state  84: excitation energy (eV) =     768.0362
 Total energy for state  84:                  -310.40836174 au
    Multiplicity: Singlet
    Trans. Mom.: -0.0069 X   0.0171 Y  -0.0066 Z
    Strength   :     0.0072072257
    D(    1) --> V(   81) amplitude =  0.2181
    D(    1) --> V(   83) amplitude =  0.8905
    D(    1) --> V(   84) amplitude =  0.2504

 Excited state  85: excitation energy (eV) =     769.2200
 Total energy for state  85:                  -310.36486079 au
    Multiplicity: Singlet
    Trans. Mom.:  0.0015 X   0.0225 Y   0.0047 Z
    Strength   :     0.0099780270
    D(    1) --> V(   83) amplitude = -0.2957
    D(    1) --> V(   84) amplitude =  0.8898
    D(    1) --> V(   85) amplitude = -0.2501

 Excited state  86: excitation energy (eV) =     775.9344
 Total energy for state  86:                  -310.11810867 au
    Multiplicity: Singlet
    Trans. Mom.: -0.0092 X   0.0198 Y  -0.0468 Z
    Strength   :     0.0506437790
    D(    1) --> V(   86) amplitude = -0.5119
    D(    1) --> V(   87) amplitude =  0.6153
    D(    1) --> V(   89) amplitude =  0.4476

 Excited state  87: excitation energy (eV) =     777.4772
 Total energy for state  87:                  -310.06141195 au
    Multiplicity: Singlet
    Trans. Mom.: -0.0278 X  -0.0011 Y   0.0405 Z
    Strength   :     0.0460440338
    D(    1) --> V(   89) amplitude =  0.2835
    D(    1) --> V(   90) amplitude =  0.6504
    D(    1) --> V(   91) amplitude =  0.3602
    D(    1) --> V(   92) amplitude = -0.4385

 Excited state  88: excitation energy (eV) =     777.8815
 Total energy for state  88:                  -310.04655629 au
    Multiplicity: Singlet
    Trans. Mom.:  0.0242 X   0.0365 Y   0.0229 Z
    Strength   :     0.0465546781
    D(    1) --> V(   86) amplitude =  0.3472
    D(    1) --> V(   87) amplitude =  0.2517
    D(    1) --> V(   88) amplitude = -0.3176
    D(    1) --> V(   89) amplitude =  0.2443
    D(    1) --> V(   90) amplitude =  0.4879
    D(    1) --> V(   92) amplitude =  0.5468

 Excited state  89: excitation energy (eV) =     778.9860
 Total energy for state  89:                  -310.00596472 au
    Multiplicity: Singlet
    Trans. Mom.: -0.0246 X  -0.0022 Y   0.0087 Z
    Strength   :     0.0130634333
    D(    1) --> V(   86) amplitude =  0.4333
    D(    1) --> V(   87) amplitude =  0.4808
    D(    1) --> V(   88) amplitude =  0.7362

 Excited state  90: excitation energy (eV) =     779.0813
 Total energy for state  90:                  -310.00246362 au
    Multiplicity: Singlet
    Trans. Mom.:  0.0028 X   0.0076 Y  -0.0099 Z
    Strength   :     0.0031240339
    D(    1) --> V(   87) amplitude = -0.4856
    D(    1) --> V(   88) amplitude =  0.2836
    D(    1) --> V(   89) amplitude =  0.7586
    D(    1) --> V(   90) amplitude = -0.2231

 Excited state  91: excitation energy (eV) =     779.3303
 Total energy for state  91:                  -309.99331282 au
    Multiplicity: Singlet
    Trans. Mom.: -0.0159 X  -0.0177 Y  -0.0052 Z
    Strength   :     0.0112853967
    D(    1) --> V(   86) amplitude =  0.6065
    D(    1) --> V(   88) amplitude = -0.5011
    D(    1) --> V(   89) amplitude =  0.2209
    D(    1) --> V(   90) amplitude = -0.2637
    D(    1) --> V(   92) amplitude = -0.4546

 Excited state  92: excitation energy (eV) =     780.9796
 Total energy for state  92:                  -309.93270076 au
    Multiplicity: Singlet
    Trans. Mom.:  0.0131 X   0.0090 Y   0.0106 Z
    Strength   :     0.0070006531
    D(    1) --> V(   90) amplitude = -0.2193
    D(    1) --> V(   91) amplitude =  0.9001
    D(    1) --> V(   92) amplitude =  0.3592

 Excited state  93: excitation energy (eV) =     785.2102
 Total energy for state  93:                  -309.77722940 au
    Multiplicity: Singlet
    Trans. Mom.: -0.0112 X  -0.0058 Y   0.0011 Z
    Strength   :     0.0030819321
    D(    1) --> V(   92) amplitude =  0.2399
    D(    1) --> V(   95) amplitude =  0.9029

 Excited state  94: excitation energy (eV) =     785.4812
 Total energy for state  94:                  -309.76726995 au
    Multiplicity: Singlet
    Trans. Mom.: -0.0141 X   0.0139 Y   0.0073 Z
    Strength   :     0.0085694466
    D(    1) --> V(   90) amplitude = -0.2798
    D(    1) --> V(   93) amplitude =  0.8711
    D(    1) --> V(   94) amplitude =  0.2444
    D(    1) --> V(   96) amplitude = -0.2262

 Excited state  95: excitation energy (eV) =     785.9346
 Total energy for state  95:                  -309.75060887 au
    Multiplicity: Singlet
    Trans. Mom.: -0.0138 X   0.0070 Y  -0.0098 Z
    Strength   :     0.0064254259
    D(    1) --> V(   94) amplitude =  0.8349
    D(    1) --> V(   96) amplitude =  0.4516

 Excited state  96: excitation energy (eV) =     787.4508
 Total energy for state  96:                  -309.69489048 au
    Multiplicity: Singlet
    Trans. Mom.: -0.0174 X   0.0169 Y  -0.0065 Z
    Strength   :     0.0121631983
    D(    1) --> V(   93) amplitude =  0.3758
    D(    1) --> V(   94) amplitude = -0.3986
    D(    1) --> V(   95) amplitude =  0.2579
    D(    1) --> V(   96) amplitude =  0.7702

 Excited state  97: excitation energy (eV) =     792.3769
 Total energy for state  97:                  -309.51385750 au
    Multiplicity: Singlet
    Trans. Mom.: -0.0145 X   0.0323 Y   0.0444 Z
    Strength   :     0.0626465164
    D(    1) --> V(   97) amplitude =  0.7752
    D(    1) --> V(   98) amplitude =  0.2809
    D(    1) --> V(  100) amplitude =  0.4391

 Excited state  98: excitation energy (eV) =     793.2826
 Total energy for state  98:                  -309.48057632 au
    Multiplicity: Singlet
    Trans. Mom.: -0.0483 X  -0.0148 Y  -0.0078 Z
    Strength   :     0.0507546180
    D(    1) --> V(   95) amplitude = -0.2203
    D(    1) --> V(   97) amplitude = -0.2608
    D(    1) --> V(   98) amplitude =  0.5071
    D(    1) --> V(   99) amplitude =  0.5458
    D(    1) --> V(  102) amplitude = -0.4888

 Excited state  99: excitation energy (eV) =     795.3195
 Total energy for state  99:                  -309.40571957 au
    Multiplicity: Singlet
    Trans. Mom.: -0.0084 X   0.0291 Y  -0.0276 Z
    Strength   :     0.0326900816
    D(    1) --> V(   97) amplitude = -0.4426
    D(    1) --> V(   98) amplitude =  0.2659
    D(    1) --> V(   99) amplitude = -0.3931
    D(    1) --> V(  100) amplitude =  0.6100
    D(    1) --> V(  101) amplitude =  0.3062
    D(    1) --> V(  103) amplitude = -0.2276

 Excited state 100: excitation energy (eV) =     796.1664
 Total energy for state 100:                  -309.37459625 au
    Multiplicity: Singlet
    Trans. Mom.:  0.0084 X   0.0041 Y   0.0023 Z
    Strength   :     0.0018233231
    D(    1) --> V(   98) amplitude =  0.6286
    D(    1) --> V(   99) amplitude = -0.5343
    D(    1) --> V(  100) amplitude = -0.4491
    D(    1) --> V(  103) amplitude =  0.2260
 
 ---------------------------------------------------
 Starting SETmanPost()
  SETman timing summary (seconds)
  CPU time               679.66s
  System time              0.00s
  Wall time              173.79s
 
 --------------------------------------------------------------
 
                    Orbital Energies (a.u.)
 --------------------------------------------------------------
 
 Alpha MOs
 -- Occupied --
-25.4103 -25.4103 -25.4103 -10.8944  -1.4231  -1.3425  -1.3425  -0.7741
 -0.6439  -0.6326  -0.6326  -0.5180  -0.5180  -0.4838  -0.4838  -0.4651
 -0.4369
 -- Virtual --
  0.0067   0.0388   0.0443   0.0443   0.1053   0.1053   0.1093   0.1094
  0.1098   0.1497   0.1497   0.1725   0.1863   0.1980   0.2316   0.2577
  0.2577   0.2833   0.2941   0.2944   0.3051   0.3104   0.3105   0.3756
  0.3758   0.4089   0.4117   0.4117   0.4634   0.5627   0.5685   0.5686
  0.5999   0.6000   0.6269   0.6446   0.6518   0.6597   0.6600   0.6944
  0.7340   0.7341   0.7821   0.7821   0.7955   0.9281   0.9283   0.9867
  1.0010   1.0011   1.0946   1.1156   1.1156   1.1529   1.1531   1.2069
  1.2342   1.2430   1.2459   1.2462   1.3703   1.3706   1.7456   1.8474
  1.8474   2.0760   2.0936   2.0936   2.1210   2.1413   2.2468   2.2469
  2.2669   2.4154   2.4155   2.4452   2.4452   2.5627   2.5940   2.7945
  2.7946   2.8026   2.9093   2.9490   2.9491   3.2888   3.2888   3.2948
  3.2949   3.3649   3.3650   3.3688   3.5641   3.5812   3.5813   3.6489
  3.9194   3.9195   3.9463   3.9493   4.0102   4.0107   4.1481   4.1482
  4.1838   4.4300   5.3545   5.3728   5.3729   6.9586   6.9648   6.9649
  6.9735   6.9736   6.9743   6.9847   6.9949   6.9950   7.0987   7.0987
  7.1534   7.2451   7.2451   7.3026   7.4674   7.4674   7.5404   7.6802
  7.6939   7.6939   8.6027   8.6082   8.6083   8.6915   8.6916   8.7522
  8.8960   8.8960   8.8972   9.0045   9.1645   9.1645   9.3164   9.4954
  9.4954  23.0384  57.8787  57.8787  57.9257
 --------------------------------------------------------------
 
          Ground-State Mulliken Net Atomic Charges

     Atom                 Charge (a.u.)
  ----------------------------------------
      1 C                     0.646277
      2 F                    -0.236132
      3 F                    -0.235704
      4 F                    -0.235801
      5 H                     0.061360
  ----------------------------------------
  Sum of atomic charges =     0.000000

 -----------------------------------------------------------------
                    Cartesian Multipole Moments
 -----------------------------------------------------------------
    Charge (ESU x 10^10)
                -0.0000
    Dipole Moment (Debye)
         X       0.0001      Y       0.0002      Z      -1.7244
       Tot       1.7244
    Quadrupole Moments (Debye-Ang)
        XX     -22.3179     XY      -0.0002     YY     -22.3178
        XZ       0.0001     YZ       0.0001     ZZ     -18.4098
    Octopole Moments (Debye-Ang^2)
       XXX       1.2899    XXY      -0.3395    XYY      -1.2893
       YYY       0.3404    XXZ       0.6219    XYZ      -0.0000
       YYZ       0.6217    XZZ       0.0000    YZZ       0.0002
       ZZZ      -0.2756
    Hexadecapole Moments (Debye-Ang^3)
      XXXX     -85.8750   XXXY      -0.0005   XXYY     -28.6248
      XYYY      -0.0006   YYYY     -85.8747   XXXZ      -0.3653
      XXYZ       0.0963   XYYZ       0.3656   YYYZ      -0.0959
      XXZZ     -18.5545   XYZZ      -0.0001   YYZZ     -18.5545
      XZZZ       0.0001   YZZZ       0.0001   ZZZZ     -23.4915
 -----------------------------------------------------------------
 Total job time:  239.10s(wall), 1078.96s(cpu) 
 Wed Sep  4 15:15:14 2024

        *************************************************************
        *                                                           *
        *  Thank you very much for using Q-Chem.  Have a nice day.  *
        *                                                           *
        *************************************************************


