                  Welcome to Q-Chem
     A Quantum Leap Into The Future Of Chemistry


 Q-Chem 6.2 (devel), Q-Chem, Inc., Pleasanton, CA (2024)

 E. Epifanovsky,  A. T. B. Gilbert,  Xintian Feng,  Joonho Lee,  Yuezhi Mao,  
 N. Mardirossian,  P. Pokhilko,  A. White,  M. Wormit,  M. P. Coons,  
 A. L. Dempwolff,  Zhengting Gan,  D. Hait,  P. R. Horn,  L. D. Jacobson,  
 I. Kaliman,  J. Kussmann,  A. W. Lange,  Ka Un Lao,  D. S. Levine,  Jie Liu,  
 S. C. McKenzie,  A. F. Morrison,  K. D. Nanda,  F. Plasser,  D. R. Rehn,  
 M. L. Vidal,  Zhi-Qiang You,  Ying Zhu,  Huseyin Aksu,  B. Alam,  
 B. Albrecht,  A. Aldossary,  E. Alguire,  J. H. Andersen,  
 J. E. Arias-Martinez,  V. Athavale,  D. Barton,  K. Begam,  A. Behn,  
 N. Bellonzi,  Y. A. Bernard,  E. J. Berquist,  H. Burton,  A. Carreras,  
 K. Carter-Fenk,  Mathew Chow,  Romit Chakraborty,  Chandrima Chakravarty,  
 Junhan Chen,  A. D. Chien,  K. D. Closser,  V. Cofer-Shabica,  L. Cunha,  
 S. Dasgupta,  Jia Deng,  Joseph Dickinson,  M. de Wergifosse,  
 M. Diedenhofen,  Hainam Do,  Wenjie Dou,  S. Ehlert,  Po-Tung Fang,  
 S. Fatehi,  Qingguo Feng,  Jonathan Fetherolf,  T. Friedhoff,  
 Thomas Froitzheim,  Sarai Folkestad,  B. Ganoe,  J. Gayvert,  Qinghui Ge,  
 G. Gidofalvi,  M. Gimferrer,  M. Goldey,  Montgomery Gray,  J. Gomes,  
 C. Gonzalez-Espinoza,  S. Gulania,  A. Gunina,  J. A. Gyamfi,  
 M. W. D. Hanson-Heine,  P. H. P. Harbach,  A. W. Hauser,  M. F. Herbst,  
 M. Hernandez Vera,  M. Hodecker,  Z. C. Holden,  S. Houck,  Xunkun Huang,  
 Kerwin Hui,  B. C. Huynh,  K. Ikeda,  M. Ivanov,  Nayanthara K. Jayadev,  
 Hyunjun Ji,  Zuxin Jin,  Hanjie Jiang,  Subrata Jana,  B. Kaduk,  
 S. Kaehler,  R. Kang,  K. Khistyaev,  Jaehoon Kim,  Yongbin Kim,  
 P. Klunzinger,  Z. Koczor-Benda,  Joong Hoon Koh,  D. Kosenkov,  
 Saikiran Kotaru,  L. Koulias,  T. Kowalczyk,  C. M. Krauter,  K. Kue,  
 A. Kunitsa,  T. Kus,  A. Landau,  K. V. Lawler,  D. Lefrancois,  S. Lehtola,  
 Rain Li,  Shaozhi Li,  Tao E. Li,  Yi-Pei Li,  Jiashu Liang,  M. Liebenthal,  
 Hung-Hsuan Lin,  You-Sheng Lin,  Fenglai Liu,  Kuan-Yu Liu,  Xiao Liu,  
 M. Loipersberger,  A. Luenser,  C. Malbon,  Aniket Mandal,  Manisha,  
 A. Manjanath,  P. Manohar,  E. Mansoor,  S. F. Manzer,  Shan-Ping Mao,  
 A. V. Marenich,  T. Markovich,  S. Mason,  F. Matz,  S. A. Maurer,  
 Samuel May,  Alexandra McIsaac,  P. F. McLaughlin,  M. F. S. J. Menger,  
 J.-M. Mewes,  S. A. Mewes,  P. Morgante,  Mohammad Mostafanejad,  
 Madhubani Mukherjee,  J. W. Mullinax,  Quyen Nguyen,  Avik Kumar Ojha,  
 K. J. Oosterbaan,  Eno Paenurk,  Xiaoliang Pan,  G. Paran,  V. Parravicini,  
 Alexander C. Paul,  Suranjan K. Paul,  F. Pavosevic,  Zheng Pei,  S. Prager,  
 E. I. Proynov,  E. Ramos,  B. Rana,  A. E. Rask,  A. Rettig,  R. M. Richard,  
 F. Rob,  E. Rossomme,  T. Scheele,  M. Scheurer,  M. Schneider,  
 P. E. Schneider,  Tim K. Schramm,  N. Sergueev,  S. M. Sharada,  
 Hengyuan Shen,  W. Skomorowski,  D. W. Small,  C. J. Stein,  
 Alistair J. Sterling,  Yingli Su,  Yu-Chuan Su,  E. J. Sundstrom,  
 J. Talbot,  Zhen Tao,  J. Thirman,  Hung-Yi Tsai,  T. Tsuchimochi,  
 N. M. Tubman,  C. Utku,  S. P. Veccham,  O. Vydrov,  Rahel Weiss,  
 J. Wenzel,  Jonathan Wong,  J. Witte,  H. Wu,  Yanze Wu,  A. Yamada,  
 Chou-Hsun Yang,  Kun Yao,  S. Yeganeh,  S. R. Yost,  Qi Yu,  A. Zech,  
 F. Zeller,  Chongxiao Zhao,  Igor Ying Zhang,  Xing Zhang,  Yu Zhang,  
 D. Zuev,  A. Aspuru-Guzik,  A. T. Bell,  N. A. Besley,  K. B. Bravaya,  
 B. R. Brooks,  D. Casanova,  Jeng-Da Chai,  Hsing-Ta Chen,  S. Coriani,  
 C. J. Cramer,  A. E. DePrince, III,  R. A. DiStasio Jr.,  A. Dreuw,  
 B. D. Dunietz,  T. R. Furlani,  W. A. Goddard III,  S. Grimme,  
 S. Hammes-Schiffer,  T. Head-Gordon,  W. J. Hehre,  Chao-Ping Hsu,  
 T.-C. Jagau,  Yousung Jung,  A. Klamt,  Jing Kong,  D. S. Lambrecht,  
 Xiangyuan Li,  WanZhen Liang,  N. J. Mayhall,  C. W. McCurdy,  J. B. Neaton,  
 T. Neudecker,  C. Ochsenfeld,  J. A. Parkhill,  R. Peverati,  
 V. A. Rassolov,  Haisheng Ren,  Yihan Shao,  L. V. Slipchenko,  
 R. P. Steele,  J. E. Subotnik,  A. J. W. Thom,  A. Tkatchenko,  
 D. G. Truhlar,  T. Van Voorhis,  Fan Wang,  T. A. Wesolowski,  K. B. Whaley,  
 H. L. Woodcock III,  P. M. Zimmerman,  S. Faraji,  P. M. W. Gill,  
 M. Head-Gordon,  J. M. Herbert,  A. I. Krylov

 Contributors to earlier versions of Q-Chem not listed above: 
 R. D. Adamson,  B. Austin,  R. Baer,  J. Baker,  G. J. O. Beran,  
 K. Brandhorst,  S. T. Brown,  E. F. C. Byrd,  Arup K. Chakraborty,  
 G. K. L. Chan,  Chun-Min Chang,  Yunqing Chen,  C.-L. Cheng,  
 Siu Hung Chien,  D. M. Chipman,  D. L. Crittenden,  H. Dachsel,  
 R. J. Doerksen,  A. D. Dutoi,  R. G. Edgar,  J. Fosso-Tande,  
 L. Fusti-Molnar,  D. Ghosh,  A. Ghysels,  A. Golubeva-Zadorozhnaya,  
 J. Gonthier,  M. S. Gordon,  S. R. Gwaltney,  G. Hawkins,  J. E. Herr,  
 A. Heyden,  S. Hirata,  E. G. Hohenstein,  G. Kedziora,  F. J. Keil,  
 C. Kelley,  Jihan Kim,  R. A. King,  R. Z. Khaliullin,  P. P. Korambath,  
 W. Kurlancheek,  A. Laurent,  A. M. Lee,  M. S. Lee,  S. V. Levchenko,  
 Ching Yeh Lin,  D. Liotard,  E. Livshits,  R. C. Lochan,  I. Lotan,  
 L. A. Martinez-Martinez,  P. E. Maslen,  N. Nair,  D. P. O'Neill,  
 D. Neuhauser,  E. Neuscamman,  C. M. Oana,  R. Olivares-Amaya,  R. Olson,  
 T. M. Perrine,  B. Peters,  P. A. Pieniazek,  A. Prociuk,  Y. M. Rhee,  
 J. Ritchie,  M. A. Rohrdanz,  E. Rosta,  N. J. Russ,  H. F. Schaefer III,  
 M. W. Schmidt,  N. E. Schultz,  S. Sharma,  N. Shenvi,  C. D. Sherrill,  
 A. C. Simmonett,  A. Sodt,  T. Stein,  D. Stuck,  K. S. Thanthiriwatte,  
 V. Vanovschi,  L. Vogt,  Tao Wang,  A. Warshel,  M. A. Watson,  
 C. F. Williams,  Q. Wu,  X. Xu,  Jun Yang,  W. Zhang,  Yan Zhao

   Please cite Q-Chem as follows:
  "Software for the frontiers of quantum chemistry:
   An overview of developments in the Q-Chem 5 package"
   J. Chem. Phys. 155, 084801 (2021)
   https://doi.org/10.1063/5.0055522 (open access)

 Q-Chem 6.2.0 for Intel X86 EM64T Linux

 Parts of Q-Chem use Armadillo 9.900.5 (Nocturnal Misbehaviour).
 http://arma.sourceforge.net/

 Q-Chem begins on Wed Sep  4 15:10:21 2024  

 Host: pitzer-login02.hpc.osc.edu
0

     Scratch files written to /fs/scratch/PAS0291/aniketmandal95/qchem137415//
 Processing $rem in /users/PAS0291/aniketmandal95/qctrunk2/config/preferences:
 Processing $rem in /users/PAS0291/aniketmandal95/.qchemrc:

 Checking the input file for inconsistencies... 	...done.

--------------------------------------------------------------
User input:
--------------------------------------------------------------
$molecule
0 1
O  0.00000000  -0.00000000  -0.00614048  
H  0.76443318  -0.00000000  0.58917024  
H  -0.76443318  0.00000000  0.58917024  
$end


$rem
 jobtype = sp
 method = src1-r1
 unrestricted = false
 mem_total = 180000
 cis_n_roots = 100
 thresh = 14
 scf_convergence = 9
 cis_triplets false
 use_libqints = true
 scf_algorithm = DIIS
 BASIS = def2-tzvpd
 trnss              true
 trtype             3
 n_sol              1 ! no. of active orbs
$end

$alist
1
$end

--------------------------------------------------------------
 ----------------------------------------------------------------
             Standard Nuclear Orientation (Angstroms)
    I     Atom           X                Y                Z
 ----------------------------------------------------------------
    1      O       0.0000000000     0.0000000000     0.1190621440
    2      H      -0.7644331800    -0.0000000000    -0.4762485760
    3      H       0.7644331800     0.0000000000    -0.4762485760
 ----------------------------------------------------------------
 Molecular Point Group                 C2v   NOp =  4
 Largest Abelian Subgroup              C2v   NOp =  4
 Nuclear Repulsion Energy =           9.08479635 hartrees
 There are        5 alpha and        5 beta electrons
 Requested basis set is def2-TZVPD
 There are 24 shells and 58 basis functions

 Total QAlloc Memory Limit 180000 MB
 Mega-Array Size       188 MB
 MEM_STATIC part       192 MB


                       Distance Matrix (Angstroms)
             O (  1)   H (  2)
   H (  2)  0.968893
   H (  3)  0.968893  1.528866
 
 A cutoff of  1.0D-14 yielded    300 shell pairs
 There are      1786 function pairs (      2194 Cartesian)
 Smallest overlap matrix eigenvalue = 2.00E-03

 Scale SEOQF with 1.000000e-01/1.000000e-01/1.000000e-01

 Standard Electronic Orientation quadrupole field applied
 Guess from superposition of atomic densities
 Warning:  Energy on first SCF cycle will be non-variational
 SAD guess density has 10.000000 electrons

 -----------------------------------------------------------------------
  General SCF calculation program by
  Eric Jon Sundstrom, Paul Horn, Yuezhi Mao, Dmitri Zuev, Alec White,
  David Stuck, Shaama M.S., Shane Yost, Joonho Lee, David Small,
  Daniel Levine, Susi Lehtola, Hugh Burton, Evgeny Epifanovsky,
  Bang C. Huynh
 -----------------------------------------------------------------------
 Exchange:     0.5000 Hartree-Fock + 0.8300 B88 + -0.5000 muB88 + 0.1700 muB88src + LR-HF
               (Short-Range Corrected Functional)
 Correlation:  0.1900 VWN5 + 0.8100 LYP
 Using SG-1 standard quadrature grid

 Call libqints based aoints job 20
 using 20 threads for integral computing
 -------------------------------------------------------
 OpenMP Integral computing Module                
 Release: version 1.0, May 2013, Q-Chem Inc. Pittsburgh 
 -------------------------------------------------------
 A restricted SCF calculation will be
 performed using DIIS
 SCF converges when DIIS error is below 1.0e-09
 ---------------------------------------
  Cycle       Energy         DIIS error
 ---------------------------------------

 Call libqints based aoints job 20
    1     -76.4633501755      5.60e-02  

 Call libqints based aoints job 20
    2     -76.4629837479      1.37e-02  

 Call libqints based aoints job 20
    3     -76.4162190816      1.86e-02  

 Call libqints based aoints job 20
    4     -76.5224516068      3.87e-04  

 Call libqints based aoints job 20
    5     -76.5225071267      1.12e-04  

 Call libqints based aoints job 20
    6     -76.5225108163      1.02e-05  

 Call libqints based aoints job 20
    7     -76.5225108773      2.08e-06  

 Call libqints based aoints job 20
    8     -76.5225108789      7.66e-08  

 Call libqints based aoints job 20
    9     -76.5225108789      1.49e-08  
   10     -76.5225108789      6.10e-10  Convergence criterion met
 ---------------------------------------
 SCF time:   CPU 108.93s  wall 19.00s 
 SCF   energy =   -76.52251088
 Total energy =   -76.52251088
 MAX_CIS_SUBSPACE fits in available memory
 Direct TDDFT/TDA calculation will be performed
 Exchange:     0.5000 Hartree-Fock + 0.8300 B88 + -0.5000 muB88 + 0.1700 muB88src + LR-HF
               (Short-Range Corrected Functional)
 Correlation:  0.1900 VWN5 + 0.8100 LYP
 Using SG-1 standard quadrature grid
 Singlet excitation energies requested
 CIS energy converged when residual is below 10e- 6
   
 ***Using a Restricted Set of Single Excitations***
   
 RCIS calculation
   
 Excitations from specified occupied orbitals
 -------------------------------------------------------------
              Orbitals in Truncated CIS space
 -------------------------------------------------------------
     1   6   7   8   9  10  11  12  13  14  15  16  17  18  19
    20  21  22  23  24  25  26  27  28  29  30  31  32  33  34
    35  36  37  38  39  40  41  42  43  44  45  46  47  48  49
    50  51  52  53  54  55  56  57  58
   
    Number of Occupied Orbitals =    1  out of     5
    Number of Virtual Orbitals  =   53  out of    53
 -------------------------------------------------------------
 Number of Roots adjusted to:          53
 ---------------------------------------------------
 Iter    Rts Conv    Rts Left    Ttl Dev     Max Dev
 ---------------------------------------------------
   1        53           0      0.103866    0.008309    Roots Converged
 ---------------------------------------------------
 
 ---------------------------------------------------
         TDDFT/TDA Excitation Energies              
 ---------------------------------------------------

 Excited state   1: excitation energy (eV) =     534.5479
 Total energy for state   1:                   -56.87823767 au
    Multiplicity: Singlet
    Trans. Mom.: -0.0000 X  -0.0000 Y  -0.0403 Z
    Strength   :     0.0212633414
    D(    1) --> V(    1) amplitude =  0.9481
    D(    1) --> V(    8) amplitude = -0.2191

 Excited state   2: excitation energy (eV) =     535.8384
 Total energy for state   2:                   -56.83081247 au
    Multiplicity: Singlet
    Trans. Mom.:  0.0570 X  -0.0000 Y  -0.0000 Z
    Strength   :     0.0426491375
    D(    1) --> V(    2) amplitude =  0.8584
    D(    1) --> V(    5) amplitude =  0.3519
    D(    1) --> V(   11) amplitude =  0.2755

 Excited state   3: excitation energy (eV) =     537.7402
 Total energy for state   3:                   -56.76092460 au
    Multiplicity: Singlet
    Trans. Mom.: -0.0000 X  -0.0348 Y   0.0000 Z
    Strength   :     0.0159924182
    D(    1) --> V(    3) amplitude =  0.9756

 Excited state   4: excitation energy (eV) =     538.0858
 Total energy for state   4:                   -56.74822313 au
    Multiplicity: Singlet
    Trans. Mom.:  0.0000 X  -0.0000 Y  -0.0239 Z
    Strength   :     0.0075194983
    D(    1) --> V(    4) amplitude =  0.9649

 Excited state   5: excitation energy (eV) =     539.3820
 Total energy for state   5:                   -56.70058925 au
    Multiplicity: Singlet
    Trans. Mom.:  0.0215 X  -0.0000 Y   0.0000 Z
    Strength   :     0.0060999224
    D(    1) --> V(    2) amplitude = -0.4499
    D(    1) --> V(    5) amplitude =  0.8631

 Excited state   6: excitation energy (eV) =     540.1132
 Total energy for state   6:                   -56.67371751 au
    Multiplicity: Singlet
    Trans. Mom.: -0.0000 X   0.0000 Y   0.0278 Z
    Strength   :     0.0101905941
    D(    1) --> V(    1) amplitude =  0.2405
    D(    1) --> V(    6) amplitude =  0.7588
    D(    1) --> V(    8) amplitude =  0.5345

 Excited state   7: excitation energy (eV) =     541.0268
 Total energy for state   7:                   -56.64014164 au
    Multiplicity: Singlet
    Trans. Mom.:  0.0000 X  -0.0000 Y   0.0206 Z
    Strength   :     0.0056158228
    D(    1) --> V(    6) amplitude = -0.6304
    D(    1) --> V(    8) amplitude =  0.7382

 Excited state   8: excitation energy (eV) =     541.4424
 Total energy for state   8:                   -56.62487126 au
    Multiplicity: Singlet
    Trans. Mom.: -0.0000 X   0.0000 Y   0.0000 Z
    Strength   :     0.0000000000
    D(    1) --> V(    7) amplitude =  0.9987

 Excited state   9: excitation energy (eV) =     541.8270
 Total energy for state   9:                   -56.61073701 au
    Multiplicity: Singlet
    Trans. Mom.: -0.0000 X   0.0220 Y  -0.0000 Z
    Strength   :     0.0063987975
    D(    1) --> V(    9) amplitude =  0.9775

 Excited state  10: excitation energy (eV) =     542.4220
 Total energy for state  10:                   -56.58886868 au
    Multiplicity: Singlet
    Trans. Mom.:  0.0365 X  -0.0000 Y  -0.0000 Z
    Strength   :     0.0176708360
    D(    1) --> V(    2) amplitude = -0.2335
    D(    1) --> V(    5) amplitude = -0.3300
    D(    1) --> V(   11) amplitude =  0.8455
    D(    1) --> V(   12) amplitude =  0.3074

 Excited state  11: excitation energy (eV) =     542.9091
 Total energy for state  11:                   -56.57096924 au
    Multiplicity: Singlet
    Trans. Mom.:  0.0000 X   0.0000 Y  -0.0055 Z
    Strength   :     0.0003987631
    D(    1) --> V(    8) amplitude =  0.2255
    D(    1) --> V(   10) amplitude =  0.9634

 Excited state  12: excitation energy (eV) =     544.6937
 Total energy for state  12:                   -56.50538730 au
    Multiplicity: Singlet
    Trans. Mom.:  0.0094 X  -0.0000 Y   0.0000 Z
    Strength   :     0.0011834512
    D(    1) --> V(   11) amplitude = -0.3990
    D(    1) --> V(   12) amplitude =  0.8959

 Excited state  13: excitation energy (eV) =     546.9246
 Total energy for state  13:                   -56.42340077 au
    Multiplicity: Singlet
    Trans. Mom.:  0.0047 X   0.0000 Y  -0.0000 Z
    Strength   :     0.0002984399
    D(    1) --> V(   13) amplitude =  0.9718

 Excited state  14: excitation energy (eV) =     546.9682
 Total energy for state  14:                   -56.42179886 au
    Multiplicity: Singlet
    Trans. Mom.:  0.0000 X  -0.0000 Y   0.0122 Z
    Strength   :     0.0020010749
    D(    1) --> V(   14) amplitude =  0.9935

 Excited state  15: excitation energy (eV) =     547.3716
 Total energy for state  15:                   -56.40697445 au
    Multiplicity: Singlet
    Trans. Mom.: -0.0000 X  -0.0290 Y   0.0000 Z
    Strength   :     0.0113012217
    D(    1) --> V(   15) amplitude =  0.9772

 Excited state  16: excitation energy (eV) =     548.9878
 Total energy for state  16:                   -56.34758127 au
    Multiplicity: Singlet
    Trans. Mom.: -0.0000 X   0.0000 Y   0.0133 Z
    Strength   :     0.0023798943
    D(    1) --> V(   16) amplitude =  0.9871

 Excited state  17: excitation energy (eV) =     549.4818
 Total energy for state  17:                   -56.32942642 au
    Multiplicity: Singlet
    Trans. Mom.:  0.0000 X  -0.0000 Y   0.0000 Z
    Strength   :     0.0000000000
    D(    1) --> V(   17) amplitude =  0.9979

 Excited state  18: excitation energy (eV) =     552.1262
 Total energy for state  18:                   -56.23224763 au
    Multiplicity: Singlet
    Trans. Mom.: -0.0000 X  -0.0000 Y  -0.0447 Z
    Strength   :     0.0270853312
    D(    1) --> V(   18) amplitude = -0.5750
    D(    1) --> V(   21) amplitude =  0.7789

 Excited state  19: excitation energy (eV) =     552.3978
 Total energy for state  19:                   -56.22226691 au
    Multiplicity: Singlet
    Trans. Mom.:  0.0000 X   0.0467 Y  -0.0000 Z
    Strength   :     0.0294629092
    D(    1) --> V(   20) amplitude =  0.9690

 Excited state  20: excitation energy (eV) =     552.9699
 Total energy for state  20:                   -56.20124230 au
    Multiplicity: Singlet
    Trans. Mom.:  0.0000 X   0.0000 Y  -0.0225 Z
    Strength   :     0.0068412455
    D(    1) --> V(   18) amplitude =  0.8069
    D(    1) --> V(   21) amplitude =  0.5771

 Excited state  21: excitation energy (eV) =     553.5423
 Total energy for state  21:                   -56.18020825 au
    Multiplicity: Singlet
    Trans. Mom.:  0.0341 X  -0.0000 Y  -0.0000 Z
    Strength   :     0.0157793735
    D(    1) --> V(   19) amplitude =  0.9534

 Excited state  22: excitation energy (eV) =     558.3965
 Total energy for state  22:                   -56.00181963 au
    Multiplicity: Singlet
    Trans. Mom.: -0.0350 X   0.0000 Y   0.0000 Z
    Strength   :     0.0167218367
    D(    1) --> V(   19) amplitude =  0.2334
    D(    1) --> V(   22) amplitude =  0.9644

 Excited state  23: excitation energy (eV) =     560.9513
 Total energy for state  23:                   -55.90792915 au
    Multiplicity: Singlet
    Trans. Mom.: -0.0000 X  -0.0000 Y   0.0058 Z
    Strength   :     0.0004678195
    D(    1) --> V(   23) amplitude =  0.9957

 Excited state  24: excitation energy (eV) =     574.5148
 Total energy for state  24:                   -55.40948290 au
    Multiplicity: Singlet
    Trans. Mom.:  0.0000 X   0.0000 Y   0.0000 Z
    Strength   :     0.0000000000
    D(    1) --> V(   24) amplitude =  0.9954

 Excited state  25: excitation energy (eV) =     576.3145
 Total energy for state  25:                   -55.34334292 au
    Multiplicity: Singlet
    Trans. Mom.: -0.0000 X   0.0000 Y  -0.0035 Z
    Strength   :     0.0001749486
    D(    1) --> V(   25) amplitude =  0.9956

 Excited state  26: excitation energy (eV) =     576.5748
 Total energy for state  26:                   -55.33377652 au
    Multiplicity: Singlet
    Trans. Mom.: -0.0000 X  -0.0043 Y  -0.0000 Z
    Strength   :     0.0002560642
    D(    1) --> V(   26) amplitude =  0.9942

 Excited state  27: excitation energy (eV) =     580.0189
 Total energy for state  27:                   -55.20720851 au
    Multiplicity: Singlet
    Trans. Mom.: -0.0149 X  -0.0000 Y  -0.0000 Z
    Strength   :     0.0031482579
    D(    1) --> V(   27) amplitude =  0.9904

 Excited state  28: excitation energy (eV) =     580.2476
 Total energy for state  28:                   -55.19880581 au
    Multiplicity: Singlet
    Trans. Mom.: -0.0000 X  -0.0000 Y  -0.0001 Z
    Strength   :     0.0000000629
    D(    1) --> V(   28) amplitude =  0.9958

 Excited state  29: excitation energy (eV) =     584.9421
 Total energy for state  29:                   -55.02628701 au
    Multiplicity: Singlet
    Trans. Mom.:  0.0095 X   0.0000 Y   0.0000 Z
    Strength   :     0.0012864463
    D(    1) --> V(   29) amplitude =  0.9929

 Excited state  30: excitation energy (eV) =     590.4674
 Total energy for state  30:                   -54.82323587 au
    Multiplicity: Singlet
    Trans. Mom.: -0.0000 X  -0.0357 Y   0.0000 Z
    Strength   :     0.0184034802
    D(    1) --> V(   30) amplitude =  0.9881

 Excited state  31: excitation energy (eV) =     592.1089
 Total energy for state  31:                   -54.76291036 au
    Multiplicity: Singlet
    Trans. Mom.: -0.0000 X  -0.0000 Y   0.0000 Z
    Strength   :     0.0000000000
    D(    1) --> V(   31) amplitude =  0.9959

 Excited state  32: excitation energy (eV) =     595.8136
 Total energy for state  32:                   -54.62676368 au
    Multiplicity: Singlet
    Trans. Mom.:  0.0000 X   0.0000 Y   0.0562 Z
    Strength   :     0.0461513951
    D(    1) --> V(   32) amplitude =  0.9597
    D(    1) --> V(   35) amplitude = -0.2553

 Excited state  33: excitation energy (eV) =     601.7262
 Total energy for state  33:                   -54.40948252 au
    Multiplicity: Singlet
    Trans. Mom.: -0.0000 X   0.0000 Y   0.0080 Z
    Strength   :     0.0009416234
    D(    1) --> V(   33) amplitude =  0.9932

 Excited state  34: excitation energy (eV) =     602.2195
 Total energy for state  34:                   -54.39135235 au
    Multiplicity: Singlet
    Trans. Mom.:  0.0713 X   0.0000 Y   0.0000 Z
    Strength   :     0.0750133894
    D(    1) --> V(   34) amplitude =  0.8596
    D(    1) --> V(   36) amplitude =  0.5023

 Excited state  35: excitation energy (eV) =     605.1151
 Total energy for state  35:                   -54.28494134 au
    Multiplicity: Singlet
    Trans. Mom.: -0.0000 X   0.0976 Y   0.0000 Z
    Strength   :     0.1410876730
    D(    1) --> V(   37) amplitude =  0.9903

 Excited state  36: excitation energy (eV) =     605.2774
 Total energy for state  36:                   -54.27897677 au
    Multiplicity: Singlet
    Trans. Mom.:  0.0000 X   0.0000 Y  -0.0764 Z
    Strength   :     0.0865774464
    D(    1) --> V(   32) amplitude =  0.2608
    D(    1) --> V(   35) amplitude =  0.9386

 Excited state  37: excitation energy (eV) =     607.9868
 Total energy for state  37:                   -54.17940772 au
    Multiplicity: Singlet
    Trans. Mom.:  0.0546 X  -0.0000 Y  -0.0000 Z
    Strength   :     0.0444628569
    D(    1) --> V(   34) amplitude = -0.5078
    D(    1) --> V(   36) amplitude =  0.8556

 Excited state  38: excitation energy (eV) =     616.3897
 Total energy for state  38:                   -53.87060545 au
    Multiplicity: Singlet
    Trans. Mom.: -0.0000 X  -0.0000 Y  -0.0225 Z
    Strength   :     0.0076630729
    D(    1) --> V(   38) amplitude =  0.9762

 Excited state  39: excitation energy (eV) =     635.4607
 Total energy for state  39:                   -53.16976066 au
    Multiplicity: Singlet
    Trans. Mom.: -0.0000 X   0.0000 Y  -0.0318 Z
    Strength   :     0.0157048860
    D(    1) --> V(   39) amplitude =  0.9957

 Excited state  40: excitation energy (eV) =     640.6288
 Total energy for state  40:                   -52.97983616 au
    Multiplicity: Singlet
    Trans. Mom.: -0.0442 X   0.0000 Y   0.0000 Z
    Strength   :     0.0306705834
    D(    1) --> V(   40) amplitude =  0.9957

 Excited state  41: excitation energy (eV) =     670.1864
 Total energy for state  41:                   -51.89361552 au
    Multiplicity: Singlet
    Trans. Mom.: -0.0000 X  -0.0003 Y   0.0000 Z
    Strength   :     0.0000014771
    D(    1) --> V(   41) amplitude =  1.0000

 Excited state  42: excitation energy (eV) =     674.0411
 Total energy for state  42:                   -51.75195895 au
    Multiplicity: Singlet
    Trans. Mom.:  0.0000 X   0.0000 Y   0.0028 Z
    Strength   :     0.0001259427
    D(    1) --> V(   42) amplitude =  0.9996

 Excited state  43: excitation energy (eV) =     678.4226
 Total energy for state  43:                   -51.59093892 au
    Multiplicity: Singlet
    Trans. Mom.:  0.0000 X   0.0032 Y   0.0000 Z
    Strength   :     0.0001655489
    D(    1) --> V(   43) amplitude =  0.9994

 Excited state  44: excitation energy (eV) =     679.6902
 Total energy for state  44:                   -51.54435697 au
    Multiplicity: Singlet
    Trans. Mom.:  0.0000 X   0.0000 Y   0.0000 Z
    Strength   :     0.0000000000
    D(    1) --> V(   44) amplitude =  0.9989

 Excited state  45: excitation energy (eV) =     680.4258
 Total energy for state  45:                   -51.51732414 au
    Multiplicity: Singlet
    Trans. Mom.:  0.0051 X   0.0000 Y   0.0000 Z
    Strength   :     0.0004420539
    D(    1) --> V(   45) amplitude =  0.9999

 Excited state  46: excitation energy (eV) =     693.3075
 Total energy for state  46:                   -51.04393054 au
    Multiplicity: Singlet
    Trans. Mom.:  0.0144 X  -0.0000 Y  -0.0000 Z
    Strength   :     0.0035351114
    D(    1) --> V(   46) amplitude =  0.9929

 Excited state  47: excitation energy (eV) =     698.2892
 Total energy for state  47:                   -50.86085739 au
    Multiplicity: Singlet
    Trans. Mom.:  0.0000 X   0.0000 Y  -0.0060 Z
    Strength   :     0.0006195880
    D(    1) --> V(   47) amplitude =  0.9862

 Excited state  48: excitation energy (eV) =     701.7843
 Total energy for state  48:                   -50.73241375 au
    Multiplicity: Singlet
    Trans. Mom.: -0.0000 X   0.0027 Y  -0.0000 Z
    Strength   :     0.0001280217
    D(    1) --> V(   48) amplitude =  0.9991

 Excited state  49: excitation energy (eV) =     703.5505
 Total energy for state  49:                   -50.66750650 au
    Multiplicity: Singlet
    Trans. Mom.: -0.0000 X  -0.0000 Y  -0.0000 Z
    Strength   :     0.0000000000
    D(    1) --> V(   49) amplitude =  0.9985

 Excited state  50: excitation energy (eV) =     704.0177
 Total energy for state  50:                   -50.65033900 au
    Multiplicity: Singlet
    Trans. Mom.:  0.0000 X  -0.0000 Y  -0.0054 Z
    Strength   :     0.0004975554
    D(    1) --> V(   50) amplitude =  0.9940

 Excited state  51: excitation energy (eV) =     718.8999
 Total energy for state  51:                   -50.10342552 au
    Multiplicity: Singlet
    Trans. Mom.:  0.0000 X  -0.0000 Y   0.0153 Z
    Strength   :     0.0041118394
    D(    1) --> V(   51) amplitude =  0.9878

 Excited state  52: excitation energy (eV) =     721.5363
 Total energy for state  52:                   -50.00654180 au
    Multiplicity: Singlet
    Trans. Mom.:  0.0203 X  -0.0000 Y  -0.0000 Z
    Strength   :     0.0072694640
    D(    1) --> V(   52) amplitude =  0.9929

 Excited state  53: excitation energy (eV) =    1723.8163
 Total energy for state  53:                   -13.17343044 au
    Multiplicity: Singlet
    Trans. Mom.: -0.0000 X  -0.0000 Y   0.0021 Z
    Strength   :     0.0001806117
    D(    1) --> V(   53) amplitude =  1.0000
 
 ---------------------------------------------------
 Starting SETmanPost()
  SETman timing summary (seconds)
  CPU time                22.90s
  System time              0.00s
  Wall time                7.74s
 
 --------------------------------------------------------------
             Orbital Energies (a.u.) and Symmetries
 --------------------------------------------------------------
 
 Alpha MOs, Restricted
 -- Occupied --                  
-19.748  -1.087  -0.552  -0.419  -0.342
  1 A1    2 A1    1 B1    3 A1    1 B2                                         
 -- Virtual --                   
 -0.008   0.049   0.078   0.080   0.138   0.163   0.192   0.204
  4 A1    2 B1    2 B2    5 A1    3 B1    6 A1    1 A2    7 A1                 
  0.219   0.262   0.275   0.320   0.417   0.422   0.450   0.502
  3 B2    8 A1    4 B1    5 B1    6 B1    9 A1    4 B2   10 A1                 
  0.512   0.643   0.697   0.701   0.713   0.898   0.974   1.520
  2 A2   11 A1    7 B1    5 B2   12 A1    8 B1   13 A1    3 A2                 
  1.599   1.612   1.736   1.764   1.860   2.118   2.175   2.316
 14 A1    6 B2    9 B1   15 A1   10 B1    7 B2    4 A2   16 A1                 
  2.517   2.580   2.786   2.842   2.884   3.143   3.837   4.043
 17 A1   11 B1   18 A1   12 B1    8 B2   19 A1   20 A1   13 B1                 
  5.193   5.337   5.498   5.550   5.567   6.152   6.391   6.573
  9 B2   21 A1   10 B2    5 A2   14 B1   15 B1   22 A1   11 B2                 
  6.632   6.647   7.037   7.178  44.210
  6 A2   23 A1   24 A1   16 B1   25 A1                                         
 
 Beta MOs, Restricted
 -- Occupied --                  
-19.748  -1.087  -0.552  -0.419  -0.342
  1 A1    2 A1    1 B1    3 A1    1 B2                                         
 -- Virtual --                   
 -0.008   0.049   0.078   0.080   0.138   0.163   0.192   0.204
  4 A1    2 B1    2 B2    5 A1    3 B1    6 A1    1 A2    7 A1                 
  0.219   0.262   0.275   0.320   0.417   0.422   0.450   0.502
  3 B2    8 A1    4 B1    5 B1    6 B1    9 A1    4 B2   10 A1                 
  0.512   0.643   0.697   0.701   0.713   0.898   0.974   1.520
  2 A2   11 A1    7 B1    5 B2   12 A1    8 B1   13 A1    3 A2                 
  1.599   1.612   1.736   1.764   1.860   2.118   2.175   2.316
 14 A1    6 B2    9 B1   15 A1   10 B1    7 B2    4 A2   16 A1                 
  2.517   2.580   2.786   2.842   2.884   3.143   3.837   4.043
 17 A1   11 B1   18 A1   12 B1    8 B2   19 A1   20 A1   13 B1                 
  5.193   5.337   5.498   5.550   5.567   6.152   6.391   6.573
  9 B2   21 A1   10 B2    5 A2   14 B1   15 B1   22 A1   11 B2                 
  6.632   6.647   7.037   7.178  44.210
  6 A2   23 A1   24 A1   16 B1   25 A1                                         
 --------------------------------------------------------------
 
          Ground-State Mulliken Net Atomic Charges

     Atom                 Charge (a.u.)
  ----------------------------------------
      1 O                    -0.625222
      2 H                     0.312611
      3 H                     0.312611
  ----------------------------------------
  Sum of atomic charges =     0.000000

 -----------------------------------------------------------------
                    Cartesian Multipole Moments
 -----------------------------------------------------------------
    Charge (ESU x 10^10)
                -0.0000
    Dipole Moment (Debye)
         X       0.0000      Y       0.0000      Z      -1.8770
       Tot       1.8770
    Quadrupole Moments (Debye-Ang)
        XX      -4.3383     XY       0.0000     YY      -7.7126
        XZ      -0.0000     YZ       0.0000     ZZ      -6.3010
    Octopole Moments (Debye-Ang^2)
       XXX       0.0000    XXY       0.0000    XYY       0.0000
       YYY       0.0000    XXZ      -1.3177    XYZ      -0.0000
       YYZ      -0.1897    XZZ       0.0000    YZZ       0.0000
       ZZZ      -0.9525
    Hexadecapole Moments (Debye-Ang^3)
      XXXX      -6.3981   XXXY       0.0000   XXYY      -2.6099
      XYYY       0.0000   YYYY      -7.4234   XXXZ      -0.0000
      XXYZ       0.0000   XYYZ      -0.0000   YYYZ       0.0000
      XXZZ      -2.0133   XYZZ       0.0000   YYZZ      -2.5602
      XZZZ      -0.0000   YZZZ       0.0000   ZZZZ      -7.6287
 -----------------------------------------------------------------
 Total job time:  29.59s(wall), 137.31s(cpu) 
 Wed Sep  4 15:10:51 2024

        *************************************************************
        *                                                           *
        *  Thank you very much for using Q-Chem.  Have a nice day.  *
        *                                                           *
        *************************************************************


