                  Welcome to Q-Chem
     A Quantum Leap Into The Future Of Chemistry


 Q-Chem 6.2 (devel), Q-Chem, Inc., Pleasanton, CA (2024)

 E. Epifanovsky,  A. T. B. Gilbert,  Xintian Feng,  Joonho Lee,  Yuezhi Mao,  
 N. Mardirossian,  P. Pokhilko,  A. White,  M. Wormit,  M. P. Coons,  
 A. L. Dempwolff,  Zhengting Gan,  D. Hait,  P. R. Horn,  L. D. Jacobson,  
 I. Kaliman,  J. Kussmann,  A. W. Lange,  Ka Un Lao,  D. S. Levine,  Jie Liu,  
 S. C. McKenzie,  A. F. Morrison,  K. D. Nanda,  F. Plasser,  D. R. Rehn,  
 M. L. Vidal,  Zhi-Qiang You,  Ying Zhu,  Huseyin Aksu,  B. Alam,  
 B. Albrecht,  A. Aldossary,  E. Alguire,  J. H. Andersen,  
 J. E. Arias-Martinez,  V. Athavale,  D. Barton,  K. Begam,  A. Behn,  
 N. Bellonzi,  Y. A. Bernard,  E. J. Berquist,  H. Burton,  A. Carreras,  
 K. Carter-Fenk,  Mathew Chow,  Romit Chakraborty,  Chandrima Chakravarty,  
 Junhan Chen,  A. D. Chien,  K. D. Closser,  V. Cofer-Shabica,  L. Cunha,  
 S. Dasgupta,  Jia Deng,  Joseph Dickinson,  M. de Wergifosse,  
 M. Diedenhofen,  Hainam Do,  Wenjie Dou,  S. Ehlert,  Po-Tung Fang,  
 S. Fatehi,  Qingguo Feng,  Jonathan Fetherolf,  T. Friedhoff,  
 Thomas Froitzheim,  Sarai Folkestad,  B. Ganoe,  J. Gayvert,  Qinghui Ge,  
 G. Gidofalvi,  M. Gimferrer,  M. Goldey,  Montgomery Gray,  J. Gomes,  
 C. Gonzalez-Espinoza,  S. Gulania,  A. Gunina,  J. A. Gyamfi,  
 M. W. D. Hanson-Heine,  P. H. P. Harbach,  A. W. Hauser,  M. F. Herbst,  
 M. Hernandez Vera,  M. Hodecker,  Z. C. Holden,  S. Houck,  Xunkun Huang,  
 Kerwin Hui,  B. C. Huynh,  K. Ikeda,  M. Ivanov,  Nayanthara K. Jayadev,  
 Hyunjun Ji,  Zuxin Jin,  Hanjie Jiang,  Subrata Jana,  B. Kaduk,  
 S. Kaehler,  R. Kang,  K. Khistyaev,  Jaehoon Kim,  Yongbin Kim,  
 P. Klunzinger,  Z. Koczor-Benda,  Joong Hoon Koh,  D. Kosenkov,  
 Saikiran Kotaru,  L. Koulias,  T. Kowalczyk,  C. M. Krauter,  K. Kue,  
 A. Kunitsa,  T. Kus,  A. Landau,  K. V. Lawler,  D. Lefrancois,  S. Lehtola,  
 Rain Li,  Shaozhi Li,  Tao E. Li,  Yi-Pei Li,  Jiashu Liang,  M. Liebenthal,  
 Hung-Hsuan Lin,  You-Sheng Lin,  Fenglai Liu,  Kuan-Yu Liu,  Xiao Liu,  
 M. Loipersberger,  A. Luenser,  C. Malbon,  Aniket Mandal,  Manisha,  
 A. Manjanath,  P. Manohar,  E. Mansoor,  S. F. Manzer,  Shan-Ping Mao,  
 A. V. Marenich,  T. Markovich,  S. Mason,  F. Matz,  S. A. Maurer,  
 Samuel May,  Alexandra McIsaac,  P. F. McLaughlin,  M. F. S. J. Menger,  
 J.-M. Mewes,  S. A. Mewes,  P. Morgante,  Mohammad Mostafanejad,  
 Madhubani Mukherjee,  J. W. Mullinax,  Quyen Nguyen,  Avik Kumar Ojha,  
 K. J. Oosterbaan,  Eno Paenurk,  Xiaoliang Pan,  G. Paran,  V. Parravicini,  
 Alexander C. Paul,  Suranjan K. Paul,  F. Pavosevic,  Zheng Pei,  S. Prager,  
 E. I. Proynov,  E. Ramos,  B. Rana,  A. E. Rask,  A. Rettig,  R. M. Richard,  
 F. Rob,  E. Rossomme,  T. Scheele,  M. Scheurer,  M. Schneider,  
 P. E. Schneider,  Tim K. Schramm,  N. Sergueev,  S. M. Sharada,  
 Hengyuan Shen,  W. Skomorowski,  D. W. Small,  C. J. Stein,  
 Alistair J. Sterling,  Yingli Su,  Yu-Chuan Su,  E. J. Sundstrom,  
 J. Talbot,  Zhen Tao,  J. Thirman,  Hung-Yi Tsai,  T. Tsuchimochi,  
 N. M. Tubman,  C. Utku,  S. P. Veccham,  O. Vydrov,  Rahel Weiss,  
 J. Wenzel,  Jonathan Wong,  J. Witte,  H. Wu,  Yanze Wu,  A. Yamada,  
 Chou-Hsun Yang,  Kun Yao,  S. Yeganeh,  S. R. Yost,  Qi Yu,  A. Zech,  
 F. Zeller,  Chongxiao Zhao,  Igor Ying Zhang,  Xing Zhang,  Yu Zhang,  
 D. Zuev,  A. Aspuru-Guzik,  A. T. Bell,  N. A. Besley,  K. B. Bravaya,  
 B. R. Brooks,  D. Casanova,  Jeng-Da Chai,  Hsing-Ta Chen,  S. Coriani,  
 C. J. Cramer,  A. E. DePrince, III,  R. A. DiStasio Jr.,  A. Dreuw,  
 B. D. Dunietz,  T. R. Furlani,  W. A. Goddard III,  S. Grimme,  
 S. Hammes-Schiffer,  T. Head-Gordon,  W. J. Hehre,  Chao-Ping Hsu,  
 T.-C. Jagau,  Yousung Jung,  A. Klamt,  Jing Kong,  D. S. Lambrecht,  
 Xiangyuan Li,  WanZhen Liang,  N. J. Mayhall,  C. W. McCurdy,  J. B. Neaton,  
 T. Neudecker,  C. Ochsenfeld,  J. A. Parkhill,  R. Peverati,  
 V. A. Rassolov,  Haisheng Ren,  Yihan Shao,  L. V. Slipchenko,  
 R. P. Steele,  J. E. Subotnik,  A. J. W. Thom,  A. Tkatchenko,  
 D. G. Truhlar,  T. Van Voorhis,  Fan Wang,  T. A. Wesolowski,  K. B. Whaley,  
 H. L. Woodcock III,  P. M. Zimmerman,  S. Faraji,  P. M. W. Gill,  
 M. Head-Gordon,  J. M. Herbert,  A. I. Krylov

 Contributors to earlier versions of Q-Chem not listed above: 
 R. D. Adamson,  B. Austin,  R. Baer,  J. Baker,  G. J. O. Beran,  
 K. Brandhorst,  S. T. Brown,  E. F. C. Byrd,  Arup K. Chakraborty,  
 G. K. L. Chan,  Chun-Min Chang,  Yunqing Chen,  C.-L. Cheng,  
 Siu Hung Chien,  D. M. Chipman,  D. L. Crittenden,  H. Dachsel,  
 R. J. Doerksen,  A. D. Dutoi,  R. G. Edgar,  J. Fosso-Tande,  
 L. Fusti-Molnar,  D. Ghosh,  A. Ghysels,  A. Golubeva-Zadorozhnaya,  
 J. Gonthier,  M. S. Gordon,  S. R. Gwaltney,  G. Hawkins,  J. E. Herr,  
 A. Heyden,  S. Hirata,  E. G. Hohenstein,  G. Kedziora,  F. J. Keil,  
 C. Kelley,  Jihan Kim,  R. A. King,  R. Z. Khaliullin,  P. P. Korambath,  
 W. Kurlancheek,  A. Laurent,  A. M. Lee,  M. S. Lee,  S. V. Levchenko,  
 Ching Yeh Lin,  D. Liotard,  E. Livshits,  R. C. Lochan,  I. Lotan,  
 L. A. Martinez-Martinez,  P. E. Maslen,  N. Nair,  D. P. O'Neill,  
 D. Neuhauser,  E. Neuscamman,  C. M. Oana,  R. Olivares-Amaya,  R. Olson,  
 T. M. Perrine,  B. Peters,  P. A. Pieniazek,  A. Prociuk,  Y. M. Rhee,  
 J. Ritchie,  M. A. Rohrdanz,  E. Rosta,  N. J. Russ,  H. F. Schaefer III,  
 M. W. Schmidt,  N. E. Schultz,  S. Sharma,  N. Shenvi,  C. D. Sherrill,  
 A. C. Simmonett,  A. Sodt,  T. Stein,  D. Stuck,  K. S. Thanthiriwatte,  
 V. Vanovschi,  L. Vogt,  Tao Wang,  A. Warshel,  M. A. Watson,  
 C. F. Williams,  Q. Wu,  X. Xu,  Jun Yang,  W. Zhang,  Yan Zhao

   Please cite Q-Chem as follows:
  "Software for the frontiers of quantum chemistry:
   An overview of developments in the Q-Chem 5 package"
   J. Chem. Phys. 155, 084801 (2021)
   https://doi.org/10.1063/5.0055522 (open access)

 Q-Chem 6.2.0 for Intel X86 EM64T Linux

 Parts of Q-Chem use Armadillo 9.900.5 (Nocturnal Misbehaviour).
 http://arma.sourceforge.net/

 Q-Chem begins on Wed Sep  4 15:18:36 2024  

 Host: pitzer-login02.hpc.osc.edu
0

     Scratch files written to /fs/scratch/PAS0291/aniketmandal95/qchem183544//
 Processing $rem in /users/PAS0291/aniketmandal95/qctrunk2/config/preferences:
 Processing $rem in /users/PAS0291/aniketmandal95/.qchemrc:

 Checking the input file for inconsistencies... 	...done.

--------------------------------------------------------------
User input:
--------------------------------------------------------------
$molecule
0 1
C  0.00000000  0.00000000  -0.00165375  
H  -0.00000000  -0.00000000  1.07300224  
N  -0.00000000  -0.00000000  -1.15904849  
$end


$rem
 jobtype = sp
 method = src1-r1
 unrestricted = false
 mem_total = 180000
 cis_n_roots = 100
 thresh = 14
 scf_convergence = 9
 cis_triplets false
 use_libqints = true
 scf_algorithm = DIIS
 BASIS = def2-tzvpd
 trnss              true
 trtype             3
 n_sol              1 ! no. of active orbs
$end

$alist
1
$end

--------------------------------------------------------------
 ----------------------------------------------------------------
             Standard Nuclear Orientation (Angstroms)
    I     Atom           X                Y                Z
 ----------------------------------------------------------------
    1      C       0.0000000000     0.0000000000     0.5019362279
    2      H       0.0000000000     0.0000000000     1.5765922179
    3      N       0.0000000000     0.0000000000    -0.6554585121
 ----------------------------------------------------------------
 Molecular Point Group                 C*v   NOp =***
 Largest Abelian Subgroup              C2v   NOp =  1
 Nuclear Repulsion Energy =          23.81705372 hartrees
 There are        7 alpha and        7 beta electrons
 Requested basis set is def2-TZVPD
 There are 31 shells and 83 basis functions

 Total QAlloc Memory Limit 180000 MB
 Mega-Array Size       188 MB
 MEM_STATIC part       192 MB


                       Distance Matrix (Angstroms)
             C (  1)   H (  2)
   H (  2)  1.074656
   N (  3)  1.157395  2.232051
 
 A cutoff of  1.0D-14 yielded    495 shell pairs
 There are      3611 function pairs (      4763 Cartesian)
 Smallest overlap matrix eigenvalue = 7.67E-05

 Scale SEOQF with 1.000000e+00/1.000000e+00/1.000000e-01

 Standard Electronic Orientation quadrupole field applied
 Nucleus-field energy     =    -0.0000000008 hartrees
 Guess from superposition of atomic densities
 Warning:  Energy on first SCF cycle will be non-variational
 SAD guess density has 14.000000 electrons

 -----------------------------------------------------------------------
  General SCF calculation program by
  Eric Jon Sundstrom, Paul Horn, Yuezhi Mao, Dmitri Zuev, Alec White,
  David Stuck, Shaama M.S., Shane Yost, Joonho Lee, David Small,
  Daniel Levine, Susi Lehtola, Hugh Burton, Evgeny Epifanovsky,
  Bang C. Huynh
 -----------------------------------------------------------------------
 Exchange:     0.5000 Hartree-Fock + 0.8300 B88 + -0.5000 muB88 + 0.1700 muB88src + LR-HF
               (Short-Range Corrected Functional)
 Correlation:  0.1900 VWN5 + 0.8100 LYP
 Using SG-1 standard quadrature grid

 Call libqints based aoints job 20
 using 20 threads for integral computing
 -------------------------------------------------------
 OpenMP Integral computing Module                
 Release: version 1.0, May 2013, Q-Chem Inc. Pittsburgh 
 -------------------------------------------------------
 A restricted SCF calculation will be
 performed using DIIS
 SCF converges when DIIS error is below 1.0e-09
 ---------------------------------------
  Cycle       Energy         DIIS error
 ---------------------------------------

 Call libqints based aoints job 20
    1     -93.7266168583      5.24e-02  

 Call libqints based aoints job 20
    2     -93.5329185936      7.06e-03  

 Call libqints based aoints job 20
    3     -93.4241666867      1.36e-02  

 Call libqints based aoints job 20
    4     -93.5740527568      1.81e-03  

 Call libqints based aoints job 20
    5     -93.5766681106      3.08e-04  

 Call libqints based aoints job 20
    6     -93.5767458083      1.34e-05  

 Call libqints based aoints job 20
    7     -93.5767459172      6.54e-06  

 Call libqints based aoints job 20
    8     -93.5767459493      1.03e-06  

 Call libqints based aoints job 20
    9     -93.5767459501      4.40e-08  

 Call libqints based aoints job 20
   10     -93.5767459502      5.38e-09  
   11     -93.5767459501      1.48e-10  Convergence criterion met
 ---------------------------------------
 SCF time:   CPU 130.92s  wall 21.00s 
 SCF   energy =   -93.57674595
 Total energy =   -93.57674595
 MAX_CIS_SUBSPACE fits in available memory
 Direct TDDFT/TDA calculation will be performed
 Exchange:     0.5000 Hartree-Fock + 0.8300 B88 + -0.5000 muB88 + 0.1700 muB88src + LR-HF
               (Short-Range Corrected Functional)
 Correlation:  0.1900 VWN5 + 0.8100 LYP
 Using SG-1 standard quadrature grid
 Singlet excitation energies requested
 CIS energy converged when residual is below 10e- 6
   
 ***Using a Restricted Set of Single Excitations***
   
 RCIS calculation
   
 Excitations from specified occupied orbitals
 -------------------------------------------------------------
              Orbitals in Truncated CIS space
 -------------------------------------------------------------
     1   8   9  10  11  12  13  14  15  16  17  18  19  20  21
    22  23  24  25  26  27  28  29  30  31  32  33  34  35  36
    37  38  39  40  41  42  43  44  45  46  47  48  49  50  51
    52  53  54  55  56  57  58  59  60  61  62  63  64  65  66
    67  68  69  70  71  72  73  74  75  76  77  78  79  80  81
    82  83
   
    Number of Occupied Orbitals =    1  out of     7
    Number of Virtual Orbitals  =   76  out of    76
 -------------------------------------------------------------
 Number of Roots adjusted to:          76
 ---------------------------------------------------
 Iter    Rts Conv    Rts Left    Ttl Dev     Max Dev
 ---------------------------------------------------
   1        76           0      0.070210    0.004949    Roots Converged
 ---------------------------------------------------
 
 ---------------------------------------------------
         TDDFT/TDA Excitation Energies              
 ---------------------------------------------------

 Excited state   1: excitation energy (eV) =     399.9373
 Total energy for state   1:                   -78.87932057 au
    Multiplicity: Singlet
    Trans. Mom.:  0.0838 X   0.0064 Y   0.0000 Z
    Strength   :     0.0692050889
    D(    1) --> V(    1) amplitude =  0.9507
    D(    1) --> V(   10) amplitude = -0.2435

 Excited state   2: excitation energy (eV) =     399.9373
 Total energy for state   2:                   -78.87932057 au
    Multiplicity: Singlet
    Trans. Mom.: -0.0064 X   0.0838 Y   0.0000 Z
    Strength   :     0.0692050888
    D(    1) --> V(    2) amplitude =  0.9507
    D(    1) --> V(   11) amplitude = -0.2435

 Excited state   3: excitation energy (eV) =     404.2642
 Total energy for state   3:                   -78.72031109 au
    Multiplicity: Singlet
    Trans. Mom.:  0.0000 X  -0.0000 Y  -0.0235 Z
    Strength   :     0.0054829249
    D(    1) --> V(    3) amplitude =  0.9196
    D(    1) --> V(    4) amplitude =  0.3549

 Excited state   4: excitation energy (eV) =     404.5974
 Total energy for state   4:                   -78.70806566 au
    Multiplicity: Singlet
    Trans. Mom.: -0.0000 X   0.0000 Y  -0.0088 Z
    Strength   :     0.0007697030
    D(    1) --> V(    3) amplitude = -0.3662
    D(    1) --> V(    4) amplitude =  0.9222

 Excited state   5: excitation energy (eV) =     406.7358
 Total energy for state   5:                   -78.62948074 au
    Multiplicity: Singlet
    Trans. Mom.: -0.0000 X  -0.0000 Y  -0.0360 Z
    Strength   :     0.0129129957
    D(    1) --> V(    5) amplitude =  0.9733

 Excited state   6: excitation energy (eV) =     407.6204
 Total energy for state   6:                   -78.59697098 au
    Multiplicity: Singlet
    Trans. Mom.:  0.0115 X   0.0009 Y   0.0000 Z
    Strength   :     0.0013349213
    D(    1) --> V(    6) amplitude =  0.9879

 Excited state   7: excitation energy (eV) =     407.6204
 Total energy for state   7:                   -78.59697098 au
    Multiplicity: Singlet
    Trans. Mom.:  0.0009 X  -0.0115 Y   0.0000 Z
    Strength   :     0.0013349213
    D(    1) --> V(    7) amplitude =  0.9879

 Excited state   8: excitation energy (eV) =     409.0017
 Total energy for state   8:                   -78.54621238 au
    Multiplicity: Singlet
    Trans. Mom.: -0.0328 X   0.0048 Y  -0.0000 Z
    Strength   :     0.0110354497
    D(    1) --> V(    1) amplitude =  0.2681
    D(    1) --> V(   10) amplitude =  0.9342

 Excited state   9: excitation energy (eV) =     409.0017
 Total energy for state   9:                   -78.54621238 au
    Multiplicity: Singlet
    Trans. Mom.: -0.0048 X  -0.0328 Y  -0.0000 Z
    Strength   :     0.0110354496
    D(    1) --> V(    2) amplitude =  0.2681
    D(    1) --> V(   11) amplitude =  0.9342

 Excited state  10: excitation energy (eV) =     409.0442
 Total energy for state  10:                   -78.54464834 au
    Multiplicity: Singlet
    Trans. Mom.: -0.0000 X  -0.0000 Y   0.0000 Z
    Strength   :     0.0000000000
    D(    1) --> V(    8) amplitude =  0.9981

 Excited state  11: excitation energy (eV) =     409.0461
 Total energy for state  11:                   -78.54457732 au
    Multiplicity: Singlet
    Trans. Mom.:  0.0000 X   0.0000 Y   0.0000 Z
    Strength   :     0.0000000000
    D(    1) --> V(    9) amplitude =  0.9981

 Excited state  12: excitation energy (eV) =     409.5617
 Total energy for state  12:                   -78.52563251 au
    Multiplicity: Singlet
    Trans. Mom.: -0.0000 X  -0.0000 Y   0.0269 Z
    Strength   :     0.0072850070
    D(    1) --> V(   12) amplitude =  0.8650
    D(    1) --> V(   13) amplitude =  0.4305

 Excited state  13: excitation energy (eV) =     410.0839
 Total energy for state  13:                   -78.50644162 au
    Multiplicity: Singlet
    Trans. Mom.:  0.0000 X  -0.0000 Y   0.0046 Z
    Strength   :     0.0002125290
    D(    1) --> V(   12) amplitude = -0.4493
    D(    1) --> V(   13) amplitude =  0.8849

 Excited state  14: excitation energy (eV) =     412.2262
 Total energy for state  14:                   -78.42771365 au
    Multiplicity: Singlet
    Trans. Mom.: -0.0000 X   0.0000 Y  -0.0149 Z
    Strength   :     0.0022470420
    D(    1) --> V(   14) amplitude =  0.9842

 Excited state  15: excitation energy (eV) =     414.0985
 Total energy for state  15:                   -78.35890590 au
    Multiplicity: Singlet
    Trans. Mom.:  0.0185 X  -0.0010 Y   0.0000 Z
    Strength   :     0.0034885741
    D(    1) --> V(   15) amplitude =  0.9779

 Excited state  16: excitation energy (eV) =     414.0985
 Total energy for state  16:                   -78.35890590 au
    Multiplicity: Singlet
    Trans. Mom.:  0.0010 X   0.0185 Y  -0.0000 Z
    Strength   :     0.0034885741
    D(    1) --> V(   16) amplitude =  0.9779

 Excited state  17: excitation energy (eV) =     414.4882
 Total energy for state  17:                   -78.34458452 au
    Multiplicity: Singlet
    Trans. Mom.: -0.0000 X  -0.0000 Y  -0.0000 Z
    Strength   :     0.0000000000
    D(    1) --> V(   17) amplitude =  0.9976

 Excited state  18: excitation energy (eV) =     414.4893
 Total energy for state  18:                   -78.34454620 au
    Multiplicity: Singlet
    Trans. Mom.:  0.0000 X   0.0000 Y   0.0000 Z
    Strength   :     0.0000000000
    D(    1) --> V(   18) amplitude =  0.9976

 Excited state  19: excitation energy (eV) =     415.7890
 Total energy for state  19:                   -78.29678104 au
    Multiplicity: Singlet
    Trans. Mom.:  0.0000 X  -0.0000 Y  -0.0212 Z
    Strength   :     0.0045869757
    D(    1) --> V(   19) amplitude =  0.9484
    D(    1) --> V(   22) amplitude =  0.2621

 Excited state  20: excitation energy (eV) =     416.2785
 Total energy for state  20:                   -78.27879228 au
    Multiplicity: Singlet
    Trans. Mom.: -0.0014 X   0.0000 Y  -0.0000 Z
    Strength   :     0.0000194605
    D(    1) --> V(   20) amplitude =  0.9924

 Excited state  21: excitation energy (eV) =     416.2785
 Total energy for state  21:                   -78.27879228 au
    Multiplicity: Singlet
    Trans. Mom.: -0.0000 X  -0.0014 Y   0.0000 Z
    Strength   :     0.0000194605
    D(    1) --> V(   21) amplitude =  0.9924

 Excited state  22: excitation energy (eV) =     417.7600
 Total energy for state  22:                   -78.22434984 au
    Multiplicity: Singlet
    Trans. Mom.:  0.0000 X  -0.0000 Y  -0.0024 Z
    Strength   :     0.0000572501
    D(    1) --> V(   19) amplitude = -0.2706
    D(    1) --> V(   22) amplitude =  0.9588

 Excited state  23: excitation energy (eV) =     418.8368
 Total energy for state  23:                   -78.18477789 au
    Multiplicity: Singlet
    Trans. Mom.:  0.0000 X   0.0000 Y   0.0568 Z
    Strength   :     0.0331265602
    D(    1) --> V(   23) amplitude =  0.9342
    D(    1) --> V(   29) amplitude = -0.2378

 Excited state  24: excitation energy (eV) =     420.7232
 Total energy for state  24:                   -78.11545281 au
    Multiplicity: Singlet
    Trans. Mom.:  0.0511 X   0.0044 Y  -0.0000 Z
    Strength   :     0.0271604436
    D(    1) --> V(   25) amplitude =  0.9738

 Excited state  25: excitation energy (eV) =     420.7232
 Total energy for state  25:                   -78.11545281 au
    Multiplicity: Singlet
    Trans. Mom.:  0.0044 X  -0.0511 Y   0.0000 Z
    Strength   :     0.0271604436
    D(    1) --> V(   26) amplitude =  0.9738

 Excited state  26: excitation energy (eV) =     421.4504
 Total energy for state  26:                   -78.08872868 au
    Multiplicity: Singlet
    Trans. Mom.: -0.0000 X   0.0000 Y  -0.0014 Z
    Strength   :     0.0000191865
    D(    1) --> V(   24) amplitude =  0.9848

 Excited state  27: excitation energy (eV) =     424.4577
 Total energy for state  27:                   -77.97821398 au
    Multiplicity: Singlet
    Trans. Mom.: -0.0000 X   0.0000 Y  -0.0427 Z
    Strength   :     0.0189475016
    D(    1) --> V(   23) amplitude =  0.2852
    D(    1) --> V(   29) amplitude =  0.9216

 Excited state  28: excitation energy (eV) =     425.5384
 Total energy for state  28:                   -77.93849675 au
    Multiplicity: Singlet
    Trans. Mom.:  0.0000 X  -0.0000 Y  -0.0000 Z
    Strength   :     0.0000000000
    D(    1) --> V(   27) amplitude =  0.9979

 Excited state  29: excitation energy (eV) =     425.5409
 Total energy for state  29:                   -77.93840689 au
    Multiplicity: Singlet
    Trans. Mom.: -0.0000 X   0.0000 Y  -0.0000 Z
    Strength   :     0.0000000000
    D(    1) --> V(   28) amplitude =  0.9979

 Excited state  30: excitation energy (eV) =     427.5518
 Total energy for state  30:                   -77.86450601 au
    Multiplicity: Singlet
    Trans. Mom.:  0.0221 X  -0.0016 Y  -0.0000 Z
    Strength   :     0.0051535518
    D(    1) --> V(   30) amplitude =  0.9862

 Excited state  31: excitation energy (eV) =     427.5518
 Total energy for state  31:                   -77.86450601 au
    Multiplicity: Singlet
    Trans. Mom.: -0.0016 X  -0.0221 Y  -0.0000 Z
    Strength   :     0.0051535517
    D(    1) --> V(   31) amplitude =  0.9862

 Excited state  32: excitation energy (eV) =     428.2451
 Total energy for state  32:                   -77.83902948 au
    Multiplicity: Singlet
    Trans. Mom.:  0.0000 X   0.0000 Y  -0.0218 Z
    Strength   :     0.0049855294
    D(    1) --> V(   29) amplitude = -0.2170
    D(    1) --> V(   32) amplitude =  0.9652

 Excited state  33: excitation energy (eV) =     438.7055
 Total energy for state  33:                   -77.45461495 au
    Multiplicity: Singlet
    Trans. Mom.: -0.0000 X  -0.0000 Y   0.0000 Z
    Strength   :     0.0000000000
    D(    1) --> V(   33) amplitude =  0.9973

 Excited state  34: excitation energy (eV) =     438.7058
 Total energy for state  34:                   -77.45460606 au
    Multiplicity: Singlet
    Trans. Mom.:  0.0000 X   0.0000 Y   0.0000 Z
    Strength   :     0.0000000000
    D(    1) --> V(   34) amplitude =  0.9973

 Excited state  35: excitation energy (eV) =     441.9934
 Total energy for state  35:                   -77.33378712 au
    Multiplicity: Singlet
    Trans. Mom.:  0.0000 X   0.0000 Y   0.0369 Z
    Strength   :     0.0147203233
    D(    1) --> V(   35) amplitude =  0.9840

 Excited state  36: excitation energy (eV) =     442.8102
 Total energy for state  36:                   -77.30377028 au
    Multiplicity: Singlet
    Trans. Mom.: -0.0135 X  -0.0002 Y   0.0000 Z
    Strength   :     0.0019634079
    D(    1) --> V(   36) amplitude =  0.9872

 Excited state  37: excitation energy (eV) =     442.8102
 Total energy for state  37:                   -77.30377028 au
    Multiplicity: Singlet
    Trans. Mom.:  0.0002 X  -0.0135 Y  -0.0000 Z
    Strength   :     0.0019634079
    D(    1) --> V(   37) amplitude =  0.9872

 Excited state  38: excitation energy (eV) =     443.9595
 Total energy for state  38:                   -77.26153527 au
    Multiplicity: Singlet
    Trans. Mom.:  0.0000 X   0.0000 Y   0.0444 Z
    Strength   :     0.0213966701
    D(    1) --> V(   38) amplitude =  0.9718

 Excited state  39: excitation energy (eV) =     447.3793
 Total energy for state  39:                   -77.13586092 au
    Multiplicity: Singlet
    Trans. Mom.: -0.0063 X  -0.0000 Y   0.0000 Z
    Strength   :     0.0004399522
    D(    1) --> V(   39) amplitude =  0.9906

 Excited state  40: excitation energy (eV) =     447.3793
 Total energy for state  40:                   -77.13586092 au
    Multiplicity: Singlet
    Trans. Mom.:  0.0000 X  -0.0063 Y  -0.0000 Z
    Strength   :     0.0004399522
    D(    1) --> V(   40) amplitude =  0.9906

 Excited state  41: excitation energy (eV) =     451.1812
 Total energy for state  41:                   -76.99614147 au
    Multiplicity: Singlet
    Trans. Mom.: -0.0000 X   0.0000 Y   0.0291 Z
    Strength   :     0.0093834958
    D(    1) --> V(   41) amplitude =  0.9661

 Excited state  42: excitation energy (eV) =     455.9009
 Total energy for state  42:                   -76.82269665 au
    Multiplicity: Singlet
    Trans. Mom.:  0.0000 X  -0.0000 Y   0.0462 Z
    Strength   :     0.0238013048
    D(    1) --> V(   42) amplitude =  0.9724

 Excited state  43: excitation energy (eV) =     458.7998
 Total energy for state  43:                   -76.71616305 au
    Multiplicity: Singlet
    Trans. Mom.:  0.0831 X   0.0169 Y  -0.0000 Z
    Strength   :     0.0807518956
    D(    1) --> V(   43) amplitude =  0.9105
    D(    1) --> V(   46) amplitude = -0.3477

 Excited state  44: excitation energy (eV) =     458.7998
 Total energy for state  44:                   -76.71616305 au
    Multiplicity: Singlet
    Trans. Mom.:  0.0169 X  -0.0831 Y  -0.0000 Z
    Strength   :     0.0807518956
    D(    1) --> V(   44) amplitude =  0.9105
    D(    1) --> V(   47) amplitude =  0.3477

 Excited state  45: excitation energy (eV) =     467.8650
 Total energy for state  45:                   -76.38302382 au
    Multiplicity: Singlet
    Trans. Mom.: -0.0777 X   0.0088 Y  -0.0000 Z
    Strength   :     0.0700875150
    D(    1) --> V(   43) amplitude =  0.3580
    D(    1) --> V(   46) amplitude =  0.9235

 Excited state  46: excitation energy (eV) =     467.8650
 Total energy for state  46:                   -76.38302382 au
    Multiplicity: Singlet
    Trans. Mom.: -0.0088 X  -0.0777 Y   0.0000 Z
    Strength   :     0.0700875150
    D(    1) --> V(   44) amplitude = -0.3580
    D(    1) --> V(   47) amplitude =  0.9235

 Excited state  47: excitation energy (eV) =     467.9837
 Total energy for state  47:                   -76.37866181 au
    Multiplicity: Singlet
    Trans. Mom.: -0.0000 X   0.0000 Y   0.0337 Z
    Strength   :     0.0130221474
    D(    1) --> V(   45) amplitude =  0.8692
    D(    1) --> V(   48) amplitude =  0.4855

 Excited state  48: excitation energy (eV) =     473.2633
 Total energy for state  48:                   -76.18464175 au
    Multiplicity: Singlet
    Trans. Mom.: -0.0000 X  -0.0000 Y   0.0219 Z
    Strength   :     0.0055603958
    D(    1) --> V(   45) amplitude = -0.4891
    D(    1) --> V(   48) amplitude =  0.8705

 Excited state  49: excitation energy (eV) =     475.5510
 Total energy for state  49:                   -76.10057080 au
    Multiplicity: Singlet
    Trans. Mom.: -0.0000 X  -0.0000 Y   0.0000 Z
    Strength   :     0.0000000000
    D(    1) --> V(   49) amplitude =  0.5706
    D(    1) --> V(   50) amplitude =  0.8209

 Excited state  50: excitation energy (eV) =     475.5510
 Total energy for state  50:                   -76.10057080 au
    Multiplicity: Singlet
    Trans. Mom.: -0.0000 X   0.0000 Y   0.0000 Z
    Strength   :     0.0000000000
    D(    1) --> V(   49) amplitude =  0.8209
    D(    1) --> V(   50) amplitude = -0.5706

 Excited state  51: excitation energy (eV) =     477.7913
 Total energy for state  51:                   -76.01823892 au
    Multiplicity: Singlet
    Trans. Mom.:  0.0000 X  -0.0000 Y   0.0000 Z
    Strength   :     0.0000000000
    D(    1) --> V(   51) amplitude =  0.9986

 Excited state  52: excitation energy (eV) =     477.7915
 Total energy for state  52:                   -76.01823382 au
    Multiplicity: Singlet
    Trans. Mom.:  0.0000 X  -0.0000 Y   0.0000 Z
    Strength   :     0.0000000000
    D(    1) --> V(   52) amplitude =  0.9986

 Excited state  53: excitation energy (eV) =     482.3351
 Total energy for state  53:                   -75.85125900 au
    Multiplicity: Singlet
    Trans. Mom.:  0.0000 X   0.0000 Y  -0.0239 Z
    Strength   :     0.0067284033
    D(    1) --> V(   53) amplitude =  0.9963

 Excited state  54: excitation energy (eV) =     484.7093
 Total energy for state  54:                   -75.76400719 au
    Multiplicity: Singlet
    Trans. Mom.: -0.0062 X   0.0001 Y   0.0000 Z
    Strength   :     0.0004523206
    D(    1) --> V(   54) amplitude =  0.9938

 Excited state  55: excitation energy (eV) =     484.7093
 Total energy for state  55:                   -75.76400719 au
    Multiplicity: Singlet
    Trans. Mom.: -0.0001 X  -0.0062 Y  -0.0000 Z
    Strength   :     0.0004523206
    D(    1) --> V(   55) amplitude =  0.9938

 Excited state  56: excitation energy (eV) =     487.4639
 Total energy for state  56:                   -75.66277795 au
    Multiplicity: Singlet
    Trans. Mom.:  0.0000 X   0.0000 Y  -0.0000 Z
    Strength   :     0.0000000000
    D(    1) --> V(   56) amplitude =  0.9993

 Excited state  57: excitation energy (eV) =     487.4641
 Total energy for state  57:                   -75.66276890 au
    Multiplicity: Singlet
    Trans. Mom.:  0.0000 X  -0.0000 Y   0.0000 Z
    Strength   :     0.0000000000
    D(    1) --> V(   57) amplitude =  0.9993

 Excited state  58: excitation energy (eV) =     493.5839
 Total energy for state  58:                   -75.43787244 au
    Multiplicity: Singlet
    Trans. Mom.: -0.0000 X   0.0000 Y   0.0697 Z
    Strength   :     0.0588030277
    D(    1) --> V(   58) amplitude =  0.9924

 Excited state  59: excitation energy (eV) =     497.5355
 Total energy for state  59:                   -75.29265281 au
    Multiplicity: Singlet
    Trans. Mom.: -0.0113 X   0.0001 Y  -0.0000 Z
    Strength   :     0.0015443753
    D(    1) --> V(   59) amplitude =  0.9918

 Excited state  60: excitation energy (eV) =     497.5355
 Total energy for state  60:                   -75.29265281 au
    Multiplicity: Singlet
    Trans. Mom.: -0.0001 X  -0.0113 Y  -0.0000 Z
    Strength   :     0.0015443753
    D(    1) --> V(   60) amplitude =  0.9918

 Excited state  61: excitation energy (eV) =     507.6347
 Total energy for state  61:                   -74.92151654 au
    Multiplicity: Singlet
    Trans. Mom.: -0.0000 X   0.0000 Y  -0.0000 Z
    Strength   :     0.0000000001
    D(    1) --> V(   62) amplitude =  0.6032
    D(    1) --> V(   63) amplitude =  0.7972

 Excited state  62: excitation energy (eV) =     507.6347
 Total energy for state  62:                   -74.92151654 au
    Multiplicity: Singlet
    Trans. Mom.: -0.0000 X  -0.0000 Y   0.0000 Z
    Strength   :     0.0000000001
    D(    1) --> V(   62) amplitude =  0.7972
    D(    1) --> V(   63) amplitude = -0.6032

 Excited state  63: excitation energy (eV) =     508.9461
 Total energy for state  63:                   -74.87332033 au
    Multiplicity: Singlet
    Trans. Mom.:  0.0000 X   0.0000 Y  -0.0054 Z
    Strength   :     0.0003658887
    D(    1) --> V(   61) amplitude =  0.9937

 Excited state  64: excitation energy (eV) =     520.9624
 Total energy for state  64:                   -74.43173105 au
    Multiplicity: Singlet
    Trans. Mom.: -0.0000 X  -0.0000 Y  -0.0000 Z
    Strength   :     0.0000000000
    D(    1) --> V(   64) amplitude =  0.8803
    D(    1) --> V(   66) amplitude = -0.4731

 Excited state  65: excitation energy (eV) =     520.9640
 Total energy for state  65:                   -74.43167325 au
    Multiplicity: Singlet
    Trans. Mom.: -0.0000 X   0.0000 Y  -0.0000 Z
    Strength   :     0.0000000000
    D(    1) --> V(   65) amplitude =  0.8804
    D(    1) --> V(   67) amplitude =  0.4729

 Excited state  66: excitation energy (eV) =     525.2862
 Total energy for state  66:                   -74.27283306 au
    Multiplicity: Singlet
    Trans. Mom.:  0.0000 X   0.0000 Y   0.0000 Z
    Strength   :     0.0000000000
    D(    1) --> V(   64) amplitude =  0.4731
    D(    1) --> V(   66) amplitude =  0.8804

 Excited state  67: excitation energy (eV) =     525.2879
 Total energy for state  67:                   -74.27277070 au
    Multiplicity: Singlet
    Trans. Mom.: -0.0000 X   0.0000 Y  -0.0000 Z
    Strength   :     0.0000000000
    D(    1) --> V(   65) amplitude = -0.4729
    D(    1) --> V(   67) amplitude =  0.8805

 Excited state  68: excitation energy (eV) =     531.3197
 Total energy for state  68:                   -74.05110794 au
    Multiplicity: Singlet
    Trans. Mom.:  0.0000 X  -0.0000 Y   0.0232 Z
    Strength   :     0.0070008066
    D(    1) --> V(   68) amplitude =  0.9960

 Excited state  69: excitation energy (eV) =     533.3147
 Total energy for state  69:                   -73.97779224 au
    Multiplicity: Singlet
    Trans. Mom.: -0.0099 X  -0.0001 Y   0.0000 Z
    Strength   :     0.0012812263
    D(    1) --> V(   69) amplitude =  0.9945

 Excited state  70: excitation energy (eV) =     533.3147
 Total energy for state  70:                   -73.97779224 au
    Multiplicity: Singlet
    Trans. Mom.:  0.0001 X  -0.0099 Y  -0.0000 Z
    Strength   :     0.0012812263
    D(    1) --> V(   70) amplitude =  0.9945

 Excited state  71: excitation energy (eV) =     547.5716
 Total energy for state  71:                   -73.45386244 au
    Multiplicity: Singlet
    Trans. Mom.:  0.0000 X  -0.0000 Y  -0.0289 Z
    Strength   :     0.0112432672
    D(    1) --> V(   71) amplitude =  0.9946

 Excited state  72: excitation energy (eV) =     551.1512
 Total energy for state  72:                   -73.32231122 au
    Multiplicity: Singlet
    Trans. Mom.:  0.0018 X  -0.0000 Y   0.0000 Z
    Strength   :     0.0000442232
    D(    1) --> V(   72) amplitude =  0.9953

 Excited state  73: excitation energy (eV) =     551.1512
 Total energy for state  73:                   -73.32231122 au
    Multiplicity: Singlet
    Trans. Mom.: -0.0000 X  -0.0018 Y   0.0000 Z
    Strength   :     0.0000442232
    D(    1) --> V(   73) amplitude =  0.9953

 Excited state  74: excitation energy (eV) =     568.5452
 Total energy for state  74:                   -72.68309700 au
    Multiplicity: Singlet
    Trans. Mom.: -0.0000 X   0.0000 Y   0.0530 Z
    Strength   :     0.0391425013
    D(    1) --> V(   74) amplitude =  0.9983

 Excited state  75: excitation energy (eV) =    1023.6939
 Total energy for state  75:                   -55.95668761 au
    Multiplicity: Singlet
    Trans. Mom.: -0.0000 X  -0.0000 Y  -0.0006 Z
    Strength   :     0.0000090974
    D(    1) --> V(   75) amplitude =  1.0000

 Excited state  76: excitation energy (eV) =    1282.2247
 Total energy for state  76:                   -46.45585660 au
    Multiplicity: Singlet
    Trans. Mom.:  0.0000 X  -0.0000 Y  -0.0083 Z
    Strength   :     0.0021884552
    D(    1) --> V(   76) amplitude =  1.0000
 
 ---------------------------------------------------
 Starting SETmanPost()
  SETman timing summary (seconds)
  CPU time                50.29s
  System time              0.00s
  Wall time               16.33s
 
 --------------------------------------------------------------
 
                    Orbital Energies (a.u.)
 --------------------------------------------------------------
 
 Alpha MOs
 -- Occupied --
-14.8837 -10.6841  -0.9860  -0.6349  -0.4143  -0.3704  -0.3704
 -- Virtual --
 -0.0004  -0.0004   0.0074   0.0381   0.1223   0.1436   0.1436   0.1892
  0.1893   0.2111   0.2111   0.2162   0.2263   0.3152   0.3869   0.3869
  0.4031   0.4031   0.4620   0.4636   0.4636   0.5172   0.6032   0.6672
  0.6986   0.6986   0.8240   0.8241   0.8359   0.9125   0.9125   0.9567
  1.3930   1.3930   1.4643   1.5316   1.5316   1.5526   1.6350   1.6350
  1.7764   2.0287   2.1315   2.1315   2.4975   2.5531   2.5531   2.5955
  2.6729   2.6729   2.7932   2.7932   2.9171   3.0546   3.0546   3.1061
  3.1061   3.4721   3.5451   3.5451   4.0016   4.0171   4.0171   4.5533
  4.5533   4.7816   4.7817   4.8099   5.0792   5.0792   5.5956   5.6130
  5.6130   6.2585  22.8321  32.7508
 --------------------------------------------------------------
 
          Ground-State Mulliken Net Atomic Charges

     Atom                 Charge (a.u.)
  ----------------------------------------
      1 C                     0.026138
      2 H                     0.221760
      3 N                    -0.247898
  ----------------------------------------
  Sum of atomic charges =     0.000000

 -----------------------------------------------------------------
                    Cartesian Multipole Moments
 -----------------------------------------------------------------
    Charge (ESU x 10^10)
                -0.0000
    Dipole Moment (Debye)
         X       0.0000      Y       0.0000      Z       3.0859
       Tot       3.0859
    Quadrupole Moments (Debye-Ang)
        XX     -11.8367     XY      -0.0000     YY     -11.8367
        XZ       0.0000     YZ       0.0000     ZZ      -9.6737
    Octopole Moments (Debye-Ang^2)
       XXX       0.0000    XXY       0.0000    XYY       0.0000
       YYY       0.0000    XXZ       0.3260    XYZ       0.0000
       YYZ       0.3260    XZZ       0.0000    YZZ       0.0000
       ZZZ       7.6918
    Hexadecapole Moments (Debye-Ang^3)
      XXXX     -12.2325   XXXY      -0.0000   XXYY      -4.0775
      XYYY      -0.0000   YYYY     -12.2325   XXXZ       0.0000
      XXYZ       0.0000   XYYZ       0.0000   YYYZ       0.0000
      XXZZ      -9.2968   XYZZ      -0.0000   YYZZ      -9.2968
      XZZZ       0.0000   YZZZ       0.0000   ZZZZ     -35.8411
 -----------------------------------------------------------------
 Total job time:  38.18s(wall), 185.26s(cpu) 
 Wed Sep  4 15:19:14 2024

        *************************************************************
        *                                                           *
        *  Thank you very much for using Q-Chem.  Have a nice day.  *
        *                                                           *
        *************************************************************


