This is a multi-thread run using 10 threads
/users/PAS0291/aniketmandal95/qctrunk2/exe/qcprog.exe .P_at.in.74219.qcin.1 /tmp/slurmtmp.29694840/qchem74219/

                  Welcome to Q-Chem
     A Quantum Leap Into The Future Of Chemistry


 Q-Chem 6.1 (devel), Q-Chem, Inc., Pleasanton, CA (2022)

 E. Epifanovsky,  A. T. B. Gilbert,  Xintian Feng,  Joonho Lee,  Yuezhi Mao,  
 N. Mardirossian,  P. Pokhilko,  A. White,  M. Wormit,  M. P. Coons,  
 A. L. Dempwolff,  Zhengting Gan,  D. Hait,  P. R. Horn,  L. D. Jacobson,  
 I. Kaliman,  J. Kussmann,  A. W. Lange,  Ka Un Lao,  D. S. Levine,  Jie Liu,  
 S. C. McKenzie,  A. F. Morrison,  K. D. Nanda,  F. Plasser,  D. R. Rehn,  
 M. L. Vidal,  Zhi-Qiang You,  Ying Zhu,  B. Alam,  B. Albrecht,  
 A. Aldossary,  E. Alguire,  J. H. Andersen,  V. Athavale,  D. Barton,  
 K. Begam,  A. Behn,  N. Bellonzi,  Y. A. Bernard,  E. J. Berquist,  
 H. Burton,  A. Carreras,  K. Carter-Fenk,  Mathew Chow,  Romit Chakraborty,  
 Chandrima Chakravarty,  Junhan Chen,  A. D. Chien,  K. D. Closser,  
 V. Cofer-Shabica,  L. Cunha,  S. Dasgupta,  Jia Deng,  M. de Wergifosse,  
 M. Diedenhofen,  Hainam Do,  S. Ehlert,  Po-Tung Fang,  S. Fatehi,  
 Qingguo Feng,  T. Friedhoff,  Thomas Froitzheim,  B. Ganoe,  J. Gayvert,  
 Qinghui Ge,  G. Gidofalvi,  M. Gimferrer,  M. Goldey,  Montgomery Gray,  
 J. Gomes,  C. Gonzalez-Espinoza,  S. Gulania,  A. Gunina,  J. A. Gyamfi,  
 M. W. D. Hanson-Heine,  P. H. P. Harbach,  A. W. Hauser,  M. F. Herbst,  
 M. Hernandez Vera,  M. Hodecker,  Z. C. Holden,  S. Houck,  Xunkun Huang,  
 Kerwin Hui,  B. C. Huynh,  K. Ikeda,  M. Ivanov,  Hyunjun Ji,  Zuxin Jin,  
 Hanjie Jiang,  Subrata Jana,  B. Kaduk,  S. Kaehler,  R. Kang,  
 K. Khistyaev,  Jaehoon Kim,  Yongbin Kim,  P. Klunzinger,  Z. Koczor-Benda,  
 Joong Hoon Koh,  D. Kosenkov,  Saikiran Kotaru,  L. Koulias,  T. Kowalczyk,  
 C. M. Krauter,  K. Kue,  A. Kunitsa,  T. Kus,  A. Landau,  K. V. Lawler,  
 D. Lefrancois,  S. Lehtola,  Rain Li,  Shaozhi Li,  Yi-Pei Li,  
 Jiashu Liang,  M. Liebenthal,  Hung-Hsuan Lin,  You-Sheng Lin,  Fenglai Liu,  
 Kuan-Yu Liu,  Xiao Liu,  M. Loipersberger,  A. Luenser,  C. Malbon,  
 A. Manjanath,  P. Manohar,  E. Mansoor,  S. F. Manzer,  Shan-Ping Mao,  
 A. V. Marenich,  T. Markovich,  S. Mason,  F. Matz,  S. A. Maurer,  
 P. F. McLaughlin,  M. F. S. J. Menger,  J.-M. Mewes,  S. A. Mewes,  
 P. Morgante,  Mohammad Mostafanejad,  J. W. Mullinax,  K. J. Oosterbaan,  
 G. Paran,  V. Parravicini,  Alexander C. Paul,  Suranjan K. Paul,  
 F. Pavosevic,  Zheng Pei,  S. Prager,  E. I. Proynov,  E. Ramos,  B. Rana,  
 A. E. Rask,  A. Rettig,  R. M. Richard,  F. Rob,  E. Rossomme,  T. Scheele,  
 M. Scheurer,  M. Schneider,  P. E. Schneider,  Tim K. Schramm,  N. Sergueev,  
 S. M. Sharada,  M. Sharma,  Hengyuan Shen,  W. Skomorowski,  D. W. Small,  
 C. J. Stein,  Alistair J. Sterling,  Yingli Su,  Yu-Chuan Su,  
 E. J. Sundstrom,  J. Talbot,  Zhen Tao,  J. Thirman,  Hung-Yi Tsai,  
 T. Tsuchimochi,  N. M. Tubman,  C. Utku,  S. P. Veccham,  O. Vydrov,  
 J. Wenzel,  Jonathan Wong,  J. Witte,  A. Yamada,  Chou-Hsun Yang,  Kun Yao,  
 S. Yeganeh,  S. R. Yost,  A. Zech,  F. Zeller,  Igor Ying Zhang,  
 Xing Zhang,  Yu Zhang,  D. Zuev,  A. Aspuru-Guzik,  A. T. Bell,  
 N. A. Besley,  K. B. Bravaya,  B. R. Brooks,  D. Casanova,  Jeng-Da Chai,  
 Hsing-Ta Chen,  S. Coriani,  C. J. Cramer,  A. E. DePrince, III,  
 R. A. DiStasio Jr.,  A. Dreuw,  B. D. Dunietz,  T. R. Furlani,  
 W. A. Goddard III,  S. Grimme,  S. Hammes-Schiffer,  T. Head-Gordon,  
 W. J. Hehre,  Chao-Ping Hsu,  T.-C. Jagau,  Yousung Jung,  A. Klamt,  
 Jing Kong,  D. S. Lambrecht,  Xiangyuan Li,  WanZhen Liang,  N. J. Mayhall,  
 C. W. McCurdy,  J. B. Neaton,  T. Neudecker,  C. Ochsenfeld,  
 J. A. Parkhill,  R. Peverati,  V. A. Rassolov,  Haisheng Ren,  Yihan Shao,  
 L. V. Slipchenko,  R. P. Steele,  J. E. Subotnik,  A. J. W. Thom,  
 A. Tkatchenko,  D. G. Truhlar,  T. Van Voorhis,  Fan Wang,  
 T. A. Wesolowski,  K. B. Whaley,  H. L. Woodcock III,  P. M. Zimmerman,  
 S. Faraji,  P. M. W. Gill,  M. Head-Gordon,  J. M. Herbert,  A. I. Krylov

 Contributors to earlier versions of Q-Chem not listed above: 
 R. D. Adamson,  B. Austin,  R. Baer,  J. Baker,  G. J. O. Beran,  
 K. Brandhorst,  S. T. Brown,  E. F. C. Byrd,  Arup K. Chakraborty,  
 G. K. L. Chan,  Chun-Min Chang,  Yunqing Chen,  C.-L. Cheng,  
 Siu Hung Chien,  D. M. Chipman,  D. L. Crittenden,  H. Dachsel,  
 R. J. Doerksen,  A. D. Dutoi,  R. G. Edgar,  J. Fosso-Tande,  
 L. Fusti-Molnar,  D. Ghosh,  A. Ghysels,  A. Golubeva-Zadorozhnaya,  
 J. Gonthier,  M. S. Gordon,  S. R. Gwaltney,  G. Hawkins,  J. E. Herr,  
 A. Heyden,  S. Hirata,  E. G. Hohenstein,  G. Kedziora,  F. J. Keil,  
 C. Kelley,  Jihan Kim,  R. A. King,  R. Z. Khaliullin,  P. P. Korambath,  
 W. Kurlancheek,  A. Laurent,  A. M. Lee,  M. S. Lee,  S. V. Levchenko,  
 Ching Yeh Lin,  D. Liotard,  E. Livshits,  R. C. Lochan,  I. Lotan,  
 L. A. Martinez-Martinez,  P. E. Maslen,  N. Nair,  D. P. O'Neill,  
 D. Neuhauser,  E. Neuscamman,  C. M. Oana,  R. Olivares-Amaya,  R. Olson,  
 T. M. Perrine,  B. Peters,  P. A. Pieniazek,  A. Prociuk,  Y. M. Rhee,  
 J. Ritchie,  M. A. Rohrdanz,  E. Rosta,  N. J. Russ,  H. F. Schaefer III,  
 M. W. Schmidt,  N. E. Schultz,  S. Sharma,  N. Shenvi,  C. D. Sherrill,  
 A. C. Simmonett,  A. Sodt,  T. Stein,  D. Stuck,  K. S. Thanthiriwatte,  
 V. Vanovschi,  L. Vogt,  Tao Wang,  A. Warshel,  M. A. Watson,  
 C. F. Williams,  Q. Wu,  X. Xu,  Jun Yang,  W. Zhang,  Yan Zhao

   Please cite Q-Chem as follows:
  "Software for the frontiers of quantum chemistry:
   An overview of developments in the Q-Chem 5 package"
   J. Chem. Phys. 155, 084801 (2021)
   https://doi.org/10.1063/5.0055522 (open access)

 Q-Chem 6.1.1 for Intel X86 EM64T Linux

 Parts of Q-Chem use Armadillo 9.900.5 (Nocturnal Misbehaviour).
 http://arma.sourceforge.net/

 Q-Chem begins on Wed Jul  3 14:30:42 2024  

 Host: p0318.ten.osc.edu
0

     Scratch files written to /tmp/slurmtmp.29694840/qchem74219//
 Processing $rem in /users/PAS0291/aniketmandal95/qctrunk2/config/preferences:
 Processing $rem in /users/PAS0291/aniketmandal95/.qchemrc:

 Checking the input file for inconsistencies... 	...done.

--------------------------------------------------------------
User input:
--------------------------------------------------------------
$molecule
0 2
  P   -2.6640174    1.8554498    0.0000000
$end


$rem 
method = pbe
max_scf_cycles 200
basis = def2-sv(p)
$end

--------------------------------------------------------------
 ----------------------------------------------------------------
             Standard Nuclear Orientation (Angstroms)
    I     Atom           X                Y                Z
 ----------------------------------------------------------------
    1      P       0.0000000000     0.0000000000     0.0000000000
 ----------------------------------------------------------------
 Molecular Point Group                 Kh    NOp =***
 Largest Abelian Subgroup              D2h   NOp =  1
 Nuclear Repulsion Energy =           0.00000000 hartrees
 There are        8 alpha and        7 beta electrons
 Requested basis set is def2-SV(P)
 There are 8 shells and 18 basis functions

 Total QAlloc Memory Limit   2000 MB
 Mega-Array Size       188 MB
 MEM_STATIC part       192 MB

 A cutoff of  1.0D-09 yielded     36 shell pairs
 There are       190 function pairs (       214 Cartesian)
 Smallest overlap matrix eigenvalue = 1.21E-01

 Scale SEOQF with 1.000000e+00/1.000000e+00/1.000000e+00

 Standard Electronic Orientation quadrupole field applied
 Guess from superposition of atomic densities
 Warning:  Energy on first SCF cycle will be non-variational
 SAD guess density has 15.000000 electrons

 -----------------------------------------------------------------------
  General SCF calculation program by
  Eric Jon Sundstrom, Paul Horn, Yuezhi Mao, Dmitri Zuev, Alec White,
  David Stuck, Shaama M.S., Shane Yost, Joonho Lee, David Small,
  Daniel Levine, Susi Lehtola, Hugh Burton, Evgeny Epifanovsky,
  Bang C. Huynh
 -----------------------------------------------------------------------
 Exchange:  PBE      Correlation:  PBE
 Using SG-1 standard quadrature grid
 using 10 threads for integral computing
 -------------------------------------------------------
 OpenMP Integral computing Module                
 Release: version 1.0, May 2013, Q-Chem Inc. Pittsburgh 
 -------------------------------------------------------
 A unrestricted SCF calculation will be
 performed using DIIS
 SCF converges when DIIS error is below 1.0e-05
 ---------------------------------------
  Cycle       Energy         DIIS error
 ---------------------------------------
    1    -340.9143904157      6.62e-03  
    2    -340.9135915397      2.92e-03  
    3    -340.9109058785      4.28e-03  
    4    -340.9139237039      2.80e-03  
    5    -340.9112728694      4.15e-03  
    6    -340.9118743155      3.88e-03  
    7    -340.9123450674      3.67e-03  
    8    -340.9121244266      3.77e-03  
    9    -340.9127897016      3.45e-03  
   10    -340.9128090585      3.44e-03  
   11    -340.9114292198      4.08e-03  
   12    -340.9134379280      3.11e-03  
   13    -340.9138344999      2.88e-03  
   14    -340.9150428636      2.41e-03  
   15    -340.9148959344      2.41e-03  
   16    -340.9134032094      3.13e-03  
   17    -340.9038760776      6.57e-03  
   18    -340.9123091321      3.92e-03  
   19    -340.9104168010      4.62e-03  
   20    -340.9133006837      3.24e-03  
   21    -340.9183626665      2.67e-03  
   22    -340.9123412590      3.69e-03  
   23    -340.9126696961      3.53e-03  
   24    -340.9138556120      3.11e-03  
   25    -340.9107232170      4.39e-03  
   26    -340.9132114189      3.24e-03  
   27    -340.9131941608      3.24e-03  
   28    -340.9120950273      3.79e-03  
   29    -340.9130540328      3.33e-03  
   30    -340.9127001761      3.50e-03  
   31    -340.9128727358      3.42e-03  
   32    -340.9117718873      3.95e-03  
   33    -340.9025367170      6.91e-03  
   34    -340.9089109973      5.05e-03  
   35    -340.9129656074      3.39e-03  
   36    -340.9039518915      6.54e-03  
   37    -340.9073130286      5.57e-03  
   38    -340.9043035163      6.44e-03  
   39    -340.9112713596      4.15e-03  
   40    -340.9137821556      2.91e-03  
   41    -340.9098286142      4.72e-03  
   42    -340.9102556071      4.56e-03  
   43    -340.9102883391      4.54e-03  
   44    -340.9107338259      4.36e-03  
   45    -340.9112935801      4.14e-03  
   46    -340.9108792997      4.31e-03  
   47    -340.9110329372      4.25e-03  
   48    -340.9114894497      4.05e-03  
   49    -340.9117018756      3.96e-03  
   50    -340.9118565832      3.89e-03  
   51    -340.9122958725      3.69e-03  
   52    -340.9127885391      3.45e-03  
   53    -340.9136317526      3.10e-03  
   54    -340.9106676774      4.38e-03  
   55    -340.9094467914      4.85e-03  
   56    -340.9094207968      4.86e-03  
   57    -340.9093507690      4.89e-03  
   58    -340.9092524418      4.92e-03  
   59    -340.9097438380      4.76e-03  
   60    -340.9047696510      6.31e-03  
   61    -340.9025999502      6.97e-03  
   62    -340.8972641558      8.17e-03  
   63    -340.9131814429      3.31e-03  
   64    -340.9122628327      3.91e-03  
   65    -340.9119362818      4.04e-03  
   66    -340.9396780482      3.16e-03  
   67    -340.9120161755      3.86e-03  
   68    -340.9114452658      4.06e-03  
   69    -340.9115976041      4.04e-03  
   70    -340.9584441938      2.43e-03  
   71    -340.9579527434      2.45e-03  
   72    -340.9572508200      2.32e-03  
   73    -340.9547698495      2.46e-03  
   74    -340.9569471302      2.62e-03  
   75    -340.9194061802      3.21e-03  
   76    -340.9153238510      3.04e-03  
   77    -340.9131687527      3.93e-03  
   78    -340.9117669440      4.12e-03  
   79    -340.9114859241      4.44e-03  
   80    -340.9592734721      2.27e-03  
   81    -340.9521464345      2.84e-03  
   82    -340.9594156897      2.18e-03  
   83    -340.9607133991      1.18e-03  
   84    -340.9612646125      6.16e-04  
   85    -340.9613995422      2.54e-04  
   86    -340.9614226858      1.64e-04  
   87    -340.9614289318      1.02e-04  
   88    -340.9614324641      2.77e-05  
   89    -340.9614326597      1.35e-05  
   90    -340.9614326440      5.67e-06  Convergence criterion met
 ---------------------------------------
 SCF time:   CPU 80.63s  wall 8.00s 
<S^2> =          1.758850395
 SCF   energy =  -340.96143264
 Total energy =  -340.96143264
 
 --------------------------------------------------------------
 
                    Orbital Energies (a.u.)
 --------------------------------------------------------------
 
 Alpha MOs
 -- Occupied --
-76.3229  -6.3370  -4.5614  -4.5610  -4.5525  -0.5028  -0.2127  -0.2126
 -- Virtual --
 -0.1586   0.2081   0.4644   0.4644   0.4917   0.4918   0.5051   0.5051
  0.5312   0.5362
 
 Beta MOs
 -- Occupied --
-76.3195  -6.3333  -4.5592  -4.5508  -4.5504  -0.4689  -0.2007
 -- Virtual --
 -0.1427  -0.1427   0.2268   0.5001   0.5109   0.5109   0.5111   0.5418
  0.5418   0.5684   0.5684
 --------------------------------------------------------------
 
          Ground-State Mulliken Net Atomic Charges

     Atom                 Charge (a.u.)    Spin (a.u.)
  --------------------------------------------------------
      1 P                    -0.000000       1.000000
  --------------------------------------------------------
  Sum of atomic charges =    -0.000000
  Sum of spin   charges =     1.000000

 -----------------------------------------------------------------
                    Cartesian Multipole Moments
 -----------------------------------------------------------------
    Charge (ESU x 10^10)
                -0.0000
    Dipole Moment (Debye)
         X      -0.0000      Y      -0.0000      Z      -0.0000
       Tot       0.0000
    Quadrupole Moments (Debye-Ang)
        XX     -13.1210     XY      -0.0005     YY     -13.1274
        XZ      -0.0012     YZ      -0.0155     ZZ     -13.1593
    Octopole Moments (Debye-Ang^2)
       XXX      -0.0000    XXY      -0.0000    XYY      -0.0000
       YYY      -0.0000    XXZ      -0.0000    XYZ      -0.0000
       YYZ      -0.0000    XZZ      -0.0000    YZZ       0.0000
       ZZZ      -0.0000
    Hexadecapole Moments (Debye-Ang^3)
      XXXX     -18.8667   XXXY      -0.0005   XXYY      -6.2911
      XYYY      -0.0005   YYYY     -18.8799   XXXZ      -0.0012
      XXYZ      -0.0050   XYYZ      -0.0004   YYYZ      -0.0154
      XXZZ      -6.3012   XYZZ      -0.0003   YYZZ      -6.3045
      XZZZ      -0.0014   YZZZ      -0.0177   ZZZZ     -18.9475
 -----------------------------------------------------------------

 STANDARD THERMODYNAMIC QUANTITIES AT   298.15 K  AND     1.00 ATM

   Translational Enthalpy:        0.889 kcal/mol
   Rotational Enthalpy:           0.000 kcal/mol
   Vibrational Enthalpy:          0.000 kcal/mol
   gas constant (RT):             0.592 kcal/mol
   Translational Entropy:        36.224  cal/mol.K
   Rotational Entropy:            0.000  cal/mol.K
   Vibrational Entropy:           0.000  cal/mol.K

   Total Enthalpy:                1.481 kcal/mol
   Total Entropy:                36.224  cal/mol.K

 -----------------------------------------------------------------

 Total job time:  8.99s(wall), 82.25s(cpu) 
 Wed Jul  3 14:30:51 2024

        *************************************************************
        *                                                           *
        *  Thank you very much for using Q-Chem.  Have a nice day.  *
        *                                                           *
        *************************************************************


