This is a multi-thread run using 10 threads
/users/PAS0291/aniketmandal95/qctrunk2/exe/qcprog.exe .P_at.in.167414.qcin.1 /tmp/slurmtmp.29694903/qchem167414/

                  Welcome to Q-Chem
     A Quantum Leap Into The Future Of Chemistry


 Q-Chem 6.1 (devel), Q-Chem, Inc., Pleasanton, CA (2022)

 E. Epifanovsky,  A. T. B. Gilbert,  Xintian Feng,  Joonho Lee,  Yuezhi Mao,  
 N. Mardirossian,  P. Pokhilko,  A. White,  M. Wormit,  M. P. Coons,  
 A. L. Dempwolff,  Zhengting Gan,  D. Hait,  P. R. Horn,  L. D. Jacobson,  
 I. Kaliman,  J. Kussmann,  A. W. Lange,  Ka Un Lao,  D. S. Levine,  Jie Liu,  
 S. C. McKenzie,  A. F. Morrison,  K. D. Nanda,  F. Plasser,  D. R. Rehn,  
 M. L. Vidal,  Zhi-Qiang You,  Ying Zhu,  B. Alam,  B. Albrecht,  
 A. Aldossary,  E. Alguire,  J. H. Andersen,  V. Athavale,  D. Barton,  
 K. Begam,  A. Behn,  N. Bellonzi,  Y. A. Bernard,  E. J. Berquist,  
 H. Burton,  A. Carreras,  K. Carter-Fenk,  Mathew Chow,  Romit Chakraborty,  
 Chandrima Chakravarty,  Junhan Chen,  A. D. Chien,  K. D. Closser,  
 V. Cofer-Shabica,  L. Cunha,  S. Dasgupta,  Jia Deng,  M. de Wergifosse,  
 M. Diedenhofen,  Hainam Do,  S. Ehlert,  Po-Tung Fang,  S. Fatehi,  
 Qingguo Feng,  T. Friedhoff,  Thomas Froitzheim,  B. Ganoe,  J. Gayvert,  
 Qinghui Ge,  G. Gidofalvi,  M. Gimferrer,  M. Goldey,  Montgomery Gray,  
 J. Gomes,  C. Gonzalez-Espinoza,  S. Gulania,  A. Gunina,  J. A. Gyamfi,  
 M. W. D. Hanson-Heine,  P. H. P. Harbach,  A. W. Hauser,  M. F. Herbst,  
 M. Hernandez Vera,  M. Hodecker,  Z. C. Holden,  S. Houck,  Xunkun Huang,  
 Kerwin Hui,  B. C. Huynh,  K. Ikeda,  M. Ivanov,  Hyunjun Ji,  Zuxin Jin,  
 Hanjie Jiang,  Subrata Jana,  B. Kaduk,  S. Kaehler,  R. Kang,  
 K. Khistyaev,  Jaehoon Kim,  Yongbin Kim,  P. Klunzinger,  Z. Koczor-Benda,  
 Joong Hoon Koh,  D. Kosenkov,  Saikiran Kotaru,  L. Koulias,  T. Kowalczyk,  
 C. M. Krauter,  K. Kue,  A. Kunitsa,  T. Kus,  A. Landau,  K. V. Lawler,  
 D. Lefrancois,  S. Lehtola,  Rain Li,  Shaozhi Li,  Yi-Pei Li,  
 Jiashu Liang,  M. Liebenthal,  Hung-Hsuan Lin,  You-Sheng Lin,  Fenglai Liu,  
 Kuan-Yu Liu,  Xiao Liu,  M. Loipersberger,  A. Luenser,  C. Malbon,  
 A. Manjanath,  P. Manohar,  E. Mansoor,  S. F. Manzer,  Shan-Ping Mao,  
 A. V. Marenich,  T. Markovich,  S. Mason,  F. Matz,  S. A. Maurer,  
 P. F. McLaughlin,  M. F. S. J. Menger,  J.-M. Mewes,  S. A. Mewes,  
 P. Morgante,  Mohammad Mostafanejad,  J. W. Mullinax,  K. J. Oosterbaan,  
 G. Paran,  V. Parravicini,  Alexander C. Paul,  Suranjan K. Paul,  
 F. Pavosevic,  Zheng Pei,  S. Prager,  E. I. Proynov,  E. Ramos,  B. Rana,  
 A. E. Rask,  A. Rettig,  R. M. Richard,  F. Rob,  E. Rossomme,  T. Scheele,  
 M. Scheurer,  M. Schneider,  P. E. Schneider,  Tim K. Schramm,  N. Sergueev,  
 S. M. Sharada,  M. Sharma,  Hengyuan Shen,  W. Skomorowski,  D. W. Small,  
 C. J. Stein,  Alistair J. Sterling,  Yingli Su,  Yu-Chuan Su,  
 E. J. Sundstrom,  J. Talbot,  Zhen Tao,  J. Thirman,  Hung-Yi Tsai,  
 T. Tsuchimochi,  N. M. Tubman,  C. Utku,  S. P. Veccham,  O. Vydrov,  
 J. Wenzel,  Jonathan Wong,  J. Witte,  A. Yamada,  Chou-Hsun Yang,  Kun Yao,  
 S. Yeganeh,  S. R. Yost,  A. Zech,  F. Zeller,  Igor Ying Zhang,  
 Xing Zhang,  Yu Zhang,  D. Zuev,  A. Aspuru-Guzik,  A. T. Bell,  
 N. A. Besley,  K. B. Bravaya,  B. R. Brooks,  D. Casanova,  Jeng-Da Chai,  
 Hsing-Ta Chen,  S. Coriani,  C. J. Cramer,  A. E. DePrince, III,  
 R. A. DiStasio Jr.,  A. Dreuw,  B. D. Dunietz,  T. R. Furlani,  
 W. A. Goddard III,  S. Grimme,  S. Hammes-Schiffer,  T. Head-Gordon,  
 W. J. Hehre,  Chao-Ping Hsu,  T.-C. Jagau,  Yousung Jung,  A. Klamt,  
 Jing Kong,  D. S. Lambrecht,  Xiangyuan Li,  WanZhen Liang,  N. J. Mayhall,  
 C. W. McCurdy,  J. B. Neaton,  T. Neudecker,  C. Ochsenfeld,  
 J. A. Parkhill,  R. Peverati,  V. A. Rassolov,  Haisheng Ren,  Yihan Shao,  
 L. V. Slipchenko,  R. P. Steele,  J. E. Subotnik,  A. J. W. Thom,  
 A. Tkatchenko,  D. G. Truhlar,  T. Van Voorhis,  Fan Wang,  
 T. A. Wesolowski,  K. B. Whaley,  H. L. Woodcock III,  P. M. Zimmerman,  
 S. Faraji,  P. M. W. Gill,  M. Head-Gordon,  J. M. Herbert,  A. I. Krylov

 Contributors to earlier versions of Q-Chem not listed above: 
 R. D. Adamson,  B. Austin,  R. Baer,  J. Baker,  G. J. O. Beran,  
 K. Brandhorst,  S. T. Brown,  E. F. C. Byrd,  Arup K. Chakraborty,  
 G. K. L. Chan,  Chun-Min Chang,  Yunqing Chen,  C.-L. Cheng,  
 Siu Hung Chien,  D. M. Chipman,  D. L. Crittenden,  H. Dachsel,  
 R. J. Doerksen,  A. D. Dutoi,  R. G. Edgar,  J. Fosso-Tande,  
 L. Fusti-Molnar,  D. Ghosh,  A. Ghysels,  A. Golubeva-Zadorozhnaya,  
 J. Gonthier,  M. S. Gordon,  S. R. Gwaltney,  G. Hawkins,  J. E. Herr,  
 A. Heyden,  S. Hirata,  E. G. Hohenstein,  G. Kedziora,  F. J. Keil,  
 C. Kelley,  Jihan Kim,  R. A. King,  R. Z. Khaliullin,  P. P. Korambath,  
 W. Kurlancheek,  A. Laurent,  A. M. Lee,  M. S. Lee,  S. V. Levchenko,  
 Ching Yeh Lin,  D. Liotard,  E. Livshits,  R. C. Lochan,  I. Lotan,  
 L. A. Martinez-Martinez,  P. E. Maslen,  N. Nair,  D. P. O'Neill,  
 D. Neuhauser,  E. Neuscamman,  C. M. Oana,  R. Olivares-Amaya,  R. Olson,  
 T. M. Perrine,  B. Peters,  P. A. Pieniazek,  A. Prociuk,  Y. M. Rhee,  
 J. Ritchie,  M. A. Rohrdanz,  E. Rosta,  N. J. Russ,  H. F. Schaefer III,  
 M. W. Schmidt,  N. E. Schultz,  S. Sharma,  N. Shenvi,  C. D. Sherrill,  
 A. C. Simmonett,  A. Sodt,  T. Stein,  D. Stuck,  K. S. Thanthiriwatte,  
 V. Vanovschi,  L. Vogt,  Tao Wang,  A. Warshel,  M. A. Watson,  
 C. F. Williams,  Q. Wu,  X. Xu,  Jun Yang,  W. Zhang,  Yan Zhao

   Please cite Q-Chem as follows:
  "Software for the frontiers of quantum chemistry:
   An overview of developments in the Q-Chem 5 package"
   J. Chem. Phys. 155, 084801 (2021)
   https://doi.org/10.1063/5.0055522 (open access)

 Q-Chem 6.1.1 for Intel X86 EM64T Linux

 Parts of Q-Chem use Armadillo 9.900.5 (Nocturnal Misbehaviour).
 http://arma.sourceforge.net/

 Q-Chem begins on Wed Jul  3 14:39:14 2024  

 Host: p0194.ten.osc.edu
0

     Scratch files written to /tmp/slurmtmp.29694903/qchem167414//
 Processing $rem in /users/PAS0291/aniketmandal95/qctrunk2/config/preferences:
 Processing $rem in /users/PAS0291/aniketmandal95/.qchemrc:

 Checking the input file for inconsistencies... 	...done.

--------------------------------------------------------------
User input:
--------------------------------------------------------------
$molecule
0 2
  P   -2.6640174    1.8554498    0.0000000
$end

$rem 
method = pbe
max_scf_cycles 200
basis = def2-tzvpd
$end

--------------------------------------------------------------
 ----------------------------------------------------------------
             Standard Nuclear Orientation (Angstroms)
    I     Atom           X                Y                Z
 ----------------------------------------------------------------
    1      P       0.0000000000     0.0000000000     0.0000000000
 ----------------------------------------------------------------
 Molecular Point Group                 Kh    NOp =***
 Largest Abelian Subgroup              D2h   NOp =  1
 Nuclear Repulsion Energy =           0.00000000 hartrees
 There are        8 alpha and        7 beta electrons
 Requested basis set is def2-TZVPD
 There are 15 shells and 43 basis functions

 Total QAlloc Memory Limit   2000 MB
 Mega-Array Size       188 MB
 MEM_STATIC part       192 MB

 A cutoff of  1.0D-09 yielded    120 shell pairs
 There are      1012 function pairs (      1330 Cartesian)
 Smallest overlap matrix eigenvalue = 2.64E-02

 Scale SEOQF with 1.000000e-01/1.000000e-01/1.000000e-01

 Standard Electronic Orientation quadrupole field applied
 Guess from superposition of atomic densities
 Warning:  Energy on first SCF cycle will be non-variational
 SAD guess density has 15.000000 electrons

 -----------------------------------------------------------------------
  General SCF calculation program by
  Eric Jon Sundstrom, Paul Horn, Yuezhi Mao, Dmitri Zuev, Alec White,
  David Stuck, Shaama M.S., Shane Yost, Joonho Lee, David Small,
  Daniel Levine, Susi Lehtola, Hugh Burton, Evgeny Epifanovsky,
  Bang C. Huynh
 -----------------------------------------------------------------------
 Exchange:  PBE      Correlation:  PBE
 Using SG-1 standard quadrature grid
 using 10 threads for integral computing
 -------------------------------------------------------
 OpenMP Integral computing Module                
 Release: version 1.0, May 2013, Q-Chem Inc. Pittsburgh 
 -------------------------------------------------------
 A unrestricted SCF calculation will be
 performed using DIIS
 SCF converges when DIIS error is below 1.0e-05
 ---------------------------------------
  Cycle       Energy         DIIS error
 ---------------------------------------
    1    -341.0264316516      7.00e-03  
    2    -341.0310943247      1.75e-03  
    3    -341.0254404356      2.79e-03  
    4    -341.0316835963      1.69e-03  
    5    -341.0272114019      2.53e-03  
    6    -341.0274569862      2.48e-03  
    7    -341.0271349561      2.53e-03  
    8    -341.0315943595      1.71e-03  
    9    -341.0264282981      2.64e-03  
   10    -341.0263938277      2.65e-03  
   11    -341.0264651159      2.64e-03  
   12    -341.0265034094      2.63e-03  
   13    -341.0325353486      1.51e-03  
   14    -341.0395097330      1.51e-03  
   15    -341.0394734867      1.51e-03  
   16    -341.0397044539      1.52e-03  
   17    -341.0334766528      1.69e-03  
   18    -341.0392461794      1.49e-03  
   19    -341.0469689063      1.53e-03  
   20    -341.0233951244      3.06e-03  
   21    -341.0237740237      3.01e-03  
   22    -341.0262922852      2.66e-03  
   23    -341.0257293322      2.74e-03  
   24    -341.0304462911      1.96e-03  
   25    -341.0315042817      2.04e-03  
   26    -341.0312767938      2.07e-03  
   27    -341.0300307223      2.18e-03  
   28    -341.0303599863      2.12e-03  
   29    -341.0531965199      1.60e-03  
   30    -341.0511550538      1.59e-03  
   31    -341.0423419936      1.65e-03  
   32    -341.0732474882      1.34e-03  
   33    -341.0382005275      1.56e-03  
   34    -341.0619623884      1.52e-03  
   35    -341.0319885771      1.90e-03  
   36    -341.0538244883      1.63e-03  
   37    -341.0353601072      2.10e-03  
   38    -341.0372563752      2.01e-03  
   39    -341.0283844537      2.79e-03  
   40    -341.0290524789      2.50e-03  
   41    -341.0281683427      2.42e-03  
   42    -341.0266445080      2.62e-03  
   43    -341.0366323877      1.80e-03  
   44    -341.0328416503      2.07e-03  
   45    -341.0273918614      2.62e-03  
   46    -341.0575551657      1.56e-03  
   47    -341.0750486706      1.34e-03  
   48    -341.0434772147      1.60e-03  
   49    -341.0330398680      1.81e-03  
   50    -341.0648465794      1.49e-03  
   51    -341.0594578116      1.57e-03  
   52    -341.0729746705      1.28e-03  
   53    -341.0338136772      2.67e-03  
   54    -341.0258181954      3.17e-03  
   55    -341.0325158114      2.54e-03  
   56    -341.0405851981      2.06e-03  
   57    -341.0255249700      2.98e-03  
   58    -341.0409480269      2.09e-03  
   59    -341.0440052869      2.14e-03  
   60    -341.0385833721      2.09e-03  
   61    -341.0596294084      1.58e-03  
   62    -341.0499845904      1.72e-03  
   63    -341.0540065601      1.71e-03  
   64    -341.0545992007      1.70e-03  
   65    -341.0750782995      1.32e-03  
   66    -341.0608454945      1.64e-03  
   67    -341.0293863315      2.22e-03  
   68    -341.0339830435      1.94e-03  
   69    -341.0321349600      1.68e-03  
   70    -341.0308536627      1.87e-03  
   71    -341.0311721440      1.80e-03  
   72    -341.0748066485      1.41e-03  
   73    -341.0420542780      2.35e-03  
   74    -341.0527110111      1.91e-03  
   75    -341.0473313032      2.07e-03  
   76    -341.0395583829      2.71e-03  
   77    -341.0398474893      2.36e-03  
   78    -341.0290759803      2.27e-03  
   79    -341.0294174548      2.19e-03  
   80    -341.0301772725      2.16e-03  
   81    -341.0296245175      2.23e-03  
   82    -341.0757432958      1.22e-03  
   83    -341.0555018167      1.68e-03  
   84    -341.0392059814      1.65e-03  
   85    -341.0624504932      1.61e-03  
   86    -341.0303895173      2.05e-03  
   87    -341.0332214790      1.70e-03  
   88    -341.0359023855      1.71e-03  
   89    -341.0316310035      1.85e-03  
   90    -341.0312480465      1.89e-03  
   91    -341.0379907559      1.88e-03  
   92    -341.0316004348      2.13e-03  
   93    -341.0293048765      2.17e-03  
   94    -341.0753787438      1.25e-03  
   95    -341.0442338211      1.88e-03  
   96    -341.0408833105      2.02e-03  
   97    -341.0421920935      1.90e-03  
   98    -341.0405183236      1.93e-03  
   99    -341.0529315873      1.73e-03  
  100    -341.0453368699      1.97e-03  
  101    -341.0552214407      1.70e-03  
  102    -341.0487117211      1.80e-03  
  103    -341.0501009714      1.77e-03  
  104    -341.0369860725      2.11e-03  
  105    -341.0762608701      1.13e-03  
  106    -341.0762312513      1.14e-03  
  107    -341.0758114314      1.12e-03  
  108    -341.0745871776      1.20e-03  
  109    -341.0776184899      7.65e-04  
  110    -341.0781140679      5.38e-04  
  111    -341.0783889713      4.57e-04  
  112    -341.0788717119      2.66e-04  
  113    -341.0791052363      3.63e-05  
  114    -341.0791080868      1.82e-05  
  115    -341.0791091081      3.25e-06  Convergence criterion met
 ---------------------------------------
 SCF time:   CPU 97.25s  wall 11.00s 
<S^2> =          1.763072498
 SCF   energy =  -341.07910911
 Total energy =  -341.07910911

 Q-Chem warning in module 0, line  204:

 Quadrupole field failed to resolve orbital degeneracies.

 
 --------------------------------------------------------------
 
                    Orbital Energies (a.u.)
 --------------------------------------------------------------
 
 Alpha MOs
 -- Occupied --
-76.3491  -6.3458  -4.5656  -4.5647  -4.5564  -0.5131  -0.2223  -0.2223
 -- Virtual --
 -0.1683   0.0187   0.0846   0.0846   0.0997   0.0997   0.1123   0.2000
  0.2000   0.2280   0.3464   0.3464   0.3750   0.3750   0.3965   0.4840
  1.2239   1.2239   1.2499   1.2501   1.2534   1.2534   1.2757   1.2759
  1.2804   1.2804   1.2918   1.2940   1.3777   1.3778   1.4222   7.0078
  7.0088   7.0341  12.8904
 
 Beta MOs
 -- Occupied --
-76.3453  -6.3420  -4.5628  -4.5546  -4.5537  -0.4797  -0.2117
 -- Virtual --
 -0.1534  -0.1534   0.0305   0.1031   0.1031   0.1058   0.1272   0.1272
  0.2055   0.2383   0.2384   0.3789   0.3793   0.3793   0.4216   0.4216
  0.5041   1.2692   1.2745   1.2755   1.2756   1.2775   1.2777   1.2906
  1.2906   1.3101   1.3103   1.3387   1.3387   1.3861   1.4320   1.4321
  7.0132   7.0399   7.0410  12.9007
 --------------------------------------------------------------
 
          Ground-State Mulliken Net Atomic Charges

     Atom                 Charge (a.u.)    Spin (a.u.)
  --------------------------------------------------------
      1 P                    -0.000000       1.000000
  --------------------------------------------------------
  Sum of atomic charges =    -0.000000
  Sum of spin   charges =     1.000000

 -----------------------------------------------------------------
                    Cartesian Multipole Moments
 -----------------------------------------------------------------
    Charge (ESU x 10^10)
                 0.0000
    Dipole Moment (Debye)
         X      -0.0000      Y      -0.0000      Z       0.0000
       Tot       0.0000
    Quadrupole Moments (Debye-Ang)
        XX     -13.5291     XY       0.0000     YY     -13.5724
        XZ       0.0000     YZ      -0.0358     ZZ     -13.5598
    Octopole Moments (Debye-Ang^2)
       XXX      -0.0000    XXY      -0.0000    XYY      -0.0000
       YYY      -0.0000    XXZ       0.0000    XYZ      -0.0000
       YYZ       0.0000    XZZ      -0.0000    YZZ       0.0000
       ZZZ       0.0000
    Hexadecapole Moments (Debye-Ang^3)
      XXXX     -21.6586   XXXY       0.0000   XXYY      -7.2240
      XYYY       0.0000   YYYY     -21.8081   XXXZ       0.0000
      XXYZ      -0.0033   XYYZ       0.0000   YYYZ      -0.1130
      XXZZ      -7.2228   XYZZ       0.0000   YYZZ      -7.3138
      XZZZ       0.0000   YZZZ      -0.0824   ZZZZ     -21.7392
 -----------------------------------------------------------------

 STANDARD THERMODYNAMIC QUANTITIES AT   298.15 K  AND     1.00 ATM

   Translational Enthalpy:        0.889 kcal/mol
   Rotational Enthalpy:           0.000 kcal/mol
   Vibrational Enthalpy:          0.000 kcal/mol
   gas constant (RT):             0.592 kcal/mol
   Translational Entropy:        36.224  cal/mol.K
   Rotational Entropy:            0.000  cal/mol.K
   Vibrational Entropy:           0.000  cal/mol.K

   Total Enthalpy:                1.481 kcal/mol
   Total Entropy:                36.224  cal/mol.K

 -----------------------------------------------------------------

 Total job time:  10.57s(wall), 99.28s(cpu) 
 Wed Jul  3 14:39:25 2024

        *************************************************************
        *                                                           *
        *  Thank you very much for using Q-Chem.  Have a nice day.  *
        *                                                           *
        *************************************************************


